Component: ARM Compiler 5.05 update 1 (build 106) Tool: armlink [4d0efa]

==============================================================================

Section Cross References

    system_stm32f4xx.o(.text) refers to system_stm32f4xx.o(.data) for SystemCoreClock
    main.o(.text) refers to usart2.o(.text) for USART_OUT
    main.o(.text) refers to delay.o(.text) for delay_ms
    main.o(.text) refers to dbus.o(i.OpenBox) for OpenBox
    main.o(.text) refers to c89vsprintf.o(.text) for __c89vsprintf
    main.o(.text) refers to strlen.o(.text) for strlen
    main.o(.text) refers to dflt_clz.o(x$fpl$dfltu) for __aeabi_ui2d
    main.o(.text) refers to ddiv.o(x$fpl$ddiv) for __aeabi_ddiv
    main.o(.text) refers to dleqf.o(x$fpl$dleqf) for __aeabi_cdcmple
    main.o(.text) refers to rt_memclr.o(.text) for __aeabi_memclr
    main.o(.text) refers to usart6.o(.text) for u6_printf
    main.o(.text) refers to dbus.o(i.Heart) for Heart
    main.o(.text) refers to cpu_core.o(.text) for CPU_Init
    main.o(.text) refers to os_stat.o(.text) for OSStatTaskCPUUsageInit
    main.o(.text) refers to os_core.o(.text) for OSSchedRoundRobinCfg
    main.o(.text) refers to cpu_a.o(.text) for CPU_SR_Save
    main.o(.text) refers to os_task.o(.text) for OSTaskCreate
    main.o(.text) refers to misc.o(.text) for NVIC_PriorityGroupConfig
    main.o(.text) refers to usart.o(.text) for usart1_init
    main.o(.text) refers to io.o(.text) for IO_Init
    main.o(.text) refers to led.o(.text) for LED_Init
    main.o(.text) refers to beep.o(.text) for BEEP_Init
    main.o(.text) refers to usart3.o(.text) for usart3_init
    main.o(.text) refers to timer.o(.text) for TIM3_Int_Init
    main.o(.text) refers to adc.o(.text) for Adc_Init
    main.o(.text) refers to w25qxx.o(.text) for W25QXX_Init
    main.o(.text) refers to dbus.o(i.Dbus_Init) for Dbus_Init
    main.o(.text) refers to dbus.o(i.OutPut_interrupt) for OutPut_interrupt
    main.o(.text) refers to dbus.o(i.Delay_interrupt) for Delay_interrupt
    main.o(.text) refers to dbus.o(.data) for DBUS_RECIVE_LEN
    main.o(.text) refers to dbus.o(.bss) for DBUS_RECIVE_BUF
    main.o(.text) refers to usart6.o(.bss) for USART6_TX_BUF
    main.o(.text) refers to main.o(.data) for HOST_PORT
    main.o(.text) refers to os_var.o(.data) for OSSchedLockNestingCtr
    main.o(.text) refers to main.o(.bss) for TASK1_TASK_STK
    main.o(.data) refers to main.o(.conststring) for .conststring
    io.o(.text) refers to stm32f4xx_rcc.o(.text) for RCC_AHB1PeriphClockCmd
    io.o(.text) refers to stm32f4xx_gpio.o(.text) for GPIO_Init
    led.o(.text) refers to stm32f4xx_rcc.o(.text) for RCC_AHB1PeriphClockCmd
    led.o(.text) refers to stm32f4xx_gpio.o(.text) for GPIO_Init
    beep.o(.text) refers to stm32f4xx_rcc.o(.text) for RCC_AHB1PeriphClockCmd
    beep.o(.text) refers to stm32f4xx_gpio.o(.text) for GPIO_Init
    timer.o(.text) refers to stm32f4xx_tim.o(.text) for TIM_GetITStatus
    timer.o(.text) refers to stm32f4xx_usart.o(.text) for USART_ITConfig
    timer.o(.text) refers to modus.o(.text) for AnalyzeRecieve
    timer.o(.text) refers to stm32f4xx_rcc.o(.text) for RCC_APB1PeriphClockCmd
    timer.o(.text) refers to misc.o(.text) for NVIC_Init
    timer.o(.text) refers to modus.o(.data) for Reciver_bit
    timer.o(.text) refers to usart2.o(.bss) for USART2_RX_BUF
    timer.o(.text) refers to usart2.o(.data) for RxCounter2
    usart3.o(.text) refers to stm32f4xx_usart.o(.text) for USART_ReceiveData
    usart3.o(.text) refers to stm32f4xx_rcc.o(.text) for RCC_AHB1PeriphClockCmd
    usart3.o(.text) refers to stm32f4xx_gpio.o(.text) for GPIO_PinAFConfig
    usart3.o(.text) refers to misc.o(.text) for NVIC_Init
    usart3.o(.text) refers to c89vsprintf.o(.text) for __c89vsprintf
    usart3.o(.text) refers to strlen.o(.text) for strlen
    usart3.o(.text) refers to usart3.o(.data) for RxCounter3
    usart3.o(.text) refers to usart3.o(.bss) for USART3_RX_BUF
    usart2.o(.text) refers to stm32f4xx_usart.o(.text) for USART_ReceiveData
    usart2.o(.text) refers to stm32f4xx_rcc.o(.text) for RCC_AHB1PeriphClockCmd
    usart2.o(.text) refers to stm32f4xx_gpio.o(.text) for GPIO_PinAFConfig
    usart2.o(.text) refers to misc.o(.text) for NVIC_Init
    usart2.o(.text) refers to c89vsprintf.o(.text) for __c89vsprintf
    usart2.o(.text) refers to strlen.o(.text) for strlen
    usart2.o(.text) refers to modus.o(.data) for comm_END
    usart2.o(.text) refers to usart2.o(.data) for RxCounter2
    usart2.o(.text) refers to usart2.o(.bss) for USART2_RX_BUF
    modus.o(.text) refers to usart2.o(.text) for USART_OUT
    modus.o(.text) refers to usart2.o(.bss) for USART2_TX_BUF
    modus.o(.text) refers to usart2.o(.data) for TxCounter2
    modus.o(.text) refers to modus.o(.bss) for PLC_OutPut
    usart6.o(.text) refers to stm32f4xx_usart.o(.text) for USART_GetITStatus
    usart6.o(.text) refers to dbus.o(i.InPut) for InPut
    usart6.o(.text) refers to stm32f4xx_rcc.o(.text) for RCC_AHB1PeriphClockCmd
[...]
    Mem_SegGetSizeRem                        0x08004d63   Thumb Code   108  lib_mem.o(.text)
    Mem_HeapGetSizeRem                       0x08004dcf   Thumb Code    22  lib_mem.o(.text)
    Mem_PoolClr                              0x08004de5   Thumb Code    80  lib_mem.o(.text)
    Mem_PoolCreate                           0x08004e35   Thumb Code   838  lib_mem.o(.text)
    Mem_PoolBlkGetNbrAvail                   0x0800517b   Thumb Code    52  lib_mem.o(.text)
    Mem_PoolBlkGet                           0x080051af   Thumb Code   126  lib_mem.o(.text)
    Mem_PoolBlkGetUsedAtIx                   0x0800522d   Thumb Code   140  lib_mem.o(.text)
    Mem_PoolBlkFree                          0x080052b9   Thumb Code   152  lib_mem.o(.text)
    Mem_PoolBlkIxGet                         0x08005351   Thumb Code   162  lib_mem.o(.text)
    Str_Len_N                                0x080053f5   Thumb Code    28  lib_str.o(.text)
    Str_Len                                  0x08005411   Thumb Code    20  lib_str.o(.text)
    Str_Copy_N                               0x08005425   Thumb Code    70  lib_str.o(.text)
    Str_Copy                                 0x0800546b   Thumb Code    24  lib_str.o(.text)
    Str_Cat_N                                0x08005483   Thumb Code    90  lib_str.o(.text)
    Str_Cat                                  0x080054dd   Thumb Code    24  lib_str.o(.text)
    Str_Cmp_N                                0x080054f5   Thumb Code   156  lib_str.o(.text)
    Str_Cmp                                  0x08005591   Thumb Code    24  lib_str.o(.text)
    Str_CmpIgnoreCase_N                      0x080055a9   Thumb Code   264  lib_str.o(.text)
    Str_CmpIgnoreCase                        0x080056b1   Thumb Code    24  lib_str.o(.text)
    Str_Char_N                               0x080056c9   Thumb Code    74  lib_str.o(.text)
    Str_Char                                 0x08005713   Thumb Code    24  lib_str.o(.text)
    Str_Char_Last_N                          0x0800572b   Thumb Code    76  lib_str.o(.text)
    Str_Char_Last                            0x08005777   Thumb Code    24  lib_str.o(.text)
    Str_Char_Replace_N                       0x0800578f   Thumb Code    52  lib_str.o(.text)
    Str_Char_Replace                         0x080057c3   Thumb Code    28  lib_str.o(.text)
    Str_Str_N                                0x080057df   Thumb Code   182  lib_str.o(.text)
    Str_Str                                  0x08005895   Thumb Code    24  lib_str.o(.text)
    Str_FmtNbr_Int32U                        0x08005a89   Thumb Code    46  lib_str.o(.text)
    Str_FmtNbr_Int32S                        0x08005ab7   Thumb Code    62  lib_str.o(.text)
    Str_ParseNbr_Int32U                      0x08005cb3   Thumb Code    30  lib_str.o(.text)
    Str_ParseNbr_Int32S                      0x08005cd1   Thumb Code    74  lib_str.o(.text)
    Mem_Copy                                 0x08005d21   Thumb Code     0  lib_mem_a.o(.text)
    OSCfg_Init                               0x08005f41   Thumb Code    86  os_cfg_app.o(.text)
    OS_IdleTask                              0x0800603d   Thumb Code    60  os_core.o(.text)
    OS_IdleTaskInit                          0x08006079   Thumb Code    68  os_core.o(.text)
    OS_RdyListInit                           0x080060bd   Thumb Code    32  os_core.o(.text)
    OSInit                                   0x080060dd   Thumb Code   300  os_core.o(.text)
    OSIntEnter                               0x08006209   Thumb Code    34  os_core.o(.text)
    OSIntExit                                0x0800622b   Thumb Code   188  os_core.o(.text)
    OSSched                                  0x080062e7   Thumb Code   130  os_core.o(.text)
    OS_SchedLockTimeMeasStart                0x08006369   Thumb Code    20  os_core.o(.text)
    OSSchedLock                              0x0800637d   Thumb Code   104  os_core.o(.text)
    OS_SchedLockTimeMeasStop                 0x080063e5   Thumb Code    44  os_core.o(.text)
    OSSchedUnlock                            0x08006411   Thumb Code   286  os_core.o(.text)
    OSSchedRoundRobinCfg                     0x0800652f   Thumb Code    88  os_core.o(.text)
    OS_RdyListMoveHeadToTail                 0x08006587   Thumb Code    68  os_core.o(.text)
    OSSchedRoundRobinYield                   0x080065cb   Thumb Code   164  os_core.o(.text)
    OSStart                                  0x0800666f   Thumb Code    78  os_core.o(.text)
    OSVersion                                0x080066bd   Thumb Code    12  os_core.o(.text)
    OS_PendDbgNameAdd                        0x080066c9   Thumb Code    66  os_core.o(.text)
    OS_PendListInsertPrio                    0x0800670b   Thumb Code   102  os_core.o(.text)
    OS_PendDataInit                          0x08006771   Thumb Code    38  os_core.o(.text)
    OS_RdyListRemove                         0x08006797   Thumb Code    86  os_core.o(.text)
    OS_TaskBlock                             0x080067ed   Thumb Code    56  os_core.o(.text)
    OS_Pend                                  0x08006825   Thumb Code    98  os_core.o(.text)
    OS_PendListRemove1                       0x08006887   Thumb Code   136  os_core.o(.text)
    OS_PendListRemove                        0x0800690f   Thumb Code    48  os_core.o(.text)
    OS_PendAbort1                            0x0800693f   Thumb Code    36  os_core.o(.text)
    OS_RdyListInsertHead                     0x08006963   Thumb Code    58  os_core.o(.text)
    OS_RdyListInsertTail                     0x0800699d   Thumb Code    56  os_core.o(.text)
    OS_RdyListInsert                         0x080069d5   Thumb Code    40  os_core.o(.text)
    OS_TaskRdy                               0x080069fd   Thumb Code    28  os_core.o(.text)
    OS_PendAbort                             0x08006a19   Thumb Code   166  os_core.o(.text)
    OS_PendDbgNameRemove                     0x08006abf   Thumb Code    34  os_core.o(.text)
    OS_PendListChangePrio                    0x08006ae1   Thumb Code    70  os_core.o(.text)
    OS_PendListInit                          0x08006b27   Thumb Code    10  os_core.o(.text)
    OS_PendListInsertHead                    0x08006b31   Thumb Code    32  os_core.o(.text)
    OS_PendObjDel1                           0x08006b51   Thumb Code    36  os_core.o(.text)
    OS_PendObjDel                            0x08006b75   Thumb Code   162  os_core.o(.text)
    OS_Post1                                 0x08006c17   Thumb Code    42  os_core.o(.text)
    OS_Post                                  0x08006c41   Thumb Code   192  os_core.o(.text)
    OS_Sched0                                0x08006d01   Thumb Code    68  os_core.o(.text)
    OS_SchedRoundRobin                       0x08006d45   Thumb Code   218  os_core.o(.text)
    OS_Dbg_Init                              0x08006e2d   Thumb Code   146  os_dbg.o(.text)
    OS_FlagDbgListAdd                        0x08006fdd   Thumb Code    38  os_flag.o(.text)
    OSFlagCreate                             0x08007003   Thumb Code   172  os_flag.o(.text)
    OS_FlagClr                               0x080070af   Thumb Code    28  os_flag.o(.text)
    OS_FlagDbgListRemove                     0x080070cb   Thumb Code    44  os_flag.o(.text)
    OSFlagDel                                0x080070f7   Thumb Code   594  os_flag.o(.text)
    OS_FlagBlock                             0x08007349   Thumb Code    58  os_flag.o(.text)
    OSFlagPend                               0x08007383   Thumb Code  1488  os_flag.o(.text)
    OSFlagPendAbort                          0x08007953   Thumb Code   292  os_flag.o(.text)
    OSFlagPendGetFlagsRdy                    0x08007a77   Thumb Code    68  os_flag.o(.text)
    OS_FlagTaskRdy                           0x08007abb   Thumb Code    86  os_flag.o(.text)
    OS_FlagPost                              0x08007b11   Thumb Code   570  os_flag.o(.text)
    OSFlagPost                               0x08007d4b   Thumb Code   146  os_flag.o(.text)
    OS_FlagInit                              0x08007ddd   Thumb Code    14  os_flag.o(.text)
    OS_IntQPost                              0x08007e05   Thumb Code   216  os_int.o(.text)
    OS_IntQRePost                            0x08007edd   Thumb Code   360  os_int.o(.text)
    OS_IntQTask                              0x08008045   Thumb Code   162  os_int.o(.text)
    OS_IntQTaskInit                          0x080080e7   Thumb Code   208  os_int.o(.text)
    OS_MemDbgListAdd                         0x08008249   Thumb Code    34  os_mem.o(.text)
    OSMemCreate                              0x0800826b   Thumb Code   288  os_mem.o(.text)
    OSMemGet                                 0x0800838b   Thumb Code   100  os_mem.o(.text)
    OSMemPut                                 0x080083ef   Thumb Code   112  os_mem.o(.text)
    OS_MemInit                               0x0800845f   Thumb Code    14  os_mem.o(.text)
    OS_MsgPoolCreate                         0x08008481   Thumb Code    54  os_msg.o(.text)
    OS_MsgPoolInit                           0x080084b7   Thumb Code    70  os_msg.o(.text)
    OS_MsgQFreeAll                           0x080084fd   Thumb Code    62  os_msg.o(.text)
    OS_MsgQInit                              0x0800853b   Thumb Code    14  os_msg.o(.text)
    OS_MsgQGet                               0x08008549   Thumb Code    98  os_msg.o(.text)
    OS_MsgQPut                               0x080085ab   Thumb Code   246  os_msg.o(.text)
    OS_MutexDbgListAdd                       0x080086ad   Thumb Code    38  os_mutex.o(.text)
    OSMutexCreate                            0x080086d3   Thumb Code   178  os_mutex.o(.text)
    OS_MutexClr                              0x08008785   Thumb Code    38  os_mutex.o(.text)
    OS_MutexDbgListRemove                    0x080087ab   Thumb Code    44  os_mutex.o(.text)
    OSMutexDel                               0x080087d7   Thumb Code   842  os_mutex.o(.text)
    OSMutexPend                              0x08008b21   Thumb Code   706  os_mutex.o(.text)
    OSMutexPendAbort                         0x08008de3   Thumb Code   314  os_mutex.o(.text)
    OSMutexPost                              0x08008f1d   Thumb Code   564  os_mutex.o(.text)
    OS_MutexInit                             0x08009151   Thumb Code    14  os_mutex.o(.text)
    OS_PrioInit                              0x08009181   Thumb Code    20  os_prio.o(.text)
    OS_PrioGetHighest                        0x08009195   Thumb Code    36  os_prio.o(.text)
    OS_PrioInsert                            0x080091b9   Thumb Code    32  os_prio.o(.text)
    OS_PrioRemove                            0x080091d9   Thumb Code    32  os_prio.o(.text)
    OS_QDbgListAdd                           0x080091fd   Thumb Code    38  os_q.o(.text)
    OSQCreate                                0x08009223   Thumb Code   186  os_q.o(.text)
    OS_QClr                                  0x080092dd   Thumb Code    40  os_q.o(.text)
    OS_QDbgListRemove                        0x08009305   Thumb Code    44  os_q.o(.text)
    OSQDel                                   0x08009331   Thumb Code   362  os_q.o(.text)
    OSQFlush                                 0x0800949b   Thumb Code   210  os_q.o(.text)
    OSQPend                                  0x0800956d   Thumb Code   538  os_q.o(.text)
    OSQPendAbort                             0x08009787   Thumb Code   292  os_q.o(.text)
    OS_QPost                                 0x080098ab   Thumb Code   324  os_q.o(.text)
    OSQPost                                  0x080099ef   Thumb Code   198  os_q.o(.text)
    OS_QInit                                 0x08009ab5   Thumb Code    14  os_q.o(.text)
    OS_SemDbgListAdd                         0x08009ad5   Thumb Code    38  os_sem.o(.text)
    OSSemCreate                              0x08009afb   Thumb Code   172  os_sem.o(.text)
    OS_SemClr                                0x08009ba7   Thumb Code    28  os_sem.o(.text)
    OS_SemDbgListRemove                      0x08009bc3   Thumb Code    44  os_sem.o(.text)
    OSSemDel                                 0x08009bef   Thumb Code   362  os_sem.o(.text)
    OSSemPend                                0x08009d59   Thumb Code   504  os_sem.o(.text)
    OSSemPendAbort                           0x08009f51   Thumb Code   292  os_sem.o(.text)
    OS_SemPost                               0x0800a075   Thumb Code   350  os_sem.o(.text)
    OSSemPost                                0x0800a1d3   Thumb Code   144  os_sem.o(.text)
    OSSemSet                                 0x0800a263   Thumb Code   138  os_sem.o(.text)
    OS_SemInit                               0x0800a2ed   Thumb Code    14  os_sem.o(.text)
    OSStatReset                              0x0800a305   Thumb Code   270  os_stat.o(.text)
    OSStatTaskCPUUsageInit                   0x0800a413   Thumb Code   212  os_stat.o(.text)
    OS_StatTask                              0x0800a4e7   Thumb Code   888  os_stat.o(.text)
    OS_StatTaskInit                          0x0800a85f   Thumb Code   138  os_stat.o(.text)
    OSTaskChangePrio                         0x0800a93d   Thumb Code   416  os_task.o(.text)
    OS_TaskDbgListAdd                        0x0800aadd   Thumb Code    42  os_task.o(.text)
    OS_TaskInitTCB                           0x0800ab07   Thumb Code   186  os_task.o(.text)
    OSTaskCreate                             0x0800abc1   Thumb Code   616  os_task.o(.text)
    OS_TaskDbgListRemove                     0x0800ae29   Thumb Code    64  os_task.o(.text)
    OSTaskDel                                0x0800ae69   Thumb Code   424  os_task.o(.text)
    OSTaskQFlush                             0x0800b011   Thumb Code   214  os_task.o(.text)
    OSTaskQPend                              0x0800b0e7   Thumb Code   554  os_task.o(.text)
    OSTaskQPendAbort                         0x0800b311   Thumb Code   242  os_task.o(.text)
    OS_TaskQPost                             0x0800b403   Thumb Code   526  os_task.o(.text)
    OSTaskQPost                              0x0800b611   Thumb Code   114  os_task.o(.text)
    OSTaskRegGet                             0x0800b683   Thumb Code    78  os_task.o(.text)
    OSTaskRegGetID                           0x0800b6d1   Thumb Code    84  os_task.o(.text)
    OSTaskRegSet                             0x0800b725   Thumb Code    78  os_task.o(.text)
    OS_TaskResume                            0x0800b773   Thumb Code   314  os_task.o(.text)
    OSTaskResume                             0x0800b8ad   Thumb Code   112  os_task.o(.text)
    OSTaskSemPend                            0x0800b91d   Thumb Code   550  os_task.o(.text)
    OSTaskSemPendAbort                       0x0800bb43   Thumb Code   270  os_task.o(.text)
    OS_TaskSemPost                           0x0800bc51   Thumb Code  1224  os_task.o(.text)
    OSTaskSemPost                            0x0800c119   Thumb Code    98  os_task.o(.text)
    OSTaskSemSet                             0x0800c17b   Thumb Code    80  os_task.o(.text)
    OSTaskStkChk                             0x0800c1cb   Thumb Code   224  os_task.o(.text)
    OS_TaskSuspend                           0x0800c2ab   Thumb Code   328  os_task.o(.text)
    OSTaskSuspend                            0x0800c3f3   Thumb Code    78  os_task.o(.text)
    OSTaskTimeQuantaSet                      0x0800c441   Thumb Code    96  os_task.o(.text)
    OS_TaskInit                              0x0800c4a1   Thumb Code    18  os_task.o(.text)
    OS_TaskReturn                            0x0800c4b3   Thumb Code    20  os_task.o(.text)
    OS_TickListRemove                        0x0800c4f1   Thumb Code    56  os_tick.o(.text)
    OS_TickListUpdate                        0x0800c529   Thumb Code   480  os_tick.o(.text)
    OS_TickTask                              0x0800c709   Thumb Code    38  os_tick.o(.text)
    OS_TickListInit                          0x0800c72f   Thumb Code    32  os_tick.o(.text)
    OS_TickTaskInit                          0x0800c74f   Thumb Code   130  os_tick.o(.text)
    OS_TickListInsert                        0x0800c7d1   Thumb Code   502  os_tick.o(.text)
    OS_TickListResetPeak                     0x0800c9c7   Thumb Code    28  os_tick.o(.text)
    OSTimeDly                                0x0800c9ed   Thumb Code   266  os_time.o(.text)
    OSTimeDlyHMSM                            0x0800caf7   Thumb Code   480  os_time.o(.text)
    OSTimeDlyResume                          0x0800ccd7   Thumb Code   466  os_time.o(.text)
    OSTimeGet                                0x0800cea9   Thumb Code    46  os_time.o(.text)
    OSTimeSet                                0x0800ced7   Thumb Code    46  os_time.o(.text)
    OSTimeTick                               0x0800cf05   Thumb Code    54  os_time.o(.text)
    OS_TmrDbgListAdd                         0x0800cf51   Thumb Code    34  os_tmr.o(.text)
    OSTmrCreate                              0x0800cf73   Thumb Code   248  os_tmr.o(.text)
    OS_TmrClr                                0x0800d06b   Thumb Code    36  os_tmr.o(.text)
    OS_TmrUnlink                             0x0800d08f   Thumb Code    72  os_tmr.o(.text)
    OS_TmrDbgListRemove                      0x0800d0d7   Thumb Code    44  os_tmr.o(.text)
    OSTmrDel                                 0x0800d103   Thumb Code   176  os_tmr.o(.text)
    OSTmrRemainGet                           0x0800d1b3   Thumb Code   184  os_tmr.o(.text)
    OS_TmrLink                               0x0800d26b   Thumb Code   196  os_tmr.o(.text)
    OSTmrStart                               0x0800d32f   Thumb Code   210  os_tmr.o(.text)
    OSTmrStateGet                            0x0800d401   Thumb Code   134  os_tmr.o(.text)
    OSTmrStop                                0x0800d487   Thumb Code   232  os_tmr.o(.text)
    OS_TmrTask                               0x0800d56f   Thumb Code   176  os_tmr.o(.text)
    OS_TmrInit                               0x0800d61f   Thumb Code   208  os_tmr.o(.text)
    OS_TmrResetPeak                          0x0800d6ef   Thumb Code    28  os_tmr.o(.text)
    OSIdleTaskHook                           0x0800d769   Thumb Code    16  os_cpu_c.o(.text)
    OSInitHook                               0x0800d779   Thumb Code    28  os_cpu_c.o(.text)
    OSStatTaskHook                           0x0800d795   Thumb Code    16  os_cpu_c.o(.text)
    OSTaskCreateHook                         0x0800d7a5   Thumb Code    20  os_cpu_c.o(.text)
    OSTaskDelHook                            0x0800d7b9   Thumb Code    20  os_cpu_c.o(.text)
    OSTaskReturnHook                         0x0800d7cd   Thumb Code    20  os_cpu_c.o(.text)
    OSTaskStkInit                            0x0800d7e1   Thumb Code   600  os_cpu_c.o(.text)
    OSTaskSwHook                             0x0800da39   Thumb Code   120  os_cpu_c.o(.text)
    OSTimeTickHook                           0x0800dab1   Thumb Code    16  os_cpu_c.o(.text)
    OS_CPU_SysTickHandler                    0x0800dac1   Thumb Code    52  os_cpu_c.o(.text)
    OS_CPU_SysTickInit                       0x0800daf5   Thumb Code    44  os_cpu_c.o(.text)
    __aeabi_uldivmod                         0x0800db61   Thumb Code     0  lludivv7m.o(.text)
    _ll_udiv                                 0x0800db61   Thumb Code   238  lludivv7m.o(.text)
    __c89vsprintf                            0x0800dc51   Thumb Code    32  c89vsprintf.o(.text)
    strlen                                   0x0800dc75   Thumb Code    62  strlen.o(.text)
    __aeabi_memcpy                           0x0800dcb3   Thumb Code     0  rt_memcpy_v6.o(.text)
    __rt_memcpy                              0x0800dcb3   Thumb Code   138  rt_memcpy_v6.o(.text)
    _memcpy_lastbytes                        0x0800dd19   Thumb Code     0  rt_memcpy_v6.o(.text)
    __aeabi_memclr                           0x0800dd3d   Thumb Code     0  rt_memclr.o(.text)
    __rt_memclr                              0x0800dd3d   Thumb Code    68  rt_memclr.o(.text)
    _memset                                  0x0800dd41   Thumb Code     0  rt_memclr.o(.text)
    __use_two_region_memory                  0x0800dd81   Thumb Code     2  heapauxi.o(.text)
    __rt_heap_escrow$2region                 0x0800dd83   Thumb Code     2  heapauxi.o(.text)
    __rt_heap_expand$2region                 0x0800dd85   Thumb Code     2  heapauxi.o(.text)
    _printf_pre_padding                      0x0800dd87   Thumb Code    44  _printf_pad.o(.text)
    _printf_post_padding                     0x0800ddb3   Thumb Code    34  _printf_pad.o(.text)
    _printf_truncate_signed                  0x0800ddd5   Thumb Code    18  _printf_truncate.o(.text)
    _printf_truncate_unsigned                0x0800dde7   Thumb Code    18  _printf_truncate.o(.text)
    _printf_str                              0x0800ddf9   Thumb Code    82  _printf_str.o(.text)
    _printf_int_dec                          0x0800de4d   Thumb Code   104  _printf_dec.o(.text)
    _printf_charcount                        0x0800dec5   Thumb Code    40  _printf_charcount.o(.text)
    _printf_char_common                      0x0800def7   Thumb Code    32  _printf_char_common.o(.text)
    _sputc                                   0x0800df1d   Thumb Code    10  _sputc.o(.text)
    _printf_wctomb                           0x0800df29   Thumb Code   182  _printf_wctomb.o(.text)
    _printf_longlong_dec                     0x0800dfe5   Thumb Code   108  _printf_longlong_dec.o(.text)
    _printf_longlong_oct                     0x0800e061   Thumb Code    68  _printf_oct_int_ll.o(.text)
    _printf_int_oct                          0x0800e0a5   Thumb Code    24  _printf_oct_int_ll.o(.text)
    _printf_ll_oct                           0x0800e0bd   Thumb Code    12  _printf_oct_int_ll.o(.text)
    _printf_longlong_hex                     0x0800e0d1   Thumb Code    86  _printf_hex_int_ll_ptr.o(.text)
    _printf_int_hex                          0x0800e127   Thumb Code    28  _printf_hex_int_ll_ptr.o(.text)
    _printf_ll_hex                           0x0800e143   Thumb Code    12  _printf_hex_int_ll_ptr.o(.text)
    _printf_hex_ptr                          0x0800e14f   Thumb Code    18  _printf_hex_int_ll_ptr.o(.text)
    __printf                                 0x0800e165   Thumb Code   388  __printf_flags_ss_wp.o(.text)
    __aeabi_memcpy4                          0x0800e2ed   Thumb Code     0  rt_memcpy_w.o(.text)
    __aeabi_memcpy8                          0x0800e2ed   Thumb Code     0  rt_memcpy_w.o(.text)
    __rt_memcpy_w                            0x0800e2ed   Thumb Code   100  rt_memcpy_w.o(.text)
    _memcpy_lastbytes_aligned                0x0800e335   Thumb Code     0  rt_memcpy_w.o(.text)
    __aeabi_memclr4                          0x0800e351   Thumb Code     0  rt_memclr_w.o(.text)
    __aeabi_memclr8                          0x0800e351   Thumb Code     0  rt_memclr_w.o(.text)
    __rt_memclr_w                            0x0800e351   Thumb Code    78  rt_memclr_w.o(.text)
    _memset_w                                0x0800e355   Thumb Code     0  rt_memclr_w.o(.text)
    _ll_udiv10                               0x0800e39f   Thumb Code   138  lludiv10.o(.text)
    _printf_int_common                       0x0800e429   Thumb Code   178  _printf_intcommon.o(.text)
    __lib_sel_fp_printf                      0x0800e4db   Thumb Code     2  _printf_fp_dec.o(.text)
    _printf_fp_dec_real                      0x0800e689   Thumb Code   620  _printf_fp_dec.o(.text)
    _printf_cs_common                        0x0800e8f5   Thumb Code    20  _printf_char.o(.text)
    _printf_char                             0x0800e909   Thumb Code    16  _printf_char.o(.text)
    _printf_string                           0x0800e919   Thumb Code     8  _printf_char.o(.text)
    _printf_lcs_common                       0x0800e921   Thumb Code    20  _printf_wchar.o(.text)
    _printf_wchar                            0x0800e935   Thumb Code    16  _printf_wchar.o(.text)
    _printf_wstring                          0x0800e945   Thumb Code     8  _printf_wchar.o(.text)
    _wcrtomb                                 0x0800e94d   Thumb Code    64  _wcrtomb.o(.text)
    __user_setup_stackheap                   0x0800e98d   Thumb Code    74  sys_stackheap_outer.o(.text)
    __rt_ctype_table                         0x0800e9d9   Thumb Code    16  rt_ctype_table.o(.text)
    __rt_locale                              0x0800e9e9   Thumb Code     8  rt_locale_intlibspace.o(.text)
    _printf_fp_infnan                        0x0800e9f1   Thumb Code   112  _printf_fp_infnan.o(.text)
    _btod_etento                             0x0800ea71   Thumb Code   216  bigflt0.o(.text)
    exit                                     0x0800eb4d   Thumb Code    12  exit.o(.text)
    __user_libspace                          0x0800eb59   Thumb Code     8  libspace.o(.text)
    __user_perproc_libspace                  0x0800eb59   Thumb Code     0  libspace.o(.text)
    __user_perthread_libspace                0x0800eb59   Thumb Code     0  libspace.o(.text)
    strcmp                                   0x0800eb61   Thumb Code   128  strcmpv7m.o(.text)
    _sys_exit                                0x0800ebe1   Thumb Code     8  sys_exit.o(.text)
    __I$use$semihosting                      0x0800ebed   Thumb Code     0  use_no_semi.o(.text)
    __use_no_semihosting_swi                 0x0800ebed   Thumb Code     2  use_no_semi.o(.text)
    __semihosting_library_function           0x0800ebef   Thumb Code     0  indicate_semi.o(.text)
    _btod_d2e                                0x0800ebef   Thumb Code    62  btod.o(CL$$btod_d2e)
    _d2e_denorm_low                          0x0800ec2d   Thumb Code    70  btod.o(CL$$btod_d2e_denorm_low)
    _d2e_norm_op1                            0x0800ec73   Thumb Code    96  btod.o(CL$$btod_d2e_norm_op1)
    __btod_div_common                        0x0800ecd3   Thumb Code   696  btod.o(CL$$btod_div_common)
    _e2e                                     0x0800f00b   Thumb Code   198  btod.o(CL$$btod_e2e)
    _btod_ediv                               0x0800f0d1   Thumb Code    40  btod.o(CL$$btod_ediv)
    _btod_emul                               0x0800f0f9   Thumb Code    40  btod.o(CL$$btod_emul)
    __btod_mult_common                       0x0800f121   Thumb Code   580  btod.o(CL$$btod_mult_common)
    OSStartHighRdy                           0x0800f365   Thumb Code     0  os_cpu_a.o(CODE)
    OSCtxSw                                  0x0800f387   Thumb Code     0  os_cpu_a.o(CODE)
    OSIntCtxSw                               0x0800f391   Thumb Code     0  os_cpu_a.o(CODE)
    PendSV_Handler                           0x0800f39b   Thumb Code     0  os_cpu_a.o(CODE)
    Analyze                                  0x0800f411   Thumb Code   252  dbus.o(i.Analyze)
    CRC_CALC                                 0x0800f515   Thumb Code    58  dbus.o(i.CRC_CALC)
    Dbus_Init                                0x0800f551   Thumb Code     6  dbus.o(i.Dbus_Init)
    Delay_interrupt                          0x0800f55d   Thumb Code     6  dbus.o(i.Delay_interrupt)
    Heart                                    0x0800f569   Thumb Code    86  dbus.o(i.Heart)
    HexStrToDec                              0x0800f5cd   Thumb Code   126  dbus.o(i.HexStrToDec)
    InPut                                    0x0800f64d   Thumb Code    44  dbus.o(i.InPut)
    OpenBox                                  0x0800f685   Thumb Code   200  dbus.o(i.OpenBox)
    OutPut_interrupt                         0x0800f771   Thumb Code     6  dbus.o(i.OutPut_interrupt)
    Response_Read_Multiple_Registers         0x0800f77d   Thumb Code   222  dbus.o(i.Response_Read_Multiple_Registers)
    Response_Read_Register                   0x0800f869   Thumb Code   132  dbus.o(i.Response_Read_Register)
    Response_Write_Multiple_Registers        0x0800f8f9   Thumb Code   166  dbus.o(i.Response_Write_Multiple_Registers)
    Response_Write_Register                  0x0800f9ad   Thumb Code   126  dbus.o(i.Response_Write_Register)
    Send                                     0x0800fa39   Thumb Code   170  dbus.o(i.Send)
    __ARM_fpclassify                         0x0800faf5   Thumb Code    48  fpclassify.o(i.__ARM_fpclassify)
    _is_digit                                0x0800fb25   Thumb Code    14  __printf_wp.o(i._is_digit)
    _get_lc_numeric                          0x0800fb35   Thumb Code    44  lc_numeric_c.o(locale$$code)
    _get_lc_ctype                            0x0800fb61   Thumb Code    44  lc_ctype_c.o(locale$$code)
    __aeabi_d2f                              0x0800fb8d   Thumb Code     0  d2f.o(x$fpl$d2f)
    _d2f                                     0x0800fb8d   Thumb Code    98  d2f.o(x$fpl$d2f)
    __aeabi_dadd                             0x0800fbf1   Thumb Code     0  daddsub_clz.o(x$fpl$dadd)
    _dadd                                    0x0800fbf1   Thumb Code   332  daddsub_clz.o(x$fpl$dadd)
    __fpl_dcmp_Inf                           0x0800fd41   Thumb Code    24  dcmpi.o(x$fpl$dcmpinf)
    __aeabi_ddiv                             0x0800fd59   Thumb Code     0  ddiv.o(x$fpl$ddiv)
    _ddiv                                    0x0800fd59   Thumb Code   552  ddiv.o(x$fpl$ddiv)
    __aeabi_ui2d                             0x08010009   Thumb Code     0  dflt_clz.o(x$fpl$dfltu)
    _dfltu                                   0x08010009   Thumb Code    38  dflt_clz.o(x$fpl$dfltu)
    __aeabi_cdcmple                          0x08010031   Thumb Code     0  dleqf.o(x$fpl$dleqf)
    _dcmple                                  0x08010031   Thumb Code   120  dleqf.o(x$fpl$dleqf)
    __fpl_dcmple_InfNaN                      0x08010093   Thumb Code     0  dleqf.o(x$fpl$dleqf)
    __aeabi_dmul                             0x080100a9   Thumb Code     0  dmul.o(x$fpl$dmul)
    _dmul                                    0x080100a9   Thumb Code   332  dmul.o(x$fpl$dmul)
    __fpl_dnaninf                            0x080101fd   Thumb Code   156  dnaninf.o(x$fpl$dnaninf)
    __fpl_dretinf                            0x08010299   Thumb Code    12  dretinf.o(x$fpl$dretinf)
    __aeabi_dsub                             0x080102a5   Thumb Code     0  daddsub_clz.o(x$fpl$dsub)
    _dsub                                    0x080102a5   Thumb Code   464  daddsub_clz.o(x$fpl$dsub)
    __aeabi_f2d                              0x08010479   Thumb Code     0  f2d.o(x$fpl$f2d)
    _f2d                                     0x08010479   Thumb Code    86  f2d.o(x$fpl$f2d)
    __fpl_fnaninf                            0x080104cf   Thumb Code   140  fnaninf.o(x$fpl$fnaninf)
    _fp_init                                 0x0801055b   Thumb Code    10  fpinit.o(x$fpl$fpinit)
    __fplib_config_fpu_vfp                   0x08010563   Thumb Code     0  fpinit.o(x$fpl$fpinit)
    __fplib_config_pureend_doubles           0x08010563   Thumb Code     0  fpinit.o(x$fpl$fpinit)
    __fpl_fretinf                            0x08010565   Thumb Code    10  fretinf.o(x$fpl$fretinf)
    _printf_fp_dec                           0x0801056f   Thumb Code     4  printf1.o(x$fpl$printf1)
    __I$use$fp                               0x08010572   Number         0  usenofp.o(x$fpl$usenofp)
    CPU_EndiannessTest                       0x08010674   Data           4  cpu_core.o(.constdata)
    OSCfg_IdleTaskStkBasePtr                 0x0801070c   Data           4  os_cfg_app.o(.constdata)
    OSCfg_IdleTaskStkLimit                   0x08010710   Data           4  os_cfg_app.o(.constdata)
    OSCfg_IdleTaskStkSize                    0x08010714   Data           4  os_cfg_app.o(.constdata)
    OSCfg_IdleTaskStkSizeRAM                 0x08010718   Data           4  os_cfg_app.o(.constdata)
    OSCfg_IntQBasePtr                        0x0801071c   Data           4  os_cfg_app.o(.constdata)
    OSCfg_IntQSize                           0x08010720   Data           2  os_cfg_app.o(.constdata)
    OSCfg_IntQSizeRAM                        0x08010724   Data           4  os_cfg_app.o(.constdata)
    OSCfg_IntQTaskStkBasePtr                 0x08010728   Data           4  os_cfg_app.o(.constdata)
    OSCfg_IntQTaskStkLimit                   0x0801072c   Data           4  os_cfg_app.o(.constdata)
    OSCfg_IntQTaskStkSize                    0x08010730   Data           4  os_cfg_app.o(.constdata)
    OSCfg_IntQTaskStkSizeRAM                 0x08010734   Data           4  os_cfg_app.o(.constdata)
    OSCfg_ISRStkBasePtr                      0x08010738   Data           4  os_cfg_app.o(.constdata)
    OSCfg_ISRStkSize                         0x0801073c   Data           4  os_cfg_app.o(.constdata)
    OSCfg_ISRStkSizeRAM                      0x08010740   Data           4  os_cfg_app.o(.constdata)
    OSCfg_MsgPoolSize                        0x08010744   Data           2  os_cfg_app.o(.constdata)
    OSCfg_MsgPoolSizeRAM                     0x08010748   Data           4  os_cfg_app.o(.constdata)
    OSCfg_MsgPoolBasePtr                     0x0801074c   Data           4  os_cfg_app.o(.constdata)
    OSCfg_StatTaskPrio                       0x08010750   Data           1  os_cfg_app.o(.constdata)
    OSCfg_StatTaskRate_Hz                    0x08010754   Data           4  os_cfg_app.o(.constdata)
    OSCfg_StatTaskStkBasePtr                 0x08010758   Data           4  os_cfg_app.o(.constdata)
    OSCfg_StatTaskStkLimit                   0x0801075c   Data           4  os_cfg_app.o(.constdata)
    OSCfg_StatTaskStkSize                    0x08010760   Data           4  os_cfg_app.o(.constdata)
    OSCfg_StatTaskStkSizeRAM                 0x08010764   Data           4  os_cfg_app.o(.constdata)
    OSCfg_StkSizeMin                         0x08010768   Data           4  os_cfg_app.o(.constdata)
    OSCfg_TickRate_Hz                        0x0801076c   Data           4  os_cfg_app.o(.constdata)
    OSCfg_TickTaskPrio                       0x08010770   Data           1  os_cfg_app.o(.constdata)
    OSCfg_TickTaskStkBasePtr                 0x08010774   Data           4  os_cfg_app.o(.constdata)
    OSCfg_TickTaskStkLimit                   0x08010778   Data           4  os_cfg_app.o(.constdata)
    OSCfg_TickTaskStkSize                    0x0801077c   Data           4  os_cfg_app.o(.constdata)
    OSCfg_TickTaskStkSizeRAM                 0x08010780   Data           4  os_cfg_app.o(.constdata)
    OSCfg_TickWheelSize                      0x08010784   Data           2  os_cfg_app.o(.constdata)
    OSCfg_TickWheelSizeRAM                   0x08010788   Data           4  os_cfg_app.o(.constdata)
    OSCfg_TmrTaskPrio                        0x0801078c   Data           1  os_cfg_app.o(.constdata)
    OSCfg_TmrTaskRate_Hz                     0x08010790   Data           4  os_cfg_app.o(.constdata)
    OSCfg_TmrTaskStkBasePtr                  0x08010794   Data           4  os_cfg_app.o(.constdata)
    OSCfg_TmrTaskStkLimit                    0x08010798   Data           4  os_cfg_app.o(.constdata)
    OSCfg_TmrTaskStkSize                     0x0801079c   Data           4  os_cfg_app.o(.constdata)
    OSCfg_TmrTaskStkSizeRAM                  0x080107a0   Data           4  os_cfg_app.o(.constdata)
    OSCfg_TmrWheelSize                       0x080107a4   Data           2  os_cfg_app.o(.constdata)
    OSCfg_TmrWheelSizeRAM                    0x080107a8   Data           4  os_cfg_app.o(.constdata)
    OSCfg_DataSizeRAM                        0x080107ac   Data           4  os_cfg_app.o(.constdata)
    OSDbg_DbgEn                              0x080107b0   Data           2  os_dbg.o(.constdata)
    OSDbg_ArgChkEn                           0x080107b2   Data           1  os_dbg.o(.constdata)
    OSDbg_AppHooksEn                         0x080107b3   Data           1  os_dbg.o(.constdata)
    OSDbg_EndiannessTest                     0x080107b4   Data           4  os_dbg.o(.constdata)
    OSDbg_CalledFromISRChkEn                 0x080107b8   Data           1  os_dbg.o(.constdata)
    OSDbg_FlagEn                             0x080107b9   Data           1  os_dbg.o(.constdata)
    OSDbg_FlagGrp                            0x080107bc   Data          40  os_dbg.o(.constdata)
    OSDbg_FlagDelEn                          0x080107e4   Data           1  os_dbg.o(.constdata)
    OSDbg_FlagModeClrEn                      0x080107e5   Data           1  os_dbg.o(.constdata)
    OSDbg_FlagPendAbortEn                    0x080107e6   Data           1  os_dbg.o(.constdata)
    OSDbg_FlagGrpSize                        0x080107e8   Data           2  os_dbg.o(.constdata)
    OSDbg_FlagWidth                          0x080107ea   Data           2  os_dbg.o(.constdata)
    OSDbg_IntQ                               0x080107ec   Data           2  os_dbg.o(.constdata)
    OSDbg_ISRPostDeferredEn                  0x080107ee   Data           1  os_dbg.o(.constdata)
    OSDbg_Mem                                0x080107f0   Data          32  os_dbg.o(.constdata)
    OSDbg_MemEn                              0x08010810   Data           1  os_dbg.o(.constdata)
    OSDbg_MemSize                            0x08010812   Data           2  os_dbg.o(.constdata)
    OSDbg_MsgEn                              0x08010814   Data           1  os_dbg.o(.constdata)
    OSDbg_MsgSize                            0x08010816   Data           2  os_dbg.o(.constdata)
    OSDbg_MsgPoolSize                        0x08010818   Data           2  os_dbg.o(.constdata)
    OSDbg_MsgQSize                           0x0801081a   Data           2  os_dbg.o(.constdata)
    OSDbg_Mutex                              0x0801081c   Data          44  os_dbg.o(.constdata)
    OSDbg_MutexEn                            0x08010848   Data           1  os_dbg.o(.constdata)
    OSDbg_MutexDelEn                         0x08010849   Data           1  os_dbg.o(.constdata)
    OSDbg_MutexPendAbortEn                   0x0801084a   Data           1  os_dbg.o(.constdata)
    OSDbg_MutexSize                          0x0801084c   Data           2  os_dbg.o(.constdata)
    OSDbg_ObjTypeChkEn                       0x0801084e   Data           1  os_dbg.o(.constdata)
    OSDbg_PendMultiEn                        0x0801084f   Data           1  os_dbg.o(.constdata)
    OSDbg_PendDataSize                       0x08010850   Data           2  os_dbg.o(.constdata)
    OSDbg_PendListSize                       0x08010852   Data           2  os_dbg.o(.constdata)
    OSDbg_PendObjSize                        0x08010854   Data           2  os_dbg.o(.constdata)
    OSDbg_PrioMax                            0x08010856   Data           2  os_dbg.o(.constdata)
    OSDbg_PrioTblSize                        0x08010858   Data           2  os_dbg.o(.constdata)
    OSDbg_PtrSize                            0x0801085a   Data           2  os_dbg.o(.constdata)
    OSDbg_Q                                  0x0801085c   Data          48  os_dbg.o(.constdata)
    OSDbg_QEn                                0x0801088c   Data           1  os_dbg.o(.constdata)
    OSDbg_QDelEn                             0x0801088d   Data           1  os_dbg.o(.constdata)
    OSDbg_QFlushEn                           0x0801088e   Data           1  os_dbg.o(.constdata)
    OSDbg_QPendAbortEn                       0x0801088f   Data           1  os_dbg.o(.constdata)
    OSDbg_QSize                              0x08010890   Data           2  os_dbg.o(.constdata)
    OSDbg_SchedRoundRobinEn                  0x08010892   Data           1  os_dbg.o(.constdata)
    OSDbg_Sem                                0x08010894   Data          40  os_dbg.o(.constdata)
    OSDbg_SemEn                              0x080108bc   Data           1  os_dbg.o(.constdata)
    OSDbg_SemDelEn                           0x080108bd   Data           1  os_dbg.o(.constdata)
    OSDbg_SemPendAbortEn                     0x080108be   Data           1  os_dbg.o(.constdata)
    OSDbg_SemSetEn                           0x080108bf   Data           1  os_dbg.o(.constdata)
    OSDbg_SemSize                            0x080108c0   Data           2  os_dbg.o(.constdata)
    OSDbg_RdyList                            0x080108c2   Data           2  os_dbg.o(.constdata)
    OSDbg_RdyListSize                        0x080108c4   Data           4  os_dbg.o(.constdata)
    OSDbg_StkWidth                           0x080108c8   Data           1  os_dbg.o(.constdata)
    OSDbg_StatTaskEn                         0x080108c9   Data           1  os_dbg.o(.constdata)
    OSDbg_StatTaskStkChkEn                   0x080108ca   Data           1  os_dbg.o(.constdata)
    OSDbg_TaskChangePrioEn                   0x080108cb   Data           1  os_dbg.o(.constdata)
    OSDbg_TaskDelEn                          0x080108cc   Data           1  os_dbg.o(.constdata)
    OSDbg_TaskQEn                            0x080108cd   Data           1  os_dbg.o(.constdata)
    OSDbg_TaskQPendAbortEn                   0x080108ce   Data           1  os_dbg.o(.constdata)
    OSDbg_TaskProfileEn                      0x080108cf   Data           1  os_dbg.o(.constdata)
    OSDbg_TaskRegTblSize                     0x080108d0   Data           2  os_dbg.o(.constdata)
    OSDbg_TaskSemPendAbortEn                 0x080108d2   Data           1  os_dbg.o(.constdata)
    OSDbg_TaskSuspendEn                      0x080108d3   Data           1  os_dbg.o(.constdata)
    OSDbg_TCBSize                            0x080108d4   Data           2  os_dbg.o(.constdata)
    OSDbg_TickSpokeSize                      0x080108d6   Data           2  os_dbg.o(.constdata)
    OSDbg_TimeDlyHMSMEn                      0x080108d8   Data           1  os_dbg.o(.constdata)
    OSDbg_TimeDlyResumeEn                    0x080108d9   Data           1  os_dbg.o(.constdata)
    OSDbg_TLS_TblSize                        0x080108da   Data           2  os_dbg.o(.constdata)
    OSDbg_Tmr                                0x080108dc   Data          52  os_dbg.o(.constdata)
    OSDbg_TmrEn                              0x08010910   Data           1  os_dbg.o(.constdata)
    OSDbg_TmrDelEn                           0x08010911   Data           1  os_dbg.o(.constdata)
    OSDbg_TmrSize                            0x08010912   Data           2  os_dbg.o(.constdata)
    OSDbg_TmrSpokeSize                       0x08010914   Data           2  os_dbg.o(.constdata)
    OSDbg_VersionNbr                         0x08010916   Data           2  os_dbg.o(.constdata)
    OSDbg_DataSize                           0x08010918   Data           4  os_dbg.o(.constdata)
    Region$$Table$$Base                      0x08010a28   Number         0  anon$$obj.o(Region$$Table)
    Region$$Table$$Limit                     0x08010a48   Number         0  anon$$obj.o(Region$$Table)
    __ctype                                  0x08010a71   Data           0  lc_ctype_c.o(locale$$data)
    SystemCoreClock                          0x20000000   Data           4  system_stm32f4xx.o(.data)
    AHBPrescTable                            0x20000004   Data          16  system_stm32f4xx.o(.data)
    AP                                       0x20000014   Data           4  main.o(.data)
    PASSWORD                                 0x20000018   Data           4  main.o(.data)
    HOST_IP                                  0x2000001c   Data           4  main.o(.data)
    HOST_PORT                                0x20000020   Data           4  main.o(.data)
    TxCounter3                               0x20000024   Data           1  usart3.o(.data)
    RxCounter3                               0x20000025   Data           1  usart3.o(.data)
    USART3_RX_STA                            0x20000026   Data           2  usart3.o(.data)
    TxCounter2                               0x20000028   Data           1  usart2.o(.data)
    RxCounter2                               0x20000029   Data           1  usart2.o(.data)
    USART2_RX_STA                            0x2000002a   Data           2  usart2.o(.data)
    comm_END                                 0x2000002c   Data           1  modus.o(.data)
    Reciver_bit                              0x2000002d   Data           1  modus.o(.data)
    W25QXX_TYPE                              0x2000002e   Data           2  w25qxx.o(.data)
    TxCounter1                               0x20000044   Data           1  usart.o(.data)
    RxCounter1                               0x20000045   Data           1  usart.o(.data)
    USART1_RX_STA                            0x20000046   Data           2  usart.o(.data)
    CPU_TS_TmrFreq_Hz                        0x20000048   Data           4  cpu_core.o(.data)
    Mem_PoolTbl                              0x2000004c   Data           4  lib_mem.o(.data)
    OSPrioTbl                                0x20000050   Data           8  os_prio.o(.data)
    OS_AppTaskCreateHookPtr                  0x20000058   Data           4  os_var.o(.data)
    OS_AppTaskDelHookPtr                     0x2000005c   Data           4  os_var.o(.data)
    OS_AppTaskReturnHookPtr                  0x20000060   Data           4  os_var.o(.data)
    OS_AppIdleTaskHookPtr                    0x20000064   Data           4  os_var.o(.data)
    OS_AppStatTaskHookPtr                    0x20000068   Data           4  os_var.o(.data)
    OS_AppTaskSwHookPtr                      0x2000006c   Data           4  os_var.o(.data)
    OS_AppTimeTickHookPtr                    0x20000070   Data           4  os_var.o(.data)
    OSIdleTaskCtr                            0x20000074   Data           4  os_var.o(.data)
    OSIntNestingCtr                          0x20000078   Data           1  os_var.o(.data)
    OSRunning                                0x20000079   Data           1  os_var.o(.data)
    OSIntQInPtr                              0x2000007c   Data           4  os_var.o(.data)
    OSIntQOutPtr                             0x20000080   Data           4  os_var.o(.data)
    OSIntQNbrEntries                         0x20000084   Data           2  os_var.o(.data)
    OSIntQNbrEntriesMax                      0x20000086   Data           2  os_var.o(.data)
    OSIntQOvfCtr                             0x20000088   Data           2  os_var.o(.data)
    OSIntQTaskTimeMax                        0x2000008c   Data           4  os_var.o(.data)
    OSFlagDbgListPtr                         0x20000090   Data           4  os_var.o(.data)
    OSFlagQty                                0x20000094   Data           2  os_var.o(.data)
    OSMemDbgListPtr                          0x20000098   Data           4  os_var.o(.data)
    OSMemQty                                 0x2000009c   Data           2  os_var.o(.data)
    OSMutexDbgListPtr                        0x200000a0   Data           4  os_var.o(.data)
    OSMutexQty                               0x200000a4   Data           2  os_var.o(.data)
    OSPrioCur                                0x200000a6   Data           1  os_var.o(.data)
    OSPrioHighRdy                            0x200000a7   Data           1  os_var.o(.data)
    OSPrioSaved                              0x200000a8   Data           1  os_var.o(.data)
    OSQDbgListPtr                            0x200000ac   Data           4  os_var.o(.data)
    OSQQty                                   0x200000b0   Data           2  os_var.o(.data)
    OSSchedLockTimeBegin                     0x200000b4   Data           4  os_var.o(.data)
    OSSchedLockTimeMax                       0x200000b8   Data           4  os_var.o(.data)
    OSSchedLockTimeMaxCur                    0x200000bc   Data           4  os_var.o(.data)
    OSSchedLockNestingCtr                    0x200000c0   Data           1  os_var.o(.data)
    OSSchedRoundRobinDfltTimeQuanta          0x200000c4   Data           4  os_var.o(.data)
    OSSchedRoundRobinEn                      0x200000c8   Data           1  os_var.o(.data)
    OSSemDbgListPtr                          0x200000cc   Data           4  os_var.o(.data)
    OSSemQty                                 0x200000d0   Data           2  os_var.o(.data)
    OSStatResetFlag                          0x200000d2   Data           1  os_var.o(.data)
    OSStatTaskCPUUsage                       0x200000d4   Data           2  os_var.o(.data)
    OSStatTaskCPUUsageMax                    0x200000d6   Data           2  os_var.o(.data)
    OSStatTaskCtr                            0x200000d8   Data           4  os_var.o(.data)
    OSStatTaskCtrMax                         0x200000dc   Data           4  os_var.o(.data)
    OSStatTaskCtrRun                         0x200000e0   Data           4  os_var.o(.data)
    OSStatTaskRdy                            0x200000e4   Data           1  os_var.o(.data)
    OSStatTaskTimeMax                        0x200000e8   Data           4  os_var.o(.data)
    OSTaskCtxSwCtr                           0x200000ec   Data           4  os_var.o(.data)
    OSTaskDbgListPtr                         0x200000f0   Data           4  os_var.o(.data)
    OSTaskQty                                0x200000f4   Data           2  os_var.o(.data)
    OSTaskRegNextAvailID                     0x200000f6   Data           1  os_var.o(.data)
    OSTickCtr                                0x200000f8   Data           4  os_var.o(.data)
    OSTickTaskTimeMax                        0x200000fc   Data           4  os_var.o(.data)
    OSTmrDbgListPtr                          0x20000100   Data           4  os_var.o(.data)
    OSTmrQty                                 0x20000104   Data           2  os_var.o(.data)
    OSTmrTaskTimeMax                         0x20000108   Data           4  os_var.o(.data)
    OSTmrTickCtr                             0x2000010c   Data           4  os_var.o(.data)
    OSTmrUpdateCnt                           0x20000110   Data           4  os_var.o(.data)
    OSTmrUpdateCtr                           0x20000114   Data           4  os_var.o(.data)
    OSTCBCurPtr                              0x20000118   Data           4  os_var.o(.data)
    OSTCBHighRdyPtr                          0x2000011c   Data           4  os_var.o(.data)
    OS_CPU_ExceptStkBase                     0x20000120   Data           4  os_cpu_c.o(.data)
    LocalAddress                             0x20000124   Data           2  dbus.o(.data)
    DBUS_RECIVE_DOUBLE_LEN                   0x20000126   Data           2  dbus.o(.data)
    DBUS_RECIVE_LEN                          0x20000128   Data           2  dbus.o(.data)
    SEND_CALLBACK                            0x2000012c   Data           4  dbus.o(.data)
    DELAY_CALLBACK                           0x20000130   Data           4  dbus.o(.data)
    DBUS_HEAD                                0x20000134   Data           1  dbus.o(.data)
    DBUS_END                                 0x20000135   Data           1  dbus.o(.data)
    DBUS_REGEX                               0x20000138   Data           4  dbus.o(.data)
    FrameID                                  0x2000013c   Data           2  dbus.o(.data)
    StartTaskTCB                             0x20000140   Data         196  main.o(.bss)
    START_TASK_STK                           0x20000204   Data        1024  main.o(.bss)
    Task1_TaskTCB                            0x20000604   Data         196  main.o(.bss)
    TASK1_TASK_STK                           0x200006c8   Data        1024  main.o(.bss)
    Task2_TaskTCB                            0x20000ac8   Data         196  main.o(.bss)
    TASK2_TASK_STK                           0x20000b8c   Data        1024  main.o(.bss)
    Task3_TaskTCB                            0x20000f8c   Data         196  main.o(.bss)
    TASK3_TASK_STK                           0x20001050   Data        1024  main.o(.bss)
    Task4_TaskTCB                            0x20001450   Data         196  main.o(.bss)
    TASK4_TASK_STK                           0x20001514   Data        4096  main.o(.bss)
    Task5_TaskTCB                            0x20002514   Data         196  main.o(.bss)
    TASK5_TASK_STK                           0x200025d8   Data        1024  main.o(.bss)
    Task6_TaskTCB                            0x200029d8   Data         196  main.o(.bss)
    TASK6_TASK_STK                           0x20002a9c   Data        1024  main.o(.bss)
    rm                                       0x20002e9c   Data         260  main.o(.bss)
    USART3_TX_BUF                            0x20002fa0   Data         400  usart3.o(.bss)
    USART3_RX_BUF                            0x20003130   Data         400  usart3.o(.bss)
    USART2_TX_BUF                            0x200032c0   Data         400  usart2.o(.bss)
    USART2_RX_BUF                            0x20003450   Data         400  usart2.o(.bss)
    PLC_InPut                                0x200035e0   Data          20  modus.o(.bss)
    PLC_OutPut                               0x200035f4   Data         130  modus.o(.bss)
    PLC_Data                                 0x20003676   Data          60  modus.o(.bss)
    USART6_TX_BUF                            0x200036b8   Data         400  usart6.o(.bss)
    USART6_RX_BUF                            0x20003848   Data         400  usart6.o(.bss)
    W25QXX_BUFFER                            0x200039d8   Data        4096  w25qxx.o(.bss)
    USART1_TX_BUF                            0x200049d8   Data         400  usart.o(.bss)
    USART1_RX_BUF                            0x20004b68   Data         200  usart.o(.bss)
    CPU_Name                                 0x20004c30   Data          16  cpu_core.o(.bss)
    Mem_PoolHeap                             0x20004c40   Data          72  lib_mem.o(.bss)
    Mem_Heap                                 0x20004c88   Data        1024  lib_mem.o(.bss)
    OSCfg_IdleTaskStk                        0x20005088   Data         512  os_cfg_app.o(.bss)
    OSCfg_IntQ                               0x20005288   Data         320  os_cfg_app.o(.bss)
    OSCfg_IntQTaskStk                        0x200053c8   Data         512  os_cfg_app.o(.bss)
    OSCfg_ISRStk                             0x200055c8   Data         512  os_cfg_app.o(.bss)
    OSCfg_MsgPool                            0x200057c8   Data        1600  os_cfg_app.o(.bss)
    OSCfg_StatTaskStk                        0x20005e08   Data         512  os_cfg_app.o(.bss)
    OSCfg_TickTaskStk                        0x20006008   Data         512  os_cfg_app.o(.bss)
    OSCfg_TickWheel                          0x20006208   Data         136  os_cfg_app.o(.bss)
    OSCfg_TmrTaskStk                         0x20006290   Data         512  os_cfg_app.o(.bss)
    OSCfg_TmrWheel                           0x20006490   Data         136  os_cfg_app.o(.bss)
    OSIdleTaskTCB                            0x20006518   Data         196  os_var.o(.bss)
    OSIntQTaskTCB                            0x200065dc   Data         196  os_var.o(.bss)
    OSMsgPool                                0x200066a0   Data          12  os_var.o(.bss)
    OSRdyList                                0x200066ac   Data         768  os_var.o(.bss)
    OSStatTaskTCB                            0x200069ac   Data         196  os_var.o(.bss)
    OSTickTaskTCB                            0x20006a70   Data         196  os_var.o(.bss)
    OSTmrTaskTCB                             0x20006b34   Data         196  os_var.o(.bss)
    Dbus_Register                            0x20006bf8   Data         256  dbus.o(.bss)
    DBUS_RECIVE_BUF                          0x20006cf8   Data        2048  dbus.o(.bss)
    DBUS_RESPONSE_BUF                        0x200074f8   Data       10240  dbus.o(.bss)
    DBUS_RECIVE_DOUBLE_BUF                   0x20009cf8   Data        2048  dbus.o(.bss)
    OpenBox_temp                             0x2000a4f8   Data        1024  dbus.o(.bss)
    OpenBox_buf                              0x2000a8f8   Data        1024  dbus.o(.bss)
    TX_BUF                                   0x2000acf8   Data        1024  dbus.o(.bss)
    Send_TX_BUF                              0x2000b0f8   Data        1024  dbus.o(.bss)
    __libspace_start                         0x2000b4f8   Data          96  libspace.o(.bss)
    __temporary_stack_top$libspace           0x2000b558   Data           0  libspace.o(.bss)



==============================================================================

Memory Map of the image

  Image Entry point : 0x08000189

  Load Region LR_IROM1 (Base: 0x08000000, Size: 0x00010cb4, Max: 0x00100000, ABSOLUTE, COMPRESSED[0x00010ba4])

    Execution Region ER_IROM1 (Base: 0x08000000, Size: 0x00010b74, Max: 0x00100000, ABSOLUTE)

    Base Addr    Size         Type   Attr      Idx    E Section Name        Object

    0x08000000   0x00000188   Data   RO          607    RESET               startup_stm32f40_41xxx.o
    0x08000188   0x00000008   Code   RO         1430  * !!!main             c_w.l(__main.o)
    0x08000190   0x00000034   Code   RO         1791    !!!scatter          c_w.l(__scatter.o)
    0x080001c4   0x0000005a   Code   RO         1789    !!dczerorl2         c_w.l(__dczerorl2.o)
    0x0800021e   0x00000002   PAD
    0x08000220   0x0000001c   Code   RO         1793    !!handler_zi        c_w.l(__scatter_zi.o)
    0x0800023c   0x00000000   Code   RO         1542    .ARM.Collect$$_printf_percent$$00000000  c_w.l(_printf_percent.o)
    0x0800023c   0x00000006   Code   RO         1531    .ARM.Collect$$_printf_percent$$00000001  c_w.l(_printf_n.o)
    0x08000242   0x00000006   Code   RO         1533    .ARM.Collect$$_printf_percent$$00000002  c_w.l(_printf_p.o)
    0x08000248   0x00000006   Code   RO         1538    .ARM.Collect$$_printf_percent$$00000003  c_w.l(_printf_f.o)
    0x0800024e   0x00000006   Code   RO         1539    .ARM.Collect$$_printf_percent$$00000004  c_w.l(_printf_e.o)
    0x08000254   0x00000006   Code   RO         1540    .ARM.Collect$$_printf_percent$$00000005  c_w.l(_printf_g.o)
    0x0800025a   0x00000006   Code   RO         1541    .ARM.Collect$$_printf_percent$$00000006  c_w.l(_printf_a.o)
    0x08000260   0x0000000a   Code   RO         1546    .ARM.Collect$$_printf_percent$$00000007  c_w.l(_printf_ll.o)
    0x0800026a   0x00000006   Code   RO         1535    .ARM.Collect$$_printf_percent$$00000008  c_w.l(_printf_i.o)
    0x08000270   0x00000006   Code   RO         1536    .ARM.Collect$$_printf_percent$$00000009  c_w.l(_printf_d.o)
    0x08000276   0x00000006   Code   RO         1537    .ARM.Collect$$_printf_percent$$0000000A  c_w.l(_printf_u.o)
    0x0800027c   0x00000006   Code   RO         1534    .ARM.Collect$$_printf_percent$$0000000B  c_w.l(_printf_o.o)
    0x08000282   0x00000006   Code   RO         1532    .ARM.Collect$$_printf_percent$$0000000C  c_w.l(_printf_x.o)
    0x08000288   0x00000006   Code   RO         1543    .ARM.Collect$$_printf_percent$$0000000D  c_w.l(_printf_lli.o)
    0x0800028e   0x00000006   Code   RO         1544    .ARM.Collect$$_printf_percent$$0000000E  c_w.l(_printf_lld.o)
    0x08000294   0x00000006   Code   RO         1545    .ARM.Collect$$_printf_percent$$0000000F  c_w.l(_printf_llu.o)
    0x0800029a   0x00000006   Code   RO         1550    .ARM.Collect$$_printf_percent$$00000010  c_w.l(_printf_llo.o)
    0x080002a0   0x00000006   Code   RO         1551    .ARM.Collect$$_printf_percent$$00000011  c_w.l(_printf_llx.o)
    0x080002a6   0x0000000a   Code   RO         1547    .ARM.Collect$$_printf_percent$$00000012  c_w.l(_printf_l.o)
    0x080002b0   0x00000006   Code   RO         1529    .ARM.Collect$$_printf_percent$$00000013  c_w.l(_printf_c.o)
    0x080002b6   0x00000006   Code   RO         1530    .ARM.Collect$$_printf_percent$$00000014  c_w.l(_printf_s.o)
    0x080002bc   0x00000006   Code   RO         1548    .ARM.Collect$$_printf_percent$$00000015  c_w.l(_printf_lc.o)
    0x080002c2   0x00000006   Code   RO         1549    .ARM.Collect$$_printf_percent$$00000016  c_w.l(_printf_ls.o)
    0x080002c8   0x00000004   Code   RO         1598    .ARM.Collect$$_printf_percent$$00000017  c_w.l(_printf_percent_end.o)
    0x080002cc   0x00000002   Code   RO         1651    .ARM.Collect$$libinit$$00000000  c_w.l(libinit.o)
    0x080002ce   0x00000004   Code   RO         1672    .ARM.Collect$$libinit$$00000001  c_w.l(libinit2.o)
    0x080002d2   0x00000000   Code   RO         1675    .ARM.Collect$$libinit$$00000004  c_w.l(libinit2.o)
    0x080002d2   0x00000000   Code   RO         1678    .ARM.Collect$$libinit$$0000000A  c_w.l(libinit2.o)
    0x080002d2   0x00000000   Code   RO         1680    .ARM.Collect$$libinit$$0000000C  c_w.l(libinit2.o)
    0x080002d2   0x00000000   Code   RO         1682    .ARM.Collect$$libinit$$0000000E  c_w.l(libinit2.o)
    0x080002d2   0x00000006   Code   RO         1683    .ARM.Collect$$libinit$$0000000F  c_w.l(libinit2.o)
    0x080002d8   0x00000000   Code   RO         1685    .ARM.Collect$$libinit$$00000011  c_w.l(libinit2.o)
    0x080002d8   0x0000000c   Code   RO         1686    .ARM.Collect$$libinit$$00000012  c_w.l(libinit2.o)
    0x080002e4   0x00000000   Code   RO         1687    .ARM.Collect$$libinit$$00000013  c_w.l(libinit2.o)
    0x080002e4   0x00000000   Code   RO         1689    .ARM.Collect$$libinit$$00000015  c_w.l(libinit2.o)
    0x080002e4   0x0000000a   Code   RO         1690    .ARM.Collect$$libinit$$00000016  c_w.l(libinit2.o)
    0x080002ee   0x00000000   Code   RO         1691    .ARM.Collect$$libinit$$00000017  c_w.l(libinit2.o)
    0x080002ee   0x00000000   Code   RO         1693    .ARM.Collect$$libinit$$00000019  c_w.l(libinit2.o)
    0x080002ee   0x00000000   Code   RO         1695    .ARM.Collect$$libinit$$0000001B  c_w.l(libinit2.o)
    0x080002ee   0x00000000   Code   RO         1697    .ARM.Collect$$libinit$$0000001D  c_w.l(libinit2.o)
    0x080002ee   0x00000000   Code   RO         1699    .ARM.Collect$$libinit$$0000001F  c_w.l(libinit2.o)
    0x080002ee   0x00000000   Code   RO         1701    .ARM.Collect$$libinit$$00000021  c_w.l(libinit2.o)
    0x080002ee   0x00000000   Code   RO         1703    .ARM.Collect$$libinit$$00000023  c_w.l(libinit2.o)
    0x080002ee   0x00000000   Code   RO         1705    .ARM.Collect$$libinit$$00000025  c_w.l(libinit2.o)
    0x080002ee   0x00000000   Code   RO         1709    .ARM.Collect$$libinit$$0000002C  c_w.l(libinit2.o)
    0x080002ee   0x00000000   Code   RO         1711    .ARM.Collect$$libinit$$0000002E  c_w.l(libinit2.o)
    0x080002ee   0x00000000   Code   RO         1713    .ARM.Collect$$libinit$$00000030  c_w.l(libinit2.o)
    0x080002ee   0x00000000   Code   RO         1715    .ARM.Collect$$libinit$$00000032  c_w.l(libinit2.o)
    0x080002ee   0x00000002   Code   RO         1716    .ARM.Collect$$libinit$$00000033  c_w.l(libinit2.o)
    0x080002f0   0x00000002   Code   RO         1747    .ARM.Collect$$libshutdown$$00000000  c_w.l(libshutdown.o)
    0x080002f2   0x00000000   Code   RO         1774    .ARM.Collect$$libshutdown$$00000003  c_w.l(libshutdown2.o)
    0x080002f2   0x00000000   Code   RO         1777    .ARM.Collect$$libshutdown$$00000006  c_w.l(libshutdown2.o)
    0x080002f2   0x00000000   Code   RO         1780    .ARM.Collect$$libshutdown$$00000009  c_w.l(libshutdown2.o)
    0x080002f2   0x00000000   Code   RO         1782    .ARM.Collect$$libshutdown$$0000000B  c_w.l(libshutdown2.o)
    0x080002f2   0x00000000   Code   RO         1785    .ARM.Collect$$libshutdown$$0000000E  c_w.l(libshutdown2.o)
    0x080002f2   0x00000002   Code   RO         1786    .ARM.Collect$$libshutdown$$0000000F  c_w.l(libshutdown2.o)
    0x080002f4   0x00000000   Code   RO         1456    .ARM.Collect$$rtentry$$00000000  c_w.l(__rtentry.o)
    0x080002f4   0x00000000   Code   RO         1570    .ARM.Collect$$rtentry$$00000002  c_w.l(__rtentry2.o)
    0x080002f4   0x00000006   Code   RO         1582    .ARM.Collect$$rtentry$$00000004  c_w.l(__rtentry4.o)
    0x080002fa   0x00000000   Code   RO         1572    .ARM.Collect$$rtentry$$00000009  c_w.l(__rtentry2.o)
    0x080002fa   0x00000004   Code   RO         1573    .ARM.Collect$$rtentry$$0000000A  c_w.l(__rtentry2.o)
    0x080002fe   0x00000000   Code   RO         1575    .ARM.Collect$$rtentry$$0000000C  c_w.l(__rtentry2.o)
    0x080002fe   0x00000008   Code   RO         1576    .ARM.Collect$$rtentry$$0000000D  c_w.l(__rtentry2.o)
    0x08000306   0x00000002   Code   RO         1659    .ARM.Collect$$rtexit$$00000000  c_w.l(rtexit.o)
    0x08000308   0x00000000   Code   RO         1720    .ARM.Collect$$rtexit$$00000002  c_w.l(rtexit2.o)
    0x08000308   0x00000004   Code   RO         1721    .ARM.Collect$$rtexit$$00000003  c_w.l(rtexit2.o)
    0x0800030c   0x00000006   Code   RO         1722    .ARM.Collect$$rtexit$$00000004  c_w.l(rtexit2.o)
    0x08000312   0x00000016   Code   RO            3    .text               stm32f4xx_it.o
    0x08000328   0x00000210   Code   RO          133    .text               system_stm32f4xx.o
    0x08000538   0x000005cc   Code   RO          159    .text               main.o
    0x08000b04   0x000000a0   Code   RO          331    .text               io.o
    0x08000ba4   0x00000074   Code   RO          351    .text               led.o
    0x08000c18   0x0000003c   Code   RO          371    .text               beep.o
    0x08000c54   0x00000100   Code   RO          391    .text               timer.o
    0x08000d54   0x0000013c   Code   RO          415    .text               usart3.o
    0x08000e90   0x0000017c   Code   RO          442    .text               usart2.o
    0x0800100c   0x00000724   Code   RO          470    .text               modus.o
    0x08001730   0x00000128   Code   RO          501    .text               usart6.o
    0x08001858   0x00000198   Code   RO          533    .text               adc.o
    0x080019f0   0x00000320   Code   RO          553    .text               w25qxx.o
    0x08001d10   0x0000011c   Code   RO          587    .text               spi.o
    0x08001e2c   0x00000040   Code   RO          608    .text               startup_stm32f40_41xxx.o
    0x08001e6c   0x000000e0   Code   RO          614    .text               misc.o
    0x08001f4c   0x00000294   Code   RO          634    .text               stm32f4xx_gpio.o
    0x080021e0   0x0000065c   Code   RO          654    .text               stm32f4xx_rcc.o
    0x0800283c   0x00000454   Code   RO          696    .text               stm32f4xx_usart.o
    0x08002c90   0x00000ca2   Code   RO          739    .text               stm32f4xx_tim.o
    0x08003932   0x00000002   PAD
    0x08003934   0x00000464   Code   RO          759    .text               stm32f4xx_adc.o
    0x08003d98   0x00000480   Code   RO          779    .text               stm32f4xx_spi.o
    0x08004218   0x00000148   Code   RO          799    .text               delay.o
    0x08004360   0x00000114   Code   RO          846    .text               usart.o
    0x08004474   0x00000084   Code   RO          873    .text               bsp.o
    0x080044f8   0x000002a8   Code   RO          906    .text               cpu_core.o
    0x080047a0   0x00000034   Code   RO          932    .text               cpu_a.o
    0x080047d4   0x00000256   Code   RO          935    .text               lib_ascii.o
    0x08004a2a   0x00000002   PAD
    0x08004a2c   0x000009c6   Code   RO          968    .text               lib_mem.o
    0x080053f2   0x00000002   PAD
    0x080053f4   0x0000092c   Code   RO          987    .text               lib_str.o
    0x08005d20   0x00000220   Code   RO         1004    .text               lib_mem_a.o
    0x08005f40   0x000000fc   Code   RO         1007    .text               os_cfg_app.o
    0x0800603c   0x00000df0   Code   RO         1030    .text               os_core.o
    0x08006e2c   0x000001b0   Code   RO         1042    .text               os_dbg.o
    0x08006fdc   0x00000e28   Code   RO         1057    .text               os_flag.o
    0x08007e04   0x00000444   Code   RO         1069    .text               os_int.o
    0x08008248   0x00000238   Code   RO         1081    .text               os_mem.o
    0x08008480   0x0000022c   Code   RO         1093    .text               os_msg.o
    0x080086ac   0x00000ad4   Code   RO         1105    .text               os_mutex.o
    0x08009180   0x0000007c   Code   RO         1123    .text               os_prio.o
    0x080091fc   0x000008d8   Code   RO         1142    .text               os_q.o
    0x08009ad4   0x00000830   Code   RO         1154    .text               os_sem.o
    0x0800a304   0x00000638   Code   RO         1166    .text               os_stat.o
    0x0800a93c   0x00001bb4   Code   RO         1178    .text               os_task.o
    0x0800c4f0   0x000004fc   Code   RO         1190    .text               os_tick.o
    0x0800c9ec   0x00000564   Code   RO         1202    .text               os_time.o
    0x0800cf50   0x00000818   Code   RO         1214    .text               os_tmr.o
    0x0800d768   0x000003f8   Code   RO         1242    .text               os_cpu_c.o
    0x0800db60   0x000000ee   Code   RO         1418    .text               c_w.l(lludivv7m.o)
    0x0800dc4e   0x00000002   PAD
    0x0800dc50   0x00000024   Code   RO         1420    .text               c_w.l(c89vsprintf.o)
    0x0800dc74   0x0000003e   Code   RO         1422    .text               c_w.l(strlen.o)
    0x0800dcb2   0x0000008a   Code   RO         1424    .text               c_w.l(rt_memcpy_v6.o)
    0x0800dd3c   0x00000044   Code   RO         1426    .text               c_w.l(rt_memclr.o)
    0x0800dd80   0x00000006   Code   RO         1428    .text               c_w.l(heapauxi.o)
    0x0800dd86   0x0000004e   Code   RO         1463    .text               c_w.l(_printf_pad.o)
    0x0800ddd4   0x00000024   Code   RO         1465    .text               c_w.l(_printf_truncate.o)
    0x0800ddf8   0x00000052   Code   RO         1467    .text               c_w.l(_printf_str.o)
    0x0800de4a   0x00000002   PAD
    0x0800de4c   0x00000078   Code   RO         1469    .text               c_w.l(_printf_dec.o)
    0x0800dec4   0x00000028   Code   RO         1471    .text               c_w.l(_printf_charcount.o)
    0x0800deec   0x00000030   Code   RO         1473    .text               c_w.l(_printf_char_common.o)
    0x0800df1c   0x0000000a   Code   RO         1475    .text               c_w.l(_sputc.o)
    0x0800df26   0x00000002   PAD
    0x0800df28   0x000000bc   Code   RO         1477    .text               c_w.l(_printf_wctomb.o)
    0x0800dfe4   0x0000007c   Code   RO         1480    .text               c_w.l(_printf_longlong_dec.o)
    0x0800e060   0x00000070   Code   RO         1486    .text               c_w.l(_printf_oct_int_ll.o)
    0x0800e0d0   0x00000094   Code   RO         1506    .text               c_w.l(_printf_hex_int_ll_ptr.o)
    0x0800e164   0x00000188   Code   RO         1526    .text               c_w.l(__printf_flags_ss_wp.o)
    0x0800e2ec   0x00000064   Code   RO         1552    .text               c_w.l(rt_memcpy_w.o)
    0x0800e350   0x0000004e   Code   RO         1554    .text               c_w.l(rt_memclr_w.o)
    0x0800e39e   0x0000008a   Code   RO         1586    .text               c_w.l(lludiv10.o)
    0x0800e428   0x000000b2   Code   RO         1588    .text               c_w.l(_printf_intcommon.o)
    0x0800e4da   0x0000041a   Code   RO         1590    .text               c_w.l(_printf_fp_dec.o)
    0x0800e8f4   0x0000002c   Code   RO         1594    .text               c_w.l(_printf_char.o)
    0x0800e920   0x0000002c   Code   RO         1596    .text               c_w.l(_printf_wchar.o)
    0x0800e94c   0x00000040   Code   RO         1599    .text               c_w.l(_wcrtomb.o)
    0x0800e98c   0x0000004a   Code   RO         1601    .text               c_w.l(sys_stackheap_outer.o)
    0x0800e9d6   0x00000002   PAD
    0x0800e9d8   0x00000010   Code   RO         1603    .text               c_w.l(rt_ctype_table.o)
    0x0800e9e8   0x00000008   Code   RO         1608    .text               c_w.l(rt_locale_intlibspace.o)
    0x0800e9f0   0x00000080   Code   RO         1610    .text               c_w.l(_printf_fp_infnan.o)
    0x0800ea70   0x000000dc   Code   RO         1612    .text               c_w.l(bigflt0.o)
    0x0800eb4c   0x0000000c   Code   RO         1640    .text               c_w.l(exit.o)
    0x0800eb58   0x00000008   Code   RO         1656    .text               c_w.l(libspace.o)
    0x0800eb60   0x00000080   Code   RO         1670    .text               c_w.l(strcmpv7m.o)
    0x0800ebe0   0x0000000c   Code   RO         1717    .text               c_w.l(sys_exit.o)
    0x0800ebec   0x00000002   Code   RO         1736    .text               c_w.l(use_no_semi.o)
    0x0800ebee   0x00000000   Code   RO         1738    .text               c_w.l(indicate_semi.o)
    0x0800ebee   0x0000003e   Code   RO         1615    CL$$btod_d2e        c_w.l(btod.o)
    0x0800ec2c   0x00000046   Code   RO         1617    CL$$btod_d2e_denorm_low  c_w.l(btod.o)
    0x0800ec72   0x00000060   Code   RO         1616    CL$$btod_d2e_norm_op1  c_w.l(btod.o)
    0x0800ecd2   0x00000338   Code   RO         1625    CL$$btod_div_common  c_w.l(btod.o)
    0x0800f00a   0x000000c6   Code   RO         1622    CL$$btod_e2e        c_w.l(btod.o)
    0x0800f0d0   0x00000028   Code   RO         1619    CL$$btod_ediv       c_w.l(btod.o)
    0x0800f0f8   0x00000028   Code   RO         1618    CL$$btod_emul       c_w.l(btod.o)
    0x0800f120   0x00000244   Code   RO         1624    CL$$btod_mult_common  c_w.l(btod.o)
    0x0800f364   0x000000ac   Code   RO         1266    CODE                os_cpu_a.o
    0x0800f410   0x00000104   Code   RO         1284    i.Analyze           dbus.lib(dbus.o)
    0x0800f514   0x0000003a   Code   RO         1285    i.CRC_CALC          dbus.lib(dbus.o)
    0x0800f54e   0x00000002   PAD
    0x0800f550   0x0000000c   Code   RO         1286    i.Dbus_Init         dbus.lib(dbus.o)
    0x0800f55c   0x0000000c   Code   RO         1287    i.Delay_interrupt   dbus.lib(dbus.o)
    0x0800f568   0x00000064   Code   RO         1288    i.Heart             dbus.lib(dbus.o)
    0x0800f5cc   0x0000007e   Code   RO         1289    i.HexStrToDec       dbus.lib(dbus.o)
    0x0800f64a   0x00000002   PAD
    0x0800f64c   0x00000038   Code   RO         1290    i.InPut             dbus.lib(dbus.o)
    0x0800f684   0x000000ec   Code   RO         1291    i.OpenBox           dbus.lib(dbus.o)
    0x0800f770   0x0000000c   Code   RO         1292    i.OutPut_interrupt  dbus.lib(dbus.o)
    0x0800f77c   0x000000ec   Code   RO         1295    i.Response_Read_Multiple_Registers  dbus.lib(dbus.o)
    0x0800f868   0x00000090   Code   RO         1296    i.Response_Read_Register  dbus.lib(dbus.o)
    0x0800f8f8   0x000000b4   Code   RO         1297    i.Response_Write_Multiple_Registers  dbus.lib(dbus.o)
    0x0800f9ac   0x0000008c   Code   RO         1298    i.Response_Write_Register  dbus.lib(dbus.o)
    0x0800fa38   0x000000bc   Code   RO         1299    i.Send              dbus.lib(dbus.o)
    0x0800faf4   0x00000030   Code   RO         1654    i.__ARM_fpclassify  m_wm.l(fpclassify.o)
    0x0800fb24   0x0000000e   Code   RO         1519    i._is_digit         c_w.l(__printf_wp.o)
    0x0800fb32   0x00000002   PAD
    0x0800fb34   0x0000002c   Code   RO         1638    locale$$code        c_w.l(lc_numeric_c.o)
    0x0800fb60   0x0000002c   Code   RO         1664    locale$$code        c_w.l(lc_ctype_c.o)
    0x0800fb8c   0x00000062   Code   RO         1432    x$fpl$d2f           fz_wm.l(d2f.o)
    0x0800fbee   0x00000002   PAD
    0x0800fbf0   0x00000150   Code   RO         1434    x$fpl$dadd          fz_wm.l(daddsub_clz.o)
    0x0800fd40   0x00000018   Code   RO         1556    x$fpl$dcmpinf       fz_wm.l(dcmpi.o)
    0x0800fd58   0x000002b0   Code   RO         1441    x$fpl$ddiv          fz_wm.l(ddiv.o)
    0x08010008   0x00000026   Code   RO         1444    x$fpl$dfltu         fz_wm.l(dflt_clz.o)
    0x0801002e   0x00000002   PAD
    0x08010030   0x00000078   Code   RO         1450    x$fpl$dleqf         fz_wm.l(dleqf.o)
    0x080100a8   0x00000154   Code   RO         1452    x$fpl$dmul          fz_wm.l(dmul.o)
    0x080101fc   0x0000009c   Code   RO         1558    x$fpl$dnaninf       fz_wm.l(dnaninf.o)
    0x08010298   0x0000000c   Code   RO         1560    x$fpl$dretinf       fz_wm.l(dretinf.o)
    0x080102a4   0x000001d4   Code   RO         1436    x$fpl$dsub          fz_wm.l(daddsub_clz.o)
    0x08010478   0x00000056   Code   RO         1454    x$fpl$f2d           fz_wm.l(f2d.o)
    0x080104ce   0x0000008c   Code   RO         1562    x$fpl$fnaninf       fz_wm.l(fnaninf.o)
    0x0801055a   0x0000000a   Code   RO         1732    x$fpl$fpinit        fz_wm.l(fpinit.o)
    0x08010564   0x0000000a   Code   RO         1564    x$fpl$fretinf       fz_wm.l(fretinf.o)
    0x0801056e   0x00000004   Code   RO         1566    x$fpl$printf1       fz_wm.l(printf1.o)
    0x08010572   0x00000000   Code   RO         1568    x$fpl$usenofp       fz_wm.l(usenofp.o)
    0x08010572   0x00000002   PAD
    0x08010574   0x00000104   Data   RO          908    .constdata          cpu_core.o
    0x08010678   0x00000094   Data   RO          988    .constdata          lib_str.o
    0x0801070c   0x000000a4   Data   RO         1009    .constdata          os_cfg_app.o
    0x080107b0   0x0000016c   Data   RO         1043    .constdata          os_dbg.o
    0x0801091c   0x00000008   Data   RO         1478    .constdata          c_w.l(_printf_wctomb.o)
    0x08010924   0x00000028   Data   RO         1507    .constdata          c_w.l(_printf_hex_int_ll_ptr.o)
    0x0801094c   0x00000011   Data   RO         1527    .constdata          c_w.l(__printf_flags_ss_wp.o)
    0x0801095d   0x00000003   PAD
    0x08010960   0x00000094   Data   RO         1613    .constdata          c_w.l(bigflt0.o)
    0x080109f4   0x0000002c   Data   RO          161    .conststring        main.o
    0x08010a20   0x00000007   Data   RO         1303    .conststring        dbus.lib(dbus.o)
    0x08010a27   0x00000001   PAD
    0x08010a28   0x00000020   Data   RO         1787    Region$$Table       anon$$obj.o
    0x08010a48   0x0000001c   Data   RO         1637    locale$$data        c_w.l(lc_numeric_c.o)
    0x08010a64   0x00000110   Data   RO         1663    locale$$data        c_w.l(lc_ctype_c.o)


    Execution Region RW_IRAM1 (Base: 0x20000000, Size: 0x0000cd58, Max: 0x00020000, ABSOLUTE, COMPRESSED[0x00000030])

    Base Addr    Size         Type   Attr      Idx    E Section Name        Object

    0x20000000   0x00000014   Data   RW          134    .data               system_stm32f4xx.o
    0x20000014   0x00000010   Data   RW          162    .data               main.o
    0x20000024   0x00000004   Data   RW          417    .data               usart3.o
    0x20000028   0x00000004   Data   RW          444    .data               usart2.o
    0x2000002c   0x00000002   Data   RW          472    .data               modus.o
    0x2000002e   0x00000002   Data   RW          555    .data               w25qxx.o
    0x20000030   0x00000010   Data   RW          655    .data               stm32f4xx_rcc.o
    0x20000040   0x00000004   Data   RW          800    .data               delay.o
    0x20000044   0x00000004   Data   RW          848    .data               usart.o
    0x20000048   0x00000004   Data   RW          909    .data               cpu_core.o
    0x2000004c   0x00000004   Data   RW          970    .data               lib_mem.o
    0x20000050   0x00000008   Data   RW         1124    .data               os_prio.o
    0x20000058   0x000000c8   Data   RW         1227    .data               os_var.o
    0x20000120   0x00000004   Data   RW         1243    .data               os_cpu_c.o
    0x20000124   0x0000001a   Data   RW         1304    .data               dbus.lib(dbus.o)
    0x2000013e   0x00000002   PAD
    0x20000140   0x00002e60   Zero   RW          160    .bss                main.o
    0x20002fa0   0x00000320   Zero   RW          416    .bss                usart3.o
    0x200032c0   0x00000320   Zero   RW          443    .bss                usart2.o
    0x200035e0   0x000000d2   Zero   RW          471    .bss                modus.o
    0x200036b2   0x00000006   PAD
    0x200036b8   0x00000320   Zero   RW          502    .bss                usart6.o
    0x200039d8   0x00001000   Zero   RW          554    .bss                w25qxx.o
    0x200049d8   0x00000258   Zero   RW          847    .bss                usart.o
    0x20004c30   0x00000010   Zero   RW          907    .bss                cpu_core.o
    0x20004c40   0x00000448   Zero   RW          969    .bss                lib_mem.o
    0x20005088   0x00001490   Zero   RW         1008    .bss                os_cfg_app.o
    0x20006518   0x000006e0   Zero   RW         1226    .bss                os_var.o
    0x20006bf8   0x00004900   Zero   RW         1302    .bss                dbus.lib(dbus.o)
    0x2000b4f8   0x00000060   Zero   RW         1657    .bss                c_w.l(libspace.o)
    0x2000b558   0x00000800   Zero   RW          606    HEAP                startup_stm32f40_41xxx.o
    0x2000bd58   0x00001000   Zero   RW          605    STACK               startup_stm32f40_41xxx.o


==============================================================================

Image component sizes


      Code (inc. data)   RO Data    RW Data    ZI Data      Debug   Object Name

       408         36          0          0          0       1439   adc.o
        60          4          0          0          0        512   beep.o
       132         14          0          0          0       1187   bsp.o
        52          0          0          0          0        312   cpu_a.o
       680         14        260          4         16      14523   cpu_core.o
       328         24          0          4          0       1809   delay.o
       160         14          0          0          0        794   io.o
       116          8          0          0          0        539   led.o
       598          0          0          0          0       3764   lib_ascii.o
      2502         32          0          4       1096      21824   lib_mem.o
       544          0          0          0          0        460   lib_mem_a.o
      2348          6        148          0          0      13122   lib_str.o
      1484        280         44         16      11872     288144   main.o
       224         20          0          0          0       1925   misc.o
      1828         64          0          2        210       6355   modus.o
       252        166        164          0       5264      20834   os_cfg_app.o
      3568        284          0          0          0      12169   os_core.o
       172         32          0          0          0        380   os_cpu_a.o
      1016         64          0          4          0       3953   os_cpu_c.o
       432        286        364          0          0       4713   os_dbg.o
      3624        110          0          0          0       7883   os_flag.o
      1092        146          0          0          0       2260   os_int.o
       568         20          0          0          0       2756   os_mem.o
       556         12          0          0          0       2767   os_msg.o
      2772        114          0          0          0       5574   os_mutex.o
       124          4          0          8          0       1856   os_prio.o
      2264         76          0          0          0       6252   os_q.o
      2096         70          0          0          0       6268   os_sem.o
      1592        180          0          0          0       2761   os_stat.o
      7092        270          0          0          0      13630   os_task.o
      1276         90          0          0          0       3365   os_tick.o
      1380         46          0          0          0       3157   os_time.o
      2072        140          0          0          0       6454   os_tmr.o
         0          0          0        200       1760      19301   os_var.o
       284         10          0          0          0       1041   spi.o
        64         26        392          0       6144        820   startup_stm32f40_41xxx.o
      1124         24          0          0          0      10598   stm32f4xx_adc.o
       660         44          0          0          0       4197   stm32f4xx_gpio.o
        22          0          0          0          0      61759   stm32f4xx_it.o
      1628         52          0         16          0      12996   stm32f4xx_rcc.o
      1152         36          0          0          0       6949   stm32f4xx_spi.o
      3234         60          0          0          0      22400   stm32f4xx_tim.o
      1108         34          0          0          0       7900   stm32f4xx_usart.o
       528         46          0         20          0       1731   system_stm32f4xx.o
       256         26          0          0          0        868   timer.o
       276         20          0          4        600       1896   usart.o
       380         28          0          4        800       2230   usart2.o
       316         20          0          4        800       1948   usart3.o
       296         12          0          0        800       1950   usart6.o
       800         22          0          2       4096       3962   w25qxx.o

    ----------------------------------------------------------------------
     55546       3086       1404        292      33464     626287   Object Totals
         0          0         32          0          0          0   (incl. Generated)
         6          0          0          0          6          0   (incl. Padding)

    ----------------------------------------------------------------------

      Code (inc. data)   RO Data    RW Data    ZI Data      Debug   Library Member Name

        90          0          0          0          0          0   __dczerorl2.o
         8          0          0          0          0         68   __main.o
       392          4         17          0          0         92   __printf_flags_ss_wp.o
        14          0          0          0          0         68   __printf_wp.o
         0          0          0          0          0          0   __rtentry.o
        12          0          0          0          0          0   __rtentry2.o
         6          0          0          0          0          0   __rtentry4.o
        52          8          0          0          0          0   __scatter.o
        28          0          0          0          0          0   __scatter_zi.o
         6          0          0          0          0          0   _printf_a.o
         6          0          0          0          0          0   _printf_c.o
        44          0          0          0          0        108   _printf_char.o
        48          6          0          0          0         96   _printf_char_common.o
        40          0          0          0          0         68   _printf_charcount.o
         6          0          0          0          0          0   _printf_d.o
       120         16          0          0          0         92   _printf_dec.o
         6          0          0          0          0          0   _printf_e.o
         6          0          0          0          0          0   _printf_f.o
      1050          0          0          0          0        216   _printf_fp_dec.o
       128         16          0          0          0         84   _printf_fp_infnan.o
         6          0          0          0          0          0   _printf_g.o
       148          4         40          0          0        160   _printf_hex_int_ll_ptr.o
         6          0          0          0          0          0   _printf_i.o
       178          0          0          0          0         88   _printf_intcommon.o
        10          0          0          0          0          0   _printf_l.o
         6          0          0          0          0          0   _printf_lc.o
        10          0          0          0          0          0   _printf_ll.o
         6          0          0          0          0          0   _printf_lld.o
         6          0          0          0          0          0   _printf_lli.o
         6          0          0          0          0          0   _printf_llo.o
         6          0          0          0          0          0   _printf_llu.o
         6          0          0          0          0          0   _printf_llx.o
       124         16          0          0          0         92   _printf_longlong_dec.o
         6          0          0          0          0          0   _printf_ls.o
         6          0          0          0          0          0   _printf_n.o
         6          0          0          0          0          0   _printf_o.o
       112          8          0          0          0        124   _printf_oct_int_ll.o
         6          0          0          0          0          0   _printf_p.o
        78          0          0          0          0        108   _printf_pad.o
         0          0          0          0          0          0   _printf_percent.o
         4          0          0          0          0          0   _printf_percent_end.o
         6          0          0          0          0          0   _printf_s.o
        82          0          0          0          0         80   _printf_str.o
        36          0          0          0          0         84   _printf_truncate.o
         6          0          0          0          0          0   _printf_u.o
        44          0          0          0          0        108   _printf_wchar.o
       188          6          8          0          0         92   _printf_wctomb.o
         6          0          0          0          0          0   _printf_x.o
        10          0          0          0          0         68   _sputc.o
        64          0          0          0          0         92   _wcrtomb.o
       220          4        148          0          0         96   bigflt0.o
      1910        128          0          0          0        672   btod.o
        36          4          0          0          0         76   c89vsprintf.o
        12          0          0          0          0         72   exit.o
         6          0          0          0          0        152   heapauxi.o
         0          0          0          0          0          0   indicate_semi.o
        44         10        272          0          0         76   lc_ctype_c.o
        44         10         28          0          0         76   lc_numeric_c.o
         2          0          0          0          0          0   libinit.o
        34          0          0          0          0          0   libinit2.o
         2          0          0          0          0          0   libshutdown.o
         2          0          0          0          0          0   libshutdown2.o
         8          4          0          0         96         68   libspace.o
       138          0          0          0          0         80   lludiv10.o
       238          0          0          0          0        100   lludivv7m.o
        16          4          0          0          0         76   rt_ctype_table.o
         8          4          0          0          0         68   rt_locale_intlibspace.o
        68          0          0          0          0         68   rt_memclr.o
        78          0          0          0          0         80   rt_memclr_w.o
       138          0          0          0          0         68   rt_memcpy_v6.o
       100          0          0          0          0         80   rt_memcpy_w.o
         2          0          0          0          0          0   rtexit.o
        10          0          0          0          0          0   rtexit2.o
       128          0          0          0          0         68   strcmpv7m.o
        62          0          0          0          0         76   strlen.o
        12          4          0          0          0         68   sys_exit.o
        74          0          0          0          0         80   sys_stackheap_outer.o
         2          0          0          0          0         68   use_no_semi.o
      1760        160          7         26      18688      10795   dbus.o
        98          4          0          0          0        140   d2f.o
       804         16          0          0          0        368   daddsub_clz.o
        24          0          0          0          0        116   dcmpi.o
       688        140          0          0          0        256   ddiv.o
        38          0          0          0          0        116   dflt_clz.o
       120          4          0          0          0        140   dleqf.o
       340         12          0          0          0        152   dmul.o
       156          4          0          0          0        140   dnaninf.o
        12          0          0          0          0        116   dretinf.o
        86          4          0          0          0        132   f2d.o
       140          4          0          0          0        132   fnaninf.o
        10          0          0          0          0        116   fpinit.o
        10          0          0          0          0        116   fretinf.o
         4          0          0          0          0        116   printf1.o
         0          0          0          0          0          0   usenofp.o
        48          0          0          0          0        124   fpclassify.o

    ----------------------------------------------------------------------
     10994        604        524         28      18784      17331   Library Totals
        22          0          4          2          0          0   (incl. Padding)

    ----------------------------------------------------------------------

      Code (inc. data)   RO Data    RW Data    ZI Data      Debug   Library Name

      6634        256        513          0         96       4256   c_w.l
      1760        160          7         26      18688      10795   dbus.lib
      2530        188          0          0          0       2156   fz_wm.l
        48          0          0          0          0        124   m_wm.l

    ----------------------------------------------------------------------
     10994        604        524         28      18784      17331   Library Totals

    ----------------------------------------------------------------------

==============================================================================


      Code (inc. data)   RO Data    RW Data    ZI Data      Debug   

     66540       3690       1928        320      52248     628478   Grand Totals
     66540       3690       1928         48      52248     628478   ELF Image Totals (compressed)
     66540       3690       1928         48          0          0   ROM Totals

==============================================================================

    Total RO  Size (Code + RO Data)                68468 (  66.86kB)
    Total RW  Size (RW Data + ZI Data)             52568 (  51.34kB)
    Total ROM Size (Code + RO Data + RW Data)      68516 (  66.91kB)

==============================================================================

