Component: ARM Compiler 5.06 update 4 (build 422) Tool: armlink [4d35d2]

==============================================================================

Section Cross References

    system_stm32f4xx.o(.text) refers to system_stm32f4xx.o(.data) for SystemCoreClock
    main.o(.text) refers to usart2.o(.text) for USART_OUT
    main.o(.text) refers to delay.o(.text) for delay_ms
    main.o(.text) refers to cpu_core.o(.text) for CPU_Init
    main.o(.text) refers to os_stat.o(.text) for OSStatTaskCPUUsageInit
    main.o(.text) refers to os_core.o(.text) for OSSchedRoundRobinCfg
    main.o(.text) refers to cpu_a.o(.text) for CPU_SR_Save
    main.o(.text) refers to os_task.o(.text) for OSTaskCreate
    main.o(.text) refers to misc.o(.text) for NVIC_PriorityGroupConfig
    main.o(.text) refers to usart.o(.text) for usart1_init
    main.o(.text) refers to io.o(.text) for IO_Init
    main.o(.text) refers to led.o(.text) for LED_Init
    main.o(.text) refers to beep.o(.text) for BEEP_Init
    main.o(.text) refers to usart3.o(.text) for usart3_init
    main.o(.text) refers to usart6.o(.text) for usart6_init
    main.o(.text) refers to c89vsprintf.o(.text) for __c89vsprintf
    main.o(.text) refers to strlen.o(.text) for strlen
    main.o(.text) refers to dflt_clz.o(x$fpl$dfltu) for __aeabi_ui2d
    main.o(.text) refers to ddiv.o(x$fpl$ddiv) for __aeabi_ddiv
    main.o(.text) refers to dleqf.o(x$fpl$dleqf) for __aeabi_cdcmple
    main.o(.text) refers to rt_memclr.o(.text) for __aeabi_memclr
    main.o(.text) refers to dbus.o(.data) for Dbus
    main.o(.text) refers to os_var.o(.data) for OSSchedLockNestingCtr
    main.o(.text) refers to main.o(.bss) for TASK1_TASK_STK
    main.o(.text) refers to usart6.o(.bss) for USART6_TX_BUF
    main.o(.data) refers to main.o(.conststring) for .conststring
    dbus.o(.text) refers to rt_memclr.o(.text) for __aeabi_memclr
    dbus.o(.text) refers to strlen.o(.text) for strlen
    dbus.o(.text) refers to dbus.o(.bss) for Send_TX_BUF
    dbus.o(.text) refers to dbus.o(.data) for DBUS_HEAD
    dbus.o(.text) refers to rt_memcpy_v6.o(.text) for __aeabi_memcpy
    dbus.o(.data) refers to dbus.o(.conststring) for .conststring
    dbus.o(.data) refers to dbus.o(.bss) for Register
    dbus.o(.data) refers to dbus.o(.text) for Init
    io.o(.text) refers to stm32f4xx_rcc.o(.text) for RCC_AHB1PeriphClockCmd
    io.o(.text) refers to stm32f4xx_gpio.o(.text) for GPIO_Init
    led.o(.text) refers to stm32f4xx_rcc.o(.text) for RCC_AHB1PeriphClockCmd
    led.o(.text) refers to stm32f4xx_gpio.o(.text) for GPIO_Init
    beep.o(.text) refers to stm32f4xx_rcc.o(.text) for RCC_AHB1PeriphClockCmd
    beep.o(.text) refers to stm32f4xx_gpio.o(.text) for GPIO_Init
    timer.o(.text) refers to stm32f4xx_tim.o(.text) for TIM_GetITStatus
    timer.o(.text) refers to stm32f4xx_usart.o(.text) for USART_ITConfig
    timer.o(.text) refers to modus.o(.text) for AnalyzeRecieve
    timer.o(.text) refers to stm32f4xx_rcc.o(.text) for RCC_APB1PeriphClockCmd
    timer.o(.text) refers to misc.o(.text) for NVIC_Init
    timer.o(.text) refers to modus.o(.data) for Reciver_bit
    timer.o(.text) refers to usart2.o(.bss) for USART2_RX_BUF
    timer.o(.text) refers to usart2.o(.data) for RxCounter2
    usart3.o(.text) refers to stm32f4xx_usart.o(.text) for USART_GetITStatus
    usart3.o(.text) refers to stm32f4xx_rcc.o(.text) for RCC_AHB1PeriphClockCmd
    usart3.o(.text) refers to stm32f4xx_gpio.o(.text) for GPIO_PinAFConfig
    usart3.o(.text) refers to misc.o(.text) for NVIC_Init
    usart3.o(.text) refers to c89vsprintf.o(.text) for __c89vsprintf
    usart3.o(.text) refers to strlen.o(.text) for strlen
    usart3.o(.text) refers to dbus.o(.data) for Dbus
    usart3.o(.text) refers to usart3.o(.bss) for USART3_TX_BUF
    usart2.o(.text) refers to stm32f4xx_rcc.o(.text) for RCC_AHB1PeriphClockCmd
    usart2.o(.text) refers to stm32f4xx_gpio.o(.text) for GPIO_PinAFConfig
    usart2.o(.text) refers to stm32f4xx_usart.o(.text) for USART_Init
    usart2.o(.text) refers to misc.o(.text) for NVIC_Init
    usart2.o(.text) refers to c89vsprintf.o(.text) for __c89vsprintf
    usart2.o(.text) refers to strlen.o(.text) for strlen
    usart2.o(.text) refers to usart2.o(.bss) for USART2_TX_BUF
    modus.o(.text) refers to usart2.o(.text) for USART_OUT
    modus.o(.text) refers to usart2.o(.bss) for USART2_TX_BUF
    modus.o(.text) refers to usart2.o(.data) for TxCounter2
    modus.o(.text) refers to modus.o(.bss) for PLC_OutPut
    usart6.o(.text) refers to stm32f4xx_usart.o(.text) for USART_GetITStatus
    usart6.o(.text) refers to stm32f4xx_rcc.o(.text) for RCC_AHB1PeriphClockCmd
    usart6.o(.text) refers to stm32f4xx_gpio.o(.text) for GPIO_PinAFConfig
    usart6.o(.text) refers to misc.o(.text) for NVIC_Init
    usart6.o(.text) refers to c89vsprintf.o(.text) for __c89vsprintf
    usart6.o(.text) refers to strlen.o(.text) for strlen
    usart6.o(.text) refers to dbus.o(.data) for Dbus
[...]
    TIM_ITRxExternalClockConfig              0x08003d91   Thumb Code    24  stm32f4xx_tim.o(.text)
    TIM_TIxExternalClockConfig               0x08003da9   Thumb Code    62  stm32f4xx_tim.o(.text)
    TIM_ETRConfig                            0x08003de7   Thumb Code    28  stm32f4xx_tim.o(.text)
    TIM_ETRClockMode1Config                  0x08003e03   Thumb Code    54  stm32f4xx_tim.o(.text)
    TIM_ETRClockMode2Config                  0x08003e39   Thumb Code    32  stm32f4xx_tim.o(.text)
    TIM_SelectOutputTrigger                  0x08003e59   Thumb Code    18  stm32f4xx_tim.o(.text)
    TIM_SelectSlaveMode                      0x08003e6b   Thumb Code    18  stm32f4xx_tim.o(.text)
    TIM_SelectMasterSlaveMode                0x08003e7d   Thumb Code    18  stm32f4xx_tim.o(.text)
    TIM_EncoderInterfaceConfig               0x08003e8f   Thumb Code    66  stm32f4xx_tim.o(.text)
    TIM_SelectHallSensor                     0x08003ed1   Thumb Code    24  stm32f4xx_tim.o(.text)
    TIM_RemapConfig                          0x08003ee9   Thumb Code     6  stm32f4xx_tim.o(.text)
    delay_osschedlock                        0x08003ef1   Thumb Code    10  delay.o(.text)
    delay_osschedunlock                      0x08003efb   Thumb Code    10  delay.o(.text)
    delay_ostimedly                          0x08003f05   Thumb Code    16  delay.o(.text)
    SysTick_Handler                          0x08003f15   Thumb Code    24  delay.o(.text)
    delay_init                               0x08003f2d   Thumb Code    94  delay.o(.text)
    delay_us                                 0x08003f8b   Thumb Code    84  delay.o(.text)
    delay_ms                                 0x08003fdf   Thumb Code    66  delay.o(.text)
    USART1_IRQHandler                        0x08004039   Thumb Code    52  usart.o(.text)
    usart1_init                              0x0800406d   Thumb Code   132  usart.o(.text)
    u1_printf                                0x080040f1   Thumb Code    72  usart.o(.text)
    BSP_CPU_ClkFreq                          0x0800414d   Thumb Code    14  bsp.o(.text)
    CPU_TS_TmrInit                           0x0800415b   Thumb Code    44  bsp.o(.text)
    CPU_TS_TmrRd                             0x08004187   Thumb Code     6  bsp.o(.text)
    CPU_TS32_to_uSec                         0x0800418d   Thumb Code    54  bsp.o(.text)
    CPU_NameClr                              0x080041d1   Thumb Code    42  cpu_core.o(.text)
    CPU_Init                                 0x08004211   Thumb Code    12  cpu_core.o(.text)
    CPU_SW_Exception                         0x0800421d   Thumb Code     4  cpu_core.o(.text)
    CPU_NameGet                              0x08004221   Thumb Code    70  cpu_core.o(.text)
    CPU_NameSet                              0x08004267   Thumb Code    96  cpu_core.o(.text)
    CPU_TS_Get32                             0x080042c7   Thumb Code    12  cpu_core.o(.text)
    CPU_TS_Update                            0x080042d3   Thumb Code     2  cpu_core.o(.text)
    CPU_TS_TmrFreqGet                        0x080042d5   Thumb Code    30  cpu_core.o(.text)
    CPU_TS_TmrFreqSet                        0x080042f3   Thumb Code     6  cpu_core.o(.text)
    CPU_CntLeadZeros08                       0x080042f9   Thumb Code    18  cpu_core.o(.text)
    CPU_CntLeadZeros16                       0x0800430b   Thumb Code    18  cpu_core.o(.text)
    CPU_CntLeadZeros32                       0x0800431d   Thumb Code    18  cpu_core.o(.text)
    CPU_CntLeadZeros64                       0x0800432f   Thumb Code   188  cpu_core.o(.text)
    CPU_CntTrailZeros08                      0x080043eb   Thumb Code    22  cpu_core.o(.text)
    CPU_CntTrailZeros16                      0x08004401   Thumb Code    22  cpu_core.o(.text)
    CPU_CntTrailZeros32                      0x08004417   Thumb Code    22  cpu_core.o(.text)
    CPU_CntTrailZeros64                      0x0800442d   Thumb Code    62  cpu_core.o(.text)
    CPU_IntDis                               0x08004479   Thumb Code     0  cpu_a.o(.text)
    CPU_IntEn                                0x0800447d   Thumb Code     0  cpu_a.o(.text)
    CPU_SR_Save                              0x08004481   Thumb Code     0  cpu_a.o(.text)
    CPU_SR_Restore                           0x08004489   Thumb Code     0  cpu_a.o(.text)
    CPU_WaitForInt                           0x0800448f   Thumb Code     0  cpu_a.o(.text)
    CPU_WaitForExcept                        0x08004493   Thumb Code     0  cpu_a.o(.text)
    CPU_CntLeadZeros                         0x08004497   Thumb Code     0  cpu_a.o(.text)
    CPU_CntTrailZeros                        0x0800449d   Thumb Code     0  cpu_a.o(.text)
    CPU_RevBits                              0x080044a7   Thumb Code     0  cpu_a.o(.text)
    ASCII_IsAlpha                            0x080044ad   Thumb Code    48  lib_ascii.o(.text)
    ASCII_IsAlphaNum                         0x080044dd   Thumb Code    76  lib_ascii.o(.text)
    ASCII_IsLower                            0x08004529   Thumb Code    20  lib_ascii.o(.text)
    ASCII_IsUpper                            0x0800453d   Thumb Code    20  lib_ascii.o(.text)
    ASCII_IsDig                              0x08004551   Thumb Code    20  lib_ascii.o(.text)
    ASCII_IsDigOct                           0x08004565   Thumb Code    20  lib_ascii.o(.text)
    ASCII_IsDigHex                           0x08004579   Thumb Code    36  lib_ascii.o(.text)
    ASCII_IsBlank                            0x0800459d   Thumb Code    20  lib_ascii.o(.text)
    ASCII_IsSpace                            0x080045b1   Thumb Code    36  lib_ascii.o(.text)
    ASCII_IsPrint                            0x080045d5   Thumb Code    20  lib_ascii.o(.text)
    ASCII_IsGraph                            0x080045e9   Thumb Code    20  lib_ascii.o(.text)
    ASCII_IsPunct                            0x080045fd   Thumb Code   134  lib_ascii.o(.text)
    ASCII_IsCtrl                             0x08004683   Thumb Code    26  lib_ascii.o(.text)
    ASCII_ToLower                            0x0800469d   Thumb Code    32  lib_ascii.o(.text)
    ASCII_ToUpper                            0x080046bd   Thumb Code    32  lib_ascii.o(.text)
    ASCII_Cmp                                0x080046dd   Thumb Code    38  lib_ascii.o(.text)
    Mem_Init                                 0x08004705   Thumb Code    54  lib_mem.o(.text)
    Mem_Set                                  0x0800473b   Thumb Code    84  lib_mem.o(.text)
    Mem_Clr                                  0x0800478f   Thumb Code    18  lib_mem.o(.text)
    Mem_Move                                 0x080047a1   Thumb Code   186  lib_mem.o(.text)
    Mem_Cmp                                  0x0800485b   Thumb Code   192  lib_mem.o(.text)
    Mem_HeapAlloc                            0x08004993   Thumb Code   168  lib_mem.o(.text)
    Mem_SegGetSizeRem                        0x08004a3b   Thumb Code   108  lib_mem.o(.text)
    Mem_HeapGetSizeRem                       0x08004aa7   Thumb Code    22  lib_mem.o(.text)
    Mem_PoolClr                              0x08004abd   Thumb Code    80  lib_mem.o(.text)
    Mem_PoolCreate                           0x08004b0d   Thumb Code   838  lib_mem.o(.text)
    Mem_PoolBlkGetNbrAvail                   0x08004e53   Thumb Code    52  lib_mem.o(.text)
    Mem_PoolBlkGet                           0x08004e87   Thumb Code   126  lib_mem.o(.text)
    Mem_PoolBlkGetUsedAtIx                   0x08004f05   Thumb Code   140  lib_mem.o(.text)
    Mem_PoolBlkFree                          0x08004f91   Thumb Code   152  lib_mem.o(.text)
    Mem_PoolBlkIxGet                         0x08005029   Thumb Code   162  lib_mem.o(.text)
    Str_Len_N                                0x080050cd   Thumb Code    28  lib_str.o(.text)
    Str_Len                                  0x080050e9   Thumb Code    20  lib_str.o(.text)
    Str_Copy_N                               0x080050fd   Thumb Code    70  lib_str.o(.text)
    Str_Copy                                 0x08005143   Thumb Code    24  lib_str.o(.text)
    Str_Cat_N                                0x0800515b   Thumb Code    90  lib_str.o(.text)
    Str_Cat                                  0x080051b5   Thumb Code    24  lib_str.o(.text)
    Str_Cmp_N                                0x080051cd   Thumb Code   156  lib_str.o(.text)
    Str_Cmp                                  0x08005269   Thumb Code    24  lib_str.o(.text)
    Str_CmpIgnoreCase_N                      0x08005281   Thumb Code   264  lib_str.o(.text)
    Str_CmpIgnoreCase                        0x08005389   Thumb Code    24  lib_str.o(.text)
    Str_Char_N                               0x080053a1   Thumb Code    74  lib_str.o(.text)
    Str_Char                                 0x080053eb   Thumb Code    24  lib_str.o(.text)
    Str_Char_Last_N                          0x08005403   Thumb Code    76  lib_str.o(.text)
    Str_Char_Last                            0x0800544f   Thumb Code    24  lib_str.o(.text)
    Str_Char_Replace_N                       0x08005467   Thumb Code    52  lib_str.o(.text)
    Str_Char_Replace                         0x0800549b   Thumb Code    28  lib_str.o(.text)
    Str_Str_N                                0x080054b7   Thumb Code   182  lib_str.o(.text)
    Str_Str                                  0x0800556d   Thumb Code    24  lib_str.o(.text)
    Str_FmtNbr_Int32U                        0x08005761   Thumb Code    46  lib_str.o(.text)
    Str_FmtNbr_Int32S                        0x0800578f   Thumb Code    62  lib_str.o(.text)
    Str_ParseNbr_Int32U                      0x0800598b   Thumb Code    30  lib_str.o(.text)
    Str_ParseNbr_Int32S                      0x080059a9   Thumb Code    74  lib_str.o(.text)
    Mem_Copy                                 0x080059f9   Thumb Code     0  lib_mem_a.o(.text)
    OSCfg_Init                               0x08005c19   Thumb Code    86  os_cfg_app.o(.text)
    OS_IdleTask                              0x08005d15   Thumb Code    60  os_core.o(.text)
    OS_IdleTaskInit                          0x08005d51   Thumb Code    68  os_core.o(.text)
    OS_RdyListInit                           0x08005d95   Thumb Code    32  os_core.o(.text)
    OSInit                                   0x08005db5   Thumb Code   300  os_core.o(.text)
    OSIntEnter                               0x08005ee1   Thumb Code    34  os_core.o(.text)
    OSIntExit                                0x08005f03   Thumb Code   188  os_core.o(.text)
    OSSched                                  0x08005fbf   Thumb Code   130  os_core.o(.text)
    OS_SchedLockTimeMeasStart                0x08006041   Thumb Code    20  os_core.o(.text)
    OSSchedLock                              0x08006055   Thumb Code   104  os_core.o(.text)
    OS_SchedLockTimeMeasStop                 0x080060bd   Thumb Code    44  os_core.o(.text)
    OSSchedUnlock                            0x080060e9   Thumb Code   286  os_core.o(.text)
    OSSchedRoundRobinCfg                     0x08006207   Thumb Code    88  os_core.o(.text)
    OS_RdyListMoveHeadToTail                 0x0800625f   Thumb Code    68  os_core.o(.text)
    OSSchedRoundRobinYield                   0x080062a3   Thumb Code   164  os_core.o(.text)
    OSStart                                  0x08006347   Thumb Code    78  os_core.o(.text)
    OSVersion                                0x08006395   Thumb Code    12  os_core.o(.text)
    OS_PendDbgNameAdd                        0x080063a1   Thumb Code    66  os_core.o(.text)
    OS_PendListInsertPrio                    0x080063e3   Thumb Code   102  os_core.o(.text)
    OS_PendDataInit                          0x08006449   Thumb Code    38  os_core.o(.text)
    OS_RdyListRemove                         0x0800646f   Thumb Code    86  os_core.o(.text)
    OS_TaskBlock                             0x080064c5   Thumb Code    56  os_core.o(.text)
    OS_Pend                                  0x080064fd   Thumb Code    98  os_core.o(.text)
    OS_PendListRemove1                       0x0800655f   Thumb Code   136  os_core.o(.text)
    OS_PendListRemove                        0x080065e7   Thumb Code    48  os_core.o(.text)
    OS_PendAbort1                            0x08006617   Thumb Code    36  os_core.o(.text)
    OS_RdyListInsertHead                     0x0800663b   Thumb Code    58  os_core.o(.text)
    OS_RdyListInsertTail                     0x08006675   Thumb Code    56  os_core.o(.text)
    OS_RdyListInsert                         0x080066ad   Thumb Code    40  os_core.o(.text)
    OS_TaskRdy                               0x080066d5   Thumb Code    28  os_core.o(.text)
    OS_PendAbort                             0x080066f1   Thumb Code   166  os_core.o(.text)
    OS_PendDbgNameRemove                     0x08006797   Thumb Code    34  os_core.o(.text)
    OS_PendListChangePrio                    0x080067b9   Thumb Code    70  os_core.o(.text)
    OS_PendListInit                          0x080067ff   Thumb Code    10  os_core.o(.text)
    OS_PendListInsertHead                    0x08006809   Thumb Code    32  os_core.o(.text)
    OS_PendObjDel1                           0x08006829   Thumb Code    36  os_core.o(.text)
    OS_PendObjDel                            0x0800684d   Thumb Code   162  os_core.o(.text)
    OS_Post1                                 0x080068ef   Thumb Code    42  os_core.o(.text)
    OS_Post                                  0x08006919   Thumb Code   192  os_core.o(.text)
    OS_Sched0                                0x080069d9   Thumb Code    68  os_core.o(.text)
    OS_SchedRoundRobin                       0x08006a1d   Thumb Code   218  os_core.o(.text)
    OS_Dbg_Init                              0x08006b05   Thumb Code   146  os_dbg.o(.text)
    OS_FlagDbgListAdd                        0x08006cb5   Thumb Code    38  os_flag.o(.text)
    OSFlagCreate                             0x08006cdb   Thumb Code   172  os_flag.o(.text)
    OS_FlagClr                               0x08006d87   Thumb Code    28  os_flag.o(.text)
    OS_FlagDbgListRemove                     0x08006da3   Thumb Code    44  os_flag.o(.text)
    OSFlagDel                                0x08006dcf   Thumb Code   594  os_flag.o(.text)
    OS_FlagBlock                             0x08007021   Thumb Code    58  os_flag.o(.text)
    OSFlagPend                               0x0800705b   Thumb Code  1488  os_flag.o(.text)
    OSFlagPendAbort                          0x0800762b   Thumb Code   292  os_flag.o(.text)
    OSFlagPendGetFlagsRdy                    0x0800774f   Thumb Code    68  os_flag.o(.text)
    OS_FlagTaskRdy                           0x08007793   Thumb Code    86  os_flag.o(.text)
    OS_FlagPost                              0x080077e9   Thumb Code   570  os_flag.o(.text)
    OSFlagPost                               0x08007a23   Thumb Code   146  os_flag.o(.text)
    OS_FlagInit                              0x08007ab5   Thumb Code    14  os_flag.o(.text)
    OS_IntQPost                              0x08007add   Thumb Code   216  os_int.o(.text)
    OS_IntQRePost                            0x08007bb5   Thumb Code   360  os_int.o(.text)
    OS_IntQTask                              0x08007d1d   Thumb Code   162  os_int.o(.text)
    OS_IntQTaskInit                          0x08007dbf   Thumb Code   208  os_int.o(.text)
    OS_MemDbgListAdd                         0x08007f21   Thumb Code    34  os_mem.o(.text)
    OSMemCreate                              0x08007f43   Thumb Code   288  os_mem.o(.text)
    OSMemGet                                 0x08008063   Thumb Code   100  os_mem.o(.text)
    OSMemPut                                 0x080080c7   Thumb Code   112  os_mem.o(.text)
    OS_MemInit                               0x08008137   Thumb Code    14  os_mem.o(.text)
    OS_MsgPoolCreate                         0x08008159   Thumb Code    54  os_msg.o(.text)
    OS_MsgPoolInit                           0x0800818f   Thumb Code    70  os_msg.o(.text)
    OS_MsgQFreeAll                           0x080081d5   Thumb Code    62  os_msg.o(.text)
    OS_MsgQInit                              0x08008213   Thumb Code    14  os_msg.o(.text)
    OS_MsgQGet                               0x08008221   Thumb Code    98  os_msg.o(.text)
    OS_MsgQPut                               0x08008283   Thumb Code   246  os_msg.o(.text)
    OS_MutexDbgListAdd                       0x08008385   Thumb Code    38  os_mutex.o(.text)
    OSMutexCreate                            0x080083ab   Thumb Code   178  os_mutex.o(.text)
    OS_MutexClr                              0x0800845d   Thumb Code    38  os_mutex.o(.text)
    OS_MutexDbgListRemove                    0x08008483   Thumb Code    44  os_mutex.o(.text)
    OSMutexDel                               0x080084af   Thumb Code   842  os_mutex.o(.text)
    OSMutexPend                              0x080087f9   Thumb Code   706  os_mutex.o(.text)
    OSMutexPendAbort                         0x08008abb   Thumb Code   314  os_mutex.o(.text)
    OSMutexPost                              0x08008bf5   Thumb Code   564  os_mutex.o(.text)
    OS_MutexInit                             0x08008e29   Thumb Code    14  os_mutex.o(.text)
    OS_PrioInit                              0x08008e59   Thumb Code    20  os_prio.o(.text)
    OS_PrioGetHighest                        0x08008e6d   Thumb Code    36  os_prio.o(.text)
    OS_PrioInsert                            0x08008e91   Thumb Code    32  os_prio.o(.text)
    OS_PrioRemove                            0x08008eb1   Thumb Code    32  os_prio.o(.text)
    OS_QDbgListAdd                           0x08008ed5   Thumb Code    38  os_q.o(.text)
    OSQCreate                                0x08008efb   Thumb Code   186  os_q.o(.text)
    OS_QClr                                  0x08008fb5   Thumb Code    40  os_q.o(.text)
    OS_QDbgListRemove                        0x08008fdd   Thumb Code    44  os_q.o(.text)
    OSQDel                                   0x08009009   Thumb Code   362  os_q.o(.text)
    OSQFlush                                 0x08009173   Thumb Code   210  os_q.o(.text)
    OSQPend                                  0x08009245   Thumb Code   538  os_q.o(.text)
    OSQPendAbort                             0x0800945f   Thumb Code   292  os_q.o(.text)
    OS_QPost                                 0x08009583   Thumb Code   324  os_q.o(.text)
    OSQPost                                  0x080096c7   Thumb Code   198  os_q.o(.text)
    OS_QInit                                 0x0800978d   Thumb Code    14  os_q.o(.text)
    OS_SemDbgListAdd                         0x080097ad   Thumb Code    38  os_sem.o(.text)
    OSSemCreate                              0x080097d3   Thumb Code   172  os_sem.o(.text)
    OS_SemClr                                0x0800987f   Thumb Code    28  os_sem.o(.text)
    OS_SemDbgListRemove                      0x0800989b   Thumb Code    44  os_sem.o(.text)
    OSSemDel                                 0x080098c7   Thumb Code   362  os_sem.o(.text)
    OSSemPend                                0x08009a31   Thumb Code   504  os_sem.o(.text)
    OSSemPendAbort                           0x08009c29   Thumb Code   292  os_sem.o(.text)
    OS_SemPost                               0x08009d4d   Thumb Code   350  os_sem.o(.text)
    OSSemPost                                0x08009eab   Thumb Code   144  os_sem.o(.text)
    OSSemSet                                 0x08009f3b   Thumb Code   138  os_sem.o(.text)
    OS_SemInit                               0x08009fc5   Thumb Code    14  os_sem.o(.text)
    OSStatReset                              0x08009fdd   Thumb Code   270  os_stat.o(.text)
    OSStatTaskCPUUsageInit                   0x0800a0eb   Thumb Code   212  os_stat.o(.text)
    OS_StatTask                              0x0800a1bf   Thumb Code   888  os_stat.o(.text)
    OS_StatTaskInit                          0x0800a537   Thumb Code   138  os_stat.o(.text)
    OSTaskChangePrio                         0x0800a615   Thumb Code   416  os_task.o(.text)
    OS_TaskDbgListAdd                        0x0800a7b5   Thumb Code    42  os_task.o(.text)
    OS_TaskInitTCB                           0x0800a7df   Thumb Code   186  os_task.o(.text)
    OSTaskCreate                             0x0800a899   Thumb Code   616  os_task.o(.text)
    OS_TaskDbgListRemove                     0x0800ab01   Thumb Code    64  os_task.o(.text)
    OSTaskDel                                0x0800ab41   Thumb Code   424  os_task.o(.text)
    OSTaskQFlush                             0x0800ace9   Thumb Code   214  os_task.o(.text)
    OSTaskQPend                              0x0800adbf   Thumb Code   554  os_task.o(.text)
    OSTaskQPendAbort                         0x0800afe9   Thumb Code   242  os_task.o(.text)
    OS_TaskQPost                             0x0800b0db   Thumb Code   526  os_task.o(.text)
    OSTaskQPost                              0x0800b2e9   Thumb Code   114  os_task.o(.text)
    OSTaskRegGet                             0x0800b35b   Thumb Code    78  os_task.o(.text)
    OSTaskRegGetID                           0x0800b3a9   Thumb Code    84  os_task.o(.text)
    OSTaskRegSet                             0x0800b3fd   Thumb Code    78  os_task.o(.text)
    OS_TaskResume                            0x0800b44b   Thumb Code   314  os_task.o(.text)
    OSTaskResume                             0x0800b585   Thumb Code   112  os_task.o(.text)
    OSTaskSemPend                            0x0800b5f5   Thumb Code   550  os_task.o(.text)
    OSTaskSemPendAbort                       0x0800b81b   Thumb Code   270  os_task.o(.text)
    OS_TaskSemPost                           0x0800b929   Thumb Code  1224  os_task.o(.text)
    OSTaskSemPost                            0x0800bdf1   Thumb Code    98  os_task.o(.text)
    OSTaskSemSet                             0x0800be53   Thumb Code    80  os_task.o(.text)
    OSTaskStkChk                             0x0800bea3   Thumb Code   224  os_task.o(.text)
    OS_TaskSuspend                           0x0800bf83   Thumb Code   328  os_task.o(.text)
    OSTaskSuspend                            0x0800c0cb   Thumb Code    78  os_task.o(.text)
    OSTaskTimeQuantaSet                      0x0800c119   Thumb Code    96  os_task.o(.text)
    OS_TaskInit                              0x0800c179   Thumb Code    18  os_task.o(.text)
    OS_TaskReturn                            0x0800c18b   Thumb Code    20  os_task.o(.text)
    OS_TickListRemove                        0x0800c1c9   Thumb Code    56  os_tick.o(.text)
    OS_TickListUpdate                        0x0800c201   Thumb Code   480  os_tick.o(.text)
    OS_TickTask                              0x0800c3e1   Thumb Code    38  os_tick.o(.text)
    OS_TickListInit                          0x0800c407   Thumb Code    32  os_tick.o(.text)
    OS_TickTaskInit                          0x0800c427   Thumb Code   130  os_tick.o(.text)
    OS_TickListInsert                        0x0800c4a9   Thumb Code   502  os_tick.o(.text)
    OS_TickListResetPeak                     0x0800c69f   Thumb Code    28  os_tick.o(.text)
    OSTimeDly                                0x0800c6c5   Thumb Code   266  os_time.o(.text)
    OSTimeDlyHMSM                            0x0800c7cf   Thumb Code   480  os_time.o(.text)
    OSTimeDlyResume                          0x0800c9af   Thumb Code   466  os_time.o(.text)
    OSTimeGet                                0x0800cb81   Thumb Code    46  os_time.o(.text)
    OSTimeSet                                0x0800cbaf   Thumb Code    46  os_time.o(.text)
    OSTimeTick                               0x0800cbdd   Thumb Code    54  os_time.o(.text)
    OS_TmrDbgListAdd                         0x0800cc29   Thumb Code    34  os_tmr.o(.text)
    OSTmrCreate                              0x0800cc4b   Thumb Code   248  os_tmr.o(.text)
    OS_TmrClr                                0x0800cd43   Thumb Code    36  os_tmr.o(.text)
    OS_TmrUnlink                             0x0800cd67   Thumb Code    72  os_tmr.o(.text)
    OS_TmrDbgListRemove                      0x0800cdaf   Thumb Code    44  os_tmr.o(.text)
    OSTmrDel                                 0x0800cddb   Thumb Code   176  os_tmr.o(.text)
    OSTmrRemainGet                           0x0800ce8b   Thumb Code   184  os_tmr.o(.text)
    OS_TmrLink                               0x0800cf43   Thumb Code   196  os_tmr.o(.text)
    OSTmrStart                               0x0800d007   Thumb Code   210  os_tmr.o(.text)
    OSTmrStateGet                            0x0800d0d9   Thumb Code   134  os_tmr.o(.text)
    OSTmrStop                                0x0800d15f   Thumb Code   232  os_tmr.o(.text)
    OS_TmrTask                               0x0800d247   Thumb Code   176  os_tmr.o(.text)
    OS_TmrInit                               0x0800d2f7   Thumb Code   208  os_tmr.o(.text)
    OS_TmrResetPeak                          0x0800d3c7   Thumb Code    28  os_tmr.o(.text)
    OSIdleTaskHook                           0x0800d441   Thumb Code    16  os_cpu_c.o(.text)
    OSInitHook                               0x0800d451   Thumb Code    28  os_cpu_c.o(.text)
    OSStatTaskHook                           0x0800d46d   Thumb Code    16  os_cpu_c.o(.text)
    OSTaskCreateHook                         0x0800d47d   Thumb Code    20  os_cpu_c.o(.text)
    OSTaskDelHook                            0x0800d491   Thumb Code    20  os_cpu_c.o(.text)
    OSTaskReturnHook                         0x0800d4a5   Thumb Code    20  os_cpu_c.o(.text)
    OSTaskStkInit                            0x0800d4b9   Thumb Code   600  os_cpu_c.o(.text)
    OSTaskSwHook                             0x0800d711   Thumb Code   120  os_cpu_c.o(.text)
    OSTimeTickHook                           0x0800d789   Thumb Code    16  os_cpu_c.o(.text)
    OS_CPU_SysTickHandler                    0x0800d799   Thumb Code    52  os_cpu_c.o(.text)
    OS_CPU_SysTickInit                       0x0800d7cd   Thumb Code    44  os_cpu_c.o(.text)
    __aeabi_uldivmod                         0x0800d839   Thumb Code     0  lludivv7m.o(.text)
    _ll_udiv                                 0x0800d839   Thumb Code   238  lludivv7m.o(.text)
    __c89vsprintf                            0x0800d929   Thumb Code    32  c89vsprintf.o(.text)
    strlen                                   0x0800d94d   Thumb Code    62  strlen.o(.text)
    __aeabi_memcpy                           0x0800d98b   Thumb Code     0  rt_memcpy_v6.o(.text)
    __rt_memcpy                              0x0800d98b   Thumb Code   138  rt_memcpy_v6.o(.text)
    _memcpy_lastbytes                        0x0800d9f1   Thumb Code     0  rt_memcpy_v6.o(.text)
    __aeabi_memclr                           0x0800da15   Thumb Code     0  rt_memclr.o(.text)
    __rt_memclr                              0x0800da15   Thumb Code    68  rt_memclr.o(.text)
    _memset                                  0x0800da19   Thumb Code     0  rt_memclr.o(.text)
    __use_two_region_memory                  0x0800da59   Thumb Code     2  heapauxi.o(.text)
    __rt_heap_escrow$2region                 0x0800da5b   Thumb Code     2  heapauxi.o(.text)
    __rt_heap_expand$2region                 0x0800da5d   Thumb Code     2  heapauxi.o(.text)
    _printf_pre_padding                      0x0800da5f   Thumb Code    44  _printf_pad.o(.text)
    _printf_post_padding                     0x0800da8b   Thumb Code    34  _printf_pad.o(.text)
    _printf_truncate_signed                  0x0800daad   Thumb Code    18  _printf_truncate.o(.text)
    _printf_truncate_unsigned                0x0800dabf   Thumb Code    18  _printf_truncate.o(.text)
    _printf_str                              0x0800dad1   Thumb Code    82  _printf_str.o(.text)
    _printf_int_dec                          0x0800db25   Thumb Code   104  _printf_dec.o(.text)
    _printf_charcount                        0x0800db9d   Thumb Code    40  _printf_charcount.o(.text)
    _printf_char_common                      0x0800dbcf   Thumb Code    32  _printf_char_common.o(.text)
    _sputc                                   0x0800dbf5   Thumb Code    10  _sputc.o(.text)
    _printf_wctomb                           0x0800dc01   Thumb Code   182  _printf_wctomb.o(.text)
    _printf_longlong_dec                     0x0800dcbd   Thumb Code   108  _printf_longlong_dec.o(.text)
    _printf_longlong_oct                     0x0800dd39   Thumb Code    66  _printf_oct_int_ll.o(.text)
    _printf_int_oct                          0x0800dd7b   Thumb Code    24  _printf_oct_int_ll.o(.text)
    _printf_ll_oct                           0x0800dd93   Thumb Code    12  _printf_oct_int_ll.o(.text)
    _printf_longlong_hex                     0x0800dda9   Thumb Code    86  _printf_hex_int_ll_ptr.o(.text)
    _printf_int_hex                          0x0800ddff   Thumb Code    28  _printf_hex_int_ll_ptr.o(.text)
    _printf_ll_hex                           0x0800de1b   Thumb Code    12  _printf_hex_int_ll_ptr.o(.text)
    _printf_hex_ptr                          0x0800de27   Thumb Code    18  _printf_hex_int_ll_ptr.o(.text)
    __printf                                 0x0800de3d   Thumb Code   388  __printf_flags_ss_wp.o(.text)
    __aeabi_memcpy4                          0x0800dfc5   Thumb Code     0  rt_memcpy_w.o(.text)
    __aeabi_memcpy8                          0x0800dfc5   Thumb Code     0  rt_memcpy_w.o(.text)
    __rt_memcpy_w                            0x0800dfc5   Thumb Code   100  rt_memcpy_w.o(.text)
    _memcpy_lastbytes_aligned                0x0800e00d   Thumb Code     0  rt_memcpy_w.o(.text)
    __aeabi_memclr4                          0x0800e029   Thumb Code     0  rt_memclr_w.o(.text)
    __aeabi_memclr8                          0x0800e029   Thumb Code     0  rt_memclr_w.o(.text)
    __rt_memclr_w                            0x0800e029   Thumb Code    78  rt_memclr_w.o(.text)
    _memset_w                                0x0800e02d   Thumb Code     0  rt_memclr_w.o(.text)
    _ll_udiv10                               0x0800e077   Thumb Code   138  lludiv10.o(.text)
    _printf_int_common                       0x0800e101   Thumb Code   178  _printf_intcommon.o(.text)
    __lib_sel_fp_printf                      0x0800e1b3   Thumb Code     2  _printf_fp_dec.o(.text)
    _printf_fp_dec_real                      0x0800e361   Thumb Code   620  _printf_fp_dec.o(.text)
    _printf_cs_common                        0x0800e5cd   Thumb Code    20  _printf_char.o(.text)
    _printf_char                             0x0800e5e1   Thumb Code    16  _printf_char.o(.text)
    _printf_string                           0x0800e5f1   Thumb Code     8  _printf_char.o(.text)
    _printf_lcs_common                       0x0800e5f9   Thumb Code    20  _printf_wchar.o(.text)
    _printf_wchar                            0x0800e60d   Thumb Code    16  _printf_wchar.o(.text)
    _printf_wstring                          0x0800e61d   Thumb Code     8  _printf_wchar.o(.text)
    _wcrtomb                                 0x0800e625   Thumb Code    64  _wcrtomb.o(.text)
    __user_setup_stackheap                   0x0800e665   Thumb Code    74  sys_stackheap_outer.o(.text)
    __rt_ctype_table                         0x0800e6b1   Thumb Code    16  rt_ctype_table.o(.text)
    __rt_locale                              0x0800e6c1   Thumb Code     8  rt_locale_intlibspace.o(.text)
    _printf_fp_infnan                        0x0800e6c9   Thumb Code   112  _printf_fp_infnan.o(.text)
    _btod_etento                             0x0800e749   Thumb Code   216  bigflt0.o(.text)
    exit                                     0x0800e825   Thumb Code    18  exit.o(.text)
    __user_libspace                          0x0800e839   Thumb Code     8  libspace.o(.text)
    __user_perproc_libspace                  0x0800e839   Thumb Code     0  libspace.o(.text)
    __user_perthread_libspace                0x0800e839   Thumb Code     0  libspace.o(.text)
    strcmp                                   0x0800e841   Thumb Code   128  strcmpv7m.o(.text)
    _sys_exit                                0x0800e8c1   Thumb Code     8  sys_exit.o(.text)
    __I$use$semihosting                      0x0800e8cd   Thumb Code     0  use_no_semi.o(.text)
    __use_no_semihosting_swi                 0x0800e8cd   Thumb Code     2  use_no_semi.o(.text)
    __semihosting_library_function           0x0800e8cf   Thumb Code     0  indicate_semi.o(.text)
    _btod_d2e                                0x0800e8cf   Thumb Code    62  btod.o(CL$$btod_d2e)
    _d2e_denorm_low                          0x0800e90d   Thumb Code    70  btod.o(CL$$btod_d2e_denorm_low)
    _d2e_norm_op1                            0x0800e953   Thumb Code    96  btod.o(CL$$btod_d2e_norm_op1)
    __btod_div_common                        0x0800e9b3   Thumb Code   696  btod.o(CL$$btod_div_common)
    _e2e                                     0x0800eceb   Thumb Code   198  btod.o(CL$$btod_e2e)
    _btod_ediv                               0x0800edb1   Thumb Code    40  btod.o(CL$$btod_ediv)
    _btod_emul                               0x0800edd9   Thumb Code    40  btod.o(CL$$btod_emul)
    __btod_mult_common                       0x0800ee01   Thumb Code   580  btod.o(CL$$btod_mult_common)
    OSStartHighRdy                           0x0800f045   Thumb Code     0  os_cpu_a.o(CODE)
    OSCtxSw                                  0x0800f067   Thumb Code     0  os_cpu_a.o(CODE)
    OSIntCtxSw                               0x0800f071   Thumb Code     0  os_cpu_a.o(CODE)
    PendSV_Handler                           0x0800f07b   Thumb Code     0  os_cpu_a.o(CODE)
    __ARM_fpclassify                         0x0800f0f1   Thumb Code    48  fpclassify.o(i.__ARM_fpclassify)
    _is_digit                                0x0800f121   Thumb Code    14  __printf_wp.o(i._is_digit)
    _get_lc_numeric                          0x0800f131   Thumb Code    44  lc_numeric_c.o(locale$$code)
    _get_lc_ctype                            0x0800f15d   Thumb Code    44  lc_ctype_c.o(locale$$code)
    __fpl_dcmp_Inf                           0x0800f189   Thumb Code    24  dcmpi.o(x$fpl$dcmpinf)
    __aeabi_ddiv                             0x0800f1a1   Thumb Code     0  ddiv.o(x$fpl$ddiv)
    _ddiv                                    0x0800f1a1   Thumb Code   552  ddiv.o(x$fpl$ddiv)
    __aeabi_ui2d                             0x0800f451   Thumb Code     0  dflt_clz.o(x$fpl$dfltu)
    _dfltu                                   0x0800f451   Thumb Code    38  dflt_clz.o(x$fpl$dfltu)
    __aeabi_cdcmple                          0x0800f479   Thumb Code     0  dleqf.o(x$fpl$dleqf)
    _dcmple                                  0x0800f479   Thumb Code   120  dleqf.o(x$fpl$dleqf)
    __fpl_dcmple_InfNaN                      0x0800f4db   Thumb Code     0  dleqf.o(x$fpl$dleqf)
    __fpl_dnaninf                            0x0800f4f1   Thumb Code   156  dnaninf.o(x$fpl$dnaninf)
    __fpl_dretinf                            0x0800f58d   Thumb Code    12  dretinf.o(x$fpl$dretinf)
    _fp_init                                 0x0800f599   Thumb Code    10  fpinit.o(x$fpl$fpinit)
    __fplib_config_fpu_vfp                   0x0800f5a1   Thumb Code     0  fpinit.o(x$fpl$fpinit)
    __fplib_config_pureend_doubles           0x0800f5a1   Thumb Code     0  fpinit.o(x$fpl$fpinit)
    _printf_fp_dec                           0x0800f5a3   Thumb Code     4  printf1.o(x$fpl$printf1)
    __I$use$fp                               0x0800f5a6   Number         0  usenofp.o(x$fpl$usenofp)
    CPU_EndiannessTest                       0x0800f6a8   Data           4  cpu_core.o(.constdata)
    OSCfg_IdleTaskStkBasePtr                 0x0800f740   Data           4  os_cfg_app.o(.constdata)
    OSCfg_IdleTaskStkLimit                   0x0800f744   Data           4  os_cfg_app.o(.constdata)
    OSCfg_IdleTaskStkSize                    0x0800f748   Data           4  os_cfg_app.o(.constdata)
    OSCfg_IdleTaskStkSizeRAM                 0x0800f74c   Data           4  os_cfg_app.o(.constdata)
    OSCfg_IntQBasePtr                        0x0800f750   Data           4  os_cfg_app.o(.constdata)
    OSCfg_IntQSize                           0x0800f754   Data           2  os_cfg_app.o(.constdata)
    OSCfg_IntQSizeRAM                        0x0800f758   Data           4  os_cfg_app.o(.constdata)
    OSCfg_IntQTaskStkBasePtr                 0x0800f75c   Data           4  os_cfg_app.o(.constdata)
    OSCfg_IntQTaskStkLimit                   0x0800f760   Data           4  os_cfg_app.o(.constdata)
    OSCfg_IntQTaskStkSize                    0x0800f764   Data           4  os_cfg_app.o(.constdata)
    OSCfg_IntQTaskStkSizeRAM                 0x0800f768   Data           4  os_cfg_app.o(.constdata)
    OSCfg_ISRStkBasePtr                      0x0800f76c   Data           4  os_cfg_app.o(.constdata)
    OSCfg_ISRStkSize                         0x0800f770   Data           4  os_cfg_app.o(.constdata)
    OSCfg_ISRStkSizeRAM                      0x0800f774   Data           4  os_cfg_app.o(.constdata)
    OSCfg_MsgPoolSize                        0x0800f778   Data           2  os_cfg_app.o(.constdata)
    OSCfg_MsgPoolSizeRAM                     0x0800f77c   Data           4  os_cfg_app.o(.constdata)
    OSCfg_MsgPoolBasePtr                     0x0800f780   Data           4  os_cfg_app.o(.constdata)
    OSCfg_StatTaskPrio                       0x0800f784   Data           1  os_cfg_app.o(.constdata)
    OSCfg_StatTaskRate_Hz                    0x0800f788   Data           4  os_cfg_app.o(.constdata)
    OSCfg_StatTaskStkBasePtr                 0x0800f78c   Data           4  os_cfg_app.o(.constdata)
    OSCfg_StatTaskStkLimit                   0x0800f790   Data           4  os_cfg_app.o(.constdata)
    OSCfg_StatTaskStkSize                    0x0800f794   Data           4  os_cfg_app.o(.constdata)
    OSCfg_StatTaskStkSizeRAM                 0x0800f798   Data           4  os_cfg_app.o(.constdata)
    OSCfg_StkSizeMin                         0x0800f79c   Data           4  os_cfg_app.o(.constdata)
    OSCfg_TickRate_Hz                        0x0800f7a0   Data           4  os_cfg_app.o(.constdata)
    OSCfg_TickTaskPrio                       0x0800f7a4   Data           1  os_cfg_app.o(.constdata)
    OSCfg_TickTaskStkBasePtr                 0x0800f7a8   Data           4  os_cfg_app.o(.constdata)
    OSCfg_TickTaskStkLimit                   0x0800f7ac   Data           4  os_cfg_app.o(.constdata)
    OSCfg_TickTaskStkSize                    0x0800f7b0   Data           4  os_cfg_app.o(.constdata)
    OSCfg_TickTaskStkSizeRAM                 0x0800f7b4   Data           4  os_cfg_app.o(.constdata)
    OSCfg_TickWheelSize                      0x0800f7b8   Data           2  os_cfg_app.o(.constdata)
    OSCfg_TickWheelSizeRAM                   0x0800f7bc   Data           4  os_cfg_app.o(.constdata)
    OSCfg_TmrTaskPrio                        0x0800f7c0   Data           1  os_cfg_app.o(.constdata)
    OSCfg_TmrTaskRate_Hz                     0x0800f7c4   Data           4  os_cfg_app.o(.constdata)
    OSCfg_TmrTaskStkBasePtr                  0x0800f7c8   Data           4  os_cfg_app.o(.constdata)
    OSCfg_TmrTaskStkLimit                    0x0800f7cc   Data           4  os_cfg_app.o(.constdata)
    OSCfg_TmrTaskStkSize                     0x0800f7d0   Data           4  os_cfg_app.o(.constdata)
    OSCfg_TmrTaskStkSizeRAM                  0x0800f7d4   Data           4  os_cfg_app.o(.constdata)
    OSCfg_TmrWheelSize                       0x0800f7d8   Data           2  os_cfg_app.o(.constdata)
    OSCfg_TmrWheelSizeRAM                    0x0800f7dc   Data           4  os_cfg_app.o(.constdata)
    OSCfg_DataSizeRAM                        0x0800f7e0   Data           4  os_cfg_app.o(.constdata)
    OSDbg_DbgEn                              0x0800f7e4   Data           2  os_dbg.o(.constdata)
    OSDbg_ArgChkEn                           0x0800f7e6   Data           1  os_dbg.o(.constdata)
    OSDbg_AppHooksEn                         0x0800f7e7   Data           1  os_dbg.o(.constdata)
    OSDbg_EndiannessTest                     0x0800f7e8   Data           4  os_dbg.o(.constdata)
    OSDbg_CalledFromISRChkEn                 0x0800f7ec   Data           1  os_dbg.o(.constdata)
    OSDbg_FlagEn                             0x0800f7ed   Data           1  os_dbg.o(.constdata)
    OSDbg_FlagGrp                            0x0800f7f0   Data          40  os_dbg.o(.constdata)
    OSDbg_FlagDelEn                          0x0800f818   Data           1  os_dbg.o(.constdata)
    OSDbg_FlagModeClrEn                      0x0800f819   Data           1  os_dbg.o(.constdata)
    OSDbg_FlagPendAbortEn                    0x0800f81a   Data           1  os_dbg.o(.constdata)
    OSDbg_FlagGrpSize                        0x0800f81c   Data           2  os_dbg.o(.constdata)
    OSDbg_FlagWidth                          0x0800f81e   Data           2  os_dbg.o(.constdata)
    OSDbg_IntQ                               0x0800f820   Data           2  os_dbg.o(.constdata)
    OSDbg_ISRPostDeferredEn                  0x0800f822   Data           1  os_dbg.o(.constdata)
    OSDbg_Mem                                0x0800f824   Data          32  os_dbg.o(.constdata)
    OSDbg_MemEn                              0x0800f844   Data           1  os_dbg.o(.constdata)
    OSDbg_MemSize                            0x0800f846   Data           2  os_dbg.o(.constdata)
    OSDbg_MsgEn                              0x0800f848   Data           1  os_dbg.o(.constdata)
    OSDbg_MsgSize                            0x0800f84a   Data           2  os_dbg.o(.constdata)
    OSDbg_MsgPoolSize                        0x0800f84c   Data           2  os_dbg.o(.constdata)
    OSDbg_MsgQSize                           0x0800f84e   Data           2  os_dbg.o(.constdata)
    OSDbg_Mutex                              0x0800f850   Data          44  os_dbg.o(.constdata)
    OSDbg_MutexEn                            0x0800f87c   Data           1  os_dbg.o(.constdata)
    OSDbg_MutexDelEn                         0x0800f87d   Data           1  os_dbg.o(.constdata)
    OSDbg_MutexPendAbortEn                   0x0800f87e   Data           1  os_dbg.o(.constdata)
    OSDbg_MutexSize                          0x0800f880   Data           2  os_dbg.o(.constdata)
    OSDbg_ObjTypeChkEn                       0x0800f882   Data           1  os_dbg.o(.constdata)
    OSDbg_PendMultiEn                        0x0800f883   Data           1  os_dbg.o(.constdata)
    OSDbg_PendDataSize                       0x0800f884   Data           2  os_dbg.o(.constdata)
    OSDbg_PendListSize                       0x0800f886   Data           2  os_dbg.o(.constdata)
    OSDbg_PendObjSize                        0x0800f888   Data           2  os_dbg.o(.constdata)
    OSDbg_PrioMax                            0x0800f88a   Data           2  os_dbg.o(.constdata)
    OSDbg_PrioTblSize                        0x0800f88c   Data           2  os_dbg.o(.constdata)
    OSDbg_PtrSize                            0x0800f88e   Data           2  os_dbg.o(.constdata)
    OSDbg_Q                                  0x0800f890   Data          48  os_dbg.o(.constdata)
    OSDbg_QEn                                0x0800f8c0   Data           1  os_dbg.o(.constdata)
    OSDbg_QDelEn                             0x0800f8c1   Data           1  os_dbg.o(.constdata)
    OSDbg_QFlushEn                           0x0800f8c2   Data           1  os_dbg.o(.constdata)
    OSDbg_QPendAbortEn                       0x0800f8c3   Data           1  os_dbg.o(.constdata)
    OSDbg_QSize                              0x0800f8c4   Data           2  os_dbg.o(.constdata)
    OSDbg_SchedRoundRobinEn                  0x0800f8c6   Data           1  os_dbg.o(.constdata)
    OSDbg_Sem                                0x0800f8c8   Data          40  os_dbg.o(.constdata)
    OSDbg_SemEn                              0x0800f8f0   Data           1  os_dbg.o(.constdata)
    OSDbg_SemDelEn                           0x0800f8f1   Data           1  os_dbg.o(.constdata)
    OSDbg_SemPendAbortEn                     0x0800f8f2   Data           1  os_dbg.o(.constdata)
    OSDbg_SemSetEn                           0x0800f8f3   Data           1  os_dbg.o(.constdata)
    OSDbg_SemSize                            0x0800f8f4   Data           2  os_dbg.o(.constdata)
    OSDbg_RdyList                            0x0800f8f6   Data           2  os_dbg.o(.constdata)
    OSDbg_RdyListSize                        0x0800f8f8   Data           4  os_dbg.o(.constdata)
    OSDbg_StkWidth                           0x0800f8fc   Data           1  os_dbg.o(.constdata)
    OSDbg_StatTaskEn                         0x0800f8fd   Data           1  os_dbg.o(.constdata)
    OSDbg_StatTaskStkChkEn                   0x0800f8fe   Data           1  os_dbg.o(.constdata)
    OSDbg_TaskChangePrioEn                   0x0800f8ff   Data           1  os_dbg.o(.constdata)
    OSDbg_TaskDelEn                          0x0800f900   Data           1  os_dbg.o(.constdata)
    OSDbg_TaskQEn                            0x0800f901   Data           1  os_dbg.o(.constdata)
    OSDbg_TaskQPendAbortEn                   0x0800f902   Data           1  os_dbg.o(.constdata)
    OSDbg_TaskProfileEn                      0x0800f903   Data           1  os_dbg.o(.constdata)
    OSDbg_TaskRegTblSize                     0x0800f904   Data           2  os_dbg.o(.constdata)
    OSDbg_TaskSemPendAbortEn                 0x0800f906   Data           1  os_dbg.o(.constdata)
    OSDbg_TaskSuspendEn                      0x0800f907   Data           1  os_dbg.o(.constdata)
    OSDbg_TCBSize                            0x0800f908   Data           2  os_dbg.o(.constdata)
    OSDbg_TickSpokeSize                      0x0800f90a   Data           2  os_dbg.o(.constdata)
    OSDbg_TimeDlyHMSMEn                      0x0800f90c   Data           1  os_dbg.o(.constdata)
    OSDbg_TimeDlyResumeEn                    0x0800f90d   Data           1  os_dbg.o(.constdata)
    OSDbg_TLS_TblSize                        0x0800f90e   Data           2  os_dbg.o(.constdata)
    OSDbg_Tmr                                0x0800f910   Data          52  os_dbg.o(.constdata)
    OSDbg_TmrEn                              0x0800f944   Data           1  os_dbg.o(.constdata)
    OSDbg_TmrDelEn                           0x0800f945   Data           1  os_dbg.o(.constdata)
    OSDbg_TmrSize                            0x0800f946   Data           2  os_dbg.o(.constdata)
    OSDbg_TmrSpokeSize                       0x0800f948   Data           2  os_dbg.o(.constdata)
    OSDbg_VersionNbr                         0x0800f94a   Data           2  os_dbg.o(.constdata)
    OSDbg_DataSize                           0x0800f94c   Data           4  os_dbg.o(.constdata)
    Region$$Table$$Base                      0x0800fa30   Number         0  anon$$obj.o(Region$$Table)
    Region$$Table$$Limit                     0x0800fa50   Number         0  anon$$obj.o(Region$$Table)
    __ctype                                  0x0800fa79   Data           0  lc_ctype_c.o(locale$$data)
    SystemCoreClock                          0x20000000   Data           4  system_stm32f4xx.o(.data)
    AHBPrescTable                            0x20000004   Data          16  system_stm32f4xx.o(.data)
    LocalAddress                             0x20000014   Data           2  dbus.o(.data)
    DBUS_RECIVE_DOUBLE_LEN                   0x20000016   Data           2  dbus.o(.data)
    DBUS_RECIVE_LEN                          0x20000018   Data           2  dbus.o(.data)
    SEND_CALLBACK                            0x2000001c   Data           4  dbus.o(.data)
    DELAY_CALLBACK                           0x20000020   Data           4  dbus.o(.data)
    DBUS_HEAD                                0x20000024   Data           1  dbus.o(.data)
    DBUS_END                                 0x20000025   Data           1  dbus.o(.data)
    DBUS_REGEX                               0x20000028   Data           4  dbus.o(.data)
    FrameID                                  0x2000002c   Data           2  dbus.o(.data)
    Dbus                                     0x20000030   Data          60  dbus.o(.data)
    TxCounter2                               0x2000006c   Data           1  usart2.o(.data)
    RxCounter2                               0x2000006d   Data           1  usart2.o(.data)
    USART2_RX_STA                            0x2000006e   Data           2  usart2.o(.data)
    comm_END                                 0x20000070   Data           1  modus.o(.data)
    Reciver_bit                              0x20000071   Data           1  modus.o(.data)
    TxCounter1                               0x20000086   Data           1  usart.o(.data)
    RxCounter1                               0x20000087   Data           1  usart.o(.data)
    USART1_RX_STA                            0x20000088   Data           2  usart.o(.data)
    CPU_TS_TmrFreq_Hz                        0x2000008c   Data           4  cpu_core.o(.data)
    Mem_PoolTbl                              0x20000090   Data           4  lib_mem.o(.data)
    OSPrioTbl                                0x20000094   Data           8  os_prio.o(.data)
    OS_AppTaskCreateHookPtr                  0x2000009c   Data           4  os_var.o(.data)
    OS_AppTaskDelHookPtr                     0x200000a0   Data           4  os_var.o(.data)
    OS_AppTaskReturnHookPtr                  0x200000a4   Data           4  os_var.o(.data)
    OS_AppIdleTaskHookPtr                    0x200000a8   Data           4  os_var.o(.data)
    OS_AppStatTaskHookPtr                    0x200000ac   Data           4  os_var.o(.data)
    OS_AppTaskSwHookPtr                      0x200000b0   Data           4  os_var.o(.data)
    OS_AppTimeTickHookPtr                    0x200000b4   Data           4  os_var.o(.data)
    OSIdleTaskCtr                            0x200000b8   Data           4  os_var.o(.data)
    OSIntNestingCtr                          0x200000bc   Data           1  os_var.o(.data)
    OSRunning                                0x200000bd   Data           1  os_var.o(.data)
    OSIntQInPtr                              0x200000c0   Data           4  os_var.o(.data)
    OSIntQOutPtr                             0x200000c4   Data           4  os_var.o(.data)
    OSIntQNbrEntries                         0x200000c8   Data           2  os_var.o(.data)
    OSIntQNbrEntriesMax                      0x200000ca   Data           2  os_var.o(.data)
    OSIntQOvfCtr                             0x200000cc   Data           2  os_var.o(.data)
    OSIntQTaskTimeMax                        0x200000d0   Data           4  os_var.o(.data)
    OSFlagDbgListPtr                         0x200000d4   Data           4  os_var.o(.data)
    OSFlagQty                                0x200000d8   Data           2  os_var.o(.data)
    OSMemDbgListPtr                          0x200000dc   Data           4  os_var.o(.data)
    OSMemQty                                 0x200000e0   Data           2  os_var.o(.data)
    OSMutexDbgListPtr                        0x200000e4   Data           4  os_var.o(.data)
    OSMutexQty                               0x200000e8   Data           2  os_var.o(.data)
    OSPrioCur                                0x200000ea   Data           1  os_var.o(.data)
    OSPrioHighRdy                            0x200000eb   Data           1  os_var.o(.data)
    OSPrioSaved                              0x200000ec   Data           1  os_var.o(.data)
    OSQDbgListPtr                            0x200000f0   Data           4  os_var.o(.data)
    OSQQty                                   0x200000f4   Data           2  os_var.o(.data)
    OSSchedLockTimeBegin                     0x200000f8   Data           4  os_var.o(.data)
    OSSchedLockTimeMax                       0x200000fc   Data           4  os_var.o(.data)
    OSSchedLockTimeMaxCur                    0x20000100   Data           4  os_var.o(.data)
    OSSchedLockNestingCtr                    0x20000104   Data           1  os_var.o(.data)
    OSSchedRoundRobinDfltTimeQuanta          0x20000108   Data           4  os_var.o(.data)
    OSSchedRoundRobinEn                      0x2000010c   Data           1  os_var.o(.data)
    OSSemDbgListPtr                          0x20000110   Data           4  os_var.o(.data)
    OSSemQty                                 0x20000114   Data           2  os_var.o(.data)
    OSStatResetFlag                          0x20000116   Data           1  os_var.o(.data)
    OSStatTaskCPUUsage                       0x20000118   Data           2  os_var.o(.data)
    OSStatTaskCPUUsageMax                    0x2000011a   Data           2  os_var.o(.data)
    OSStatTaskCtr                            0x2000011c   Data           4  os_var.o(.data)
    OSStatTaskCtrMax                         0x20000120   Data           4  os_var.o(.data)
    OSStatTaskCtrRun                         0x20000124   Data           4  os_var.o(.data)
    OSStatTaskRdy                            0x20000128   Data           1  os_var.o(.data)
    OSStatTaskTimeMax                        0x2000012c   Data           4  os_var.o(.data)
    OSTaskCtxSwCtr                           0x20000130   Data           4  os_var.o(.data)
    OSTaskDbgListPtr                         0x20000134   Data           4  os_var.o(.data)
    OSTaskQty                                0x20000138   Data           2  os_var.o(.data)
    OSTaskRegNextAvailID                     0x2000013a   Data           1  os_var.o(.data)
    OSTickCtr                                0x2000013c   Data           4  os_var.o(.data)
    OSTickTaskTimeMax                        0x20000140   Data           4  os_var.o(.data)
    OSTmrDbgListPtr                          0x20000144   Data           4  os_var.o(.data)
    OSTmrQty                                 0x20000148   Data           2  os_var.o(.data)
    OSTmrTaskTimeMax                         0x2000014c   Data           4  os_var.o(.data)
    OSTmrTickCtr                             0x20000150   Data           4  os_var.o(.data)
    OSTmrUpdateCnt                           0x20000154   Data           4  os_var.o(.data)
    OSTmrUpdateCtr                           0x20000158   Data           4  os_var.o(.data)
    OSTCBCurPtr                              0x2000015c   Data           4  os_var.o(.data)
    OSTCBHighRdyPtr                          0x20000160   Data           4  os_var.o(.data)
    OS_CPU_ExceptStkBase                     0x20000164   Data           4  os_cpu_c.o(.data)
    StartTaskTCB                             0x20000168   Data         196  main.o(.bss)
    START_TASK_STK                           0x2000022c   Data        1024  main.o(.bss)
    Task1_TaskTCB                            0x2000062c   Data         196  main.o(.bss)
    TASK1_TASK_STK                           0x200006f0   Data        1024  main.o(.bss)
    Task2_TaskTCB                            0x20000af0   Data         196  main.o(.bss)
    TASK2_TASK_STK                           0x20000bb4   Data        1024  main.o(.bss)
    Task3_TaskTCB                            0x20000fb4   Data         196  main.o(.bss)
    TASK3_TASK_STK                           0x20001078   Data        1024  main.o(.bss)
    Task4_TaskTCB                            0x20001478   Data         196  main.o(.bss)
    TASK4_TASK_STK                           0x2000153c   Data        4096  main.o(.bss)
    Task5_TaskTCB                            0x2000253c   Data         196  main.o(.bss)
    TASK5_TASK_STK                           0x20002600   Data        1024  main.o(.bss)
    Task6_TaskTCB                            0x20002a00   Data         196  main.o(.bss)
    TASK6_TASK_STK                           0x20002ac4   Data        1024  main.o(.bss)
    Register                                 0x20002ec4   Data         256  dbus.o(.bss)
    DBUS_RECIVE_BUF                          0x20002fc4   Data        2048  dbus.o(.bss)
    DBUS_RESPONSE_BUF                        0x200037c4   Data       10240  dbus.o(.bss)
    DBUS_RECIVE_DOUBLE_BUF                   0x20005fc4   Data        2048  dbus.o(.bss)
    OpenBox_temp                             0x200067c4   Data        1024  dbus.o(.bss)
    OpenBox_buf                              0x20006bc4   Data        1024  dbus.o(.bss)
    TX_BUF                                   0x20006fc4   Data        1024  dbus.o(.bss)
    Send_TX_BUF                              0x200073c4   Data        1024  dbus.o(.bss)
    dataBuf                                  0x200077c4   Data         256  dbus.o(.bss)
    USART3_TX_BUF                            0x200078c8   Data         400  usart3.o(.bss)
    USART3_RX_BUF                            0x20007a58   Data         400  usart3.o(.bss)
    USART2_TX_BUF                            0x20007be8   Data         400  usart2.o(.bss)
    USART2_RX_BUF                            0x20007d78   Data         400  usart2.o(.bss)
    PLC_InPut                                0x20007f08   Data          20  modus.o(.bss)
    PLC_OutPut                               0x20007f1c   Data         130  modus.o(.bss)
    PLC_Data                                 0x20007f9e   Data          60  modus.o(.bss)
    USART6_TX_BUF                            0x20007fe0   Data         400  usart6.o(.bss)
    USART6_RX_BUF                            0x20008170   Data         400  usart6.o(.bss)
    USART1_TX_BUF                            0x20008300   Data         400  usart.o(.bss)
    USART1_RX_BUF                            0x20008490   Data         200  usart.o(.bss)
    CPU_Name                                 0x20008558   Data          16  cpu_core.o(.bss)
    Mem_PoolHeap                             0x20008568   Data          72  lib_mem.o(.bss)
    Mem_Heap                                 0x200085b0   Data        1024  lib_mem.o(.bss)
    OSCfg_IdleTaskStk                        0x200089b0   Data         512  os_cfg_app.o(.bss)
    OSCfg_IntQ                               0x20008bb0   Data         320  os_cfg_app.o(.bss)
    OSCfg_IntQTaskStk                        0x20008cf0   Data         512  os_cfg_app.o(.bss)
    OSCfg_ISRStk                             0x20008ef0   Data         512  os_cfg_app.o(.bss)
    OSCfg_MsgPool                            0x200090f0   Data        1600  os_cfg_app.o(.bss)
    OSCfg_StatTaskStk                        0x20009730   Data         512  os_cfg_app.o(.bss)
    OSCfg_TickTaskStk                        0x20009930   Data         512  os_cfg_app.o(.bss)
    OSCfg_TickWheel                          0x20009b30   Data         136  os_cfg_app.o(.bss)
    OSCfg_TmrTaskStk                         0x20009bb8   Data         512  os_cfg_app.o(.bss)
    OSCfg_TmrWheel                           0x20009db8   Data         136  os_cfg_app.o(.bss)
    OSIdleTaskTCB                            0x20009e40   Data         196  os_var.o(.bss)
    OSIntQTaskTCB                            0x20009f04   Data         196  os_var.o(.bss)
    OSMsgPool                                0x20009fc8   Data          12  os_var.o(.bss)
    OSRdyList                                0x20009fd4   Data         768  os_var.o(.bss)
    OSStatTaskTCB                            0x2000a2d4   Data         196  os_var.o(.bss)
    OSTickTaskTCB                            0x2000a398   Data         196  os_var.o(.bss)
    OSTmrTaskTCB                             0x2000a45c   Data         196  os_var.o(.bss)
    __libspace_start                         0x2000a520   Data          96  libspace.o(.bss)
    __temporary_stack_top$libspace           0x2000a580   Data           0  libspace.o(.bss)



==============================================================================

Memory Map of the image

  Image Entry point : 0x08000189

  Load Region LR_IROM1 (Base: 0x08000000, Size: 0x0000fce4, Max: 0x00080000, ABSOLUTE, COMPRESSED[0x0000fbd4])

    Execution Region ER_IROM1 (Base: 0x08000000, Size: 0x0000fb7c, Max: 0x00080000, ABSOLUTE)

    Base Addr    Size         Type   Attr      Idx    E Section Name        Object

    0x08000000   0x00000188   Data   RO          640    RESET               startup_stm32f40_41xxx.o
    0x08000188   0x00000008   Code   RO         1328  * !!!main             c_w.l(__main.o)
    0x08000190   0x00000034   Code   RO         1690    !!!scatter          c_w.l(__scatter.o)
    0x080001c4   0x0000005a   Code   RO         1688    !!dczerorl2         c_w.l(__dczerorl2.o)
    0x0800021e   0x00000002   PAD
    0x08000220   0x0000001c   Code   RO         1692    !!handler_zi        c_w.l(__scatter_zi.o)
    0x0800023c   0x00000000   Code   RO         1440    .ARM.Collect$$_printf_percent$$00000000  c_w.l(_printf_percent.o)
    0x0800023c   0x00000006   Code   RO         1429    .ARM.Collect$$_printf_percent$$00000001  c_w.l(_printf_n.o)
    0x08000242   0x00000006   Code   RO         1431    .ARM.Collect$$_printf_percent$$00000002  c_w.l(_printf_p.o)
    0x08000248   0x00000006   Code   RO         1436    .ARM.Collect$$_printf_percent$$00000003  c_w.l(_printf_f.o)
    0x0800024e   0x00000006   Code   RO         1437    .ARM.Collect$$_printf_percent$$00000004  c_w.l(_printf_e.o)
    0x08000254   0x00000006   Code   RO         1438    .ARM.Collect$$_printf_percent$$00000005  c_w.l(_printf_g.o)
    0x0800025a   0x00000006   Code   RO         1439    .ARM.Collect$$_printf_percent$$00000006  c_w.l(_printf_a.o)
    0x08000260   0x0000000a   Code   RO         1444    .ARM.Collect$$_printf_percent$$00000007  c_w.l(_printf_ll.o)
    0x0800026a   0x00000006   Code   RO         1433    .ARM.Collect$$_printf_percent$$00000008  c_w.l(_printf_i.o)
    0x08000270   0x00000006   Code   RO         1434    .ARM.Collect$$_printf_percent$$00000009  c_w.l(_printf_d.o)
    0x08000276   0x00000006   Code   RO         1435    .ARM.Collect$$_printf_percent$$0000000A  c_w.l(_printf_u.o)
    0x0800027c   0x00000006   Code   RO         1432    .ARM.Collect$$_printf_percent$$0000000B  c_w.l(_printf_o.o)
    0x08000282   0x00000006   Code   RO         1430    .ARM.Collect$$_printf_percent$$0000000C  c_w.l(_printf_x.o)
    0x08000288   0x00000006   Code   RO         1441    .ARM.Collect$$_printf_percent$$0000000D  c_w.l(_printf_lli.o)
    0x0800028e   0x00000006   Code   RO         1442    .ARM.Collect$$_printf_percent$$0000000E  c_w.l(_printf_lld.o)
    0x08000294   0x00000006   Code   RO         1443    .ARM.Collect$$_printf_percent$$0000000F  c_w.l(_printf_llu.o)
    0x0800029a   0x00000006   Code   RO         1448    .ARM.Collect$$_printf_percent$$00000010  c_w.l(_printf_llo.o)
    0x080002a0   0x00000006   Code   RO         1449    .ARM.Collect$$_printf_percent$$00000011  c_w.l(_printf_llx.o)
    0x080002a6   0x0000000a   Code   RO         1445    .ARM.Collect$$_printf_percent$$00000012  c_w.l(_printf_l.o)
    0x080002b0   0x00000006   Code   RO         1427    .ARM.Collect$$_printf_percent$$00000013  c_w.l(_printf_c.o)
    0x080002b6   0x00000006   Code   RO         1428    .ARM.Collect$$_printf_percent$$00000014  c_w.l(_printf_s.o)
    0x080002bc   0x00000006   Code   RO         1446    .ARM.Collect$$_printf_percent$$00000015  c_w.l(_printf_lc.o)
    0x080002c2   0x00000006   Code   RO         1447    .ARM.Collect$$_printf_percent$$00000016  c_w.l(_printf_ls.o)
    0x080002c8   0x00000004   Code   RO         1496    .ARM.Collect$$_printf_percent$$00000017  c_w.l(_printf_percent_end.o)
    0x080002cc   0x00000002   Code   RO         1549    .ARM.Collect$$libinit$$00000000  c_w.l(libinit.o)
    0x080002ce   0x00000004   Code   RO         1570    .ARM.Collect$$libinit$$00000001  c_w.l(libinit2.o)
    0x080002d2   0x00000000   Code   RO         1573    .ARM.Collect$$libinit$$00000004  c_w.l(libinit2.o)
    0x080002d2   0x00000000   Code   RO         1576    .ARM.Collect$$libinit$$0000000A  c_w.l(libinit2.o)
    0x080002d2   0x00000000   Code   RO         1578    .ARM.Collect$$libinit$$0000000C  c_w.l(libinit2.o)
    0x080002d2   0x00000000   Code   RO         1580    .ARM.Collect$$libinit$$0000000E  c_w.l(libinit2.o)
    0x080002d2   0x00000006   Code   RO         1581    .ARM.Collect$$libinit$$0000000F  c_w.l(libinit2.o)
    0x080002d8   0x00000000   Code   RO         1583    .ARM.Collect$$libinit$$00000011  c_w.l(libinit2.o)
    0x080002d8   0x0000000c   Code   RO         1584    .ARM.Collect$$libinit$$00000012  c_w.l(libinit2.o)
    0x080002e4   0x00000000   Code   RO         1585    .ARM.Collect$$libinit$$00000013  c_w.l(libinit2.o)
    0x080002e4   0x00000000   Code   RO         1587    .ARM.Collect$$libinit$$00000015  c_w.l(libinit2.o)
    0x080002e4   0x0000000a   Code   RO         1588    .ARM.Collect$$libinit$$00000016  c_w.l(libinit2.o)
    0x080002ee   0x00000000   Code   RO         1589    .ARM.Collect$$libinit$$00000017  c_w.l(libinit2.o)
    0x080002ee   0x00000000   Code   RO         1591    .ARM.Collect$$libinit$$00000019  c_w.l(libinit2.o)
    0x080002ee   0x00000000   Code   RO         1593    .ARM.Collect$$libinit$$0000001B  c_w.l(libinit2.o)
    0x080002ee   0x00000000   Code   RO         1595    .ARM.Collect$$libinit$$0000001D  c_w.l(libinit2.o)
    0x080002ee   0x00000000   Code   RO         1597    .ARM.Collect$$libinit$$0000001F  c_w.l(libinit2.o)
    0x080002ee   0x00000000   Code   RO         1599    .ARM.Collect$$libinit$$00000021  c_w.l(libinit2.o)
    0x080002ee   0x00000000   Code   RO         1601    .ARM.Collect$$libinit$$00000023  c_w.l(libinit2.o)
    0x080002ee   0x00000000   Code   RO         1603    .ARM.Collect$$libinit$$00000025  c_w.l(libinit2.o)
    0x080002ee   0x00000000   Code   RO         1607    .ARM.Collect$$libinit$$0000002C  c_w.l(libinit2.o)
    0x080002ee   0x00000000   Code   RO         1609    .ARM.Collect$$libinit$$0000002E  c_w.l(libinit2.o)
    0x080002ee   0x00000000   Code   RO         1611    .ARM.Collect$$libinit$$00000030  c_w.l(libinit2.o)
    0x080002ee   0x00000000   Code   RO         1613    .ARM.Collect$$libinit$$00000032  c_w.l(libinit2.o)
    0x080002ee   0x00000002   Code   RO         1614    .ARM.Collect$$libinit$$00000033  c_w.l(libinit2.o)
    0x080002f0   0x00000002   Code   RO         1645    .ARM.Collect$$libshutdown$$00000000  c_w.l(libshutdown.o)
    0x080002f2   0x00000000   Code   RO         1671    .ARM.Collect$$libshutdown$$00000002  c_w.l(libshutdown2.o)
    0x080002f2   0x00000000   Code   RO         1673    .ARM.Collect$$libshutdown$$00000004  c_w.l(libshutdown2.o)
    0x080002f2   0x00000000   Code   RO         1676    .ARM.Collect$$libshutdown$$00000007  c_w.l(libshutdown2.o)
    0x080002f2   0x00000000   Code   RO         1679    .ARM.Collect$$libshutdown$$0000000A  c_w.l(libshutdown2.o)
    0x080002f2   0x00000000   Code   RO         1681    .ARM.Collect$$libshutdown$$0000000C  c_w.l(libshutdown2.o)
    0x080002f2   0x00000000   Code   RO         1684    .ARM.Collect$$libshutdown$$0000000F  c_w.l(libshutdown2.o)
    0x080002f2   0x00000002   Code   RO         1685    .ARM.Collect$$libshutdown$$00000010  c_w.l(libshutdown2.o)
    0x080002f4   0x00000000   Code   RO         1354    .ARM.Collect$$rtentry$$00000000  c_w.l(__rtentry.o)
    0x080002f4   0x00000000   Code   RO         1468    .ARM.Collect$$rtentry$$00000002  c_w.l(__rtentry2.o)
    0x080002f4   0x00000006   Code   RO         1480    .ARM.Collect$$rtentry$$00000004  c_w.l(__rtentry4.o)
    0x080002fa   0x00000000   Code   RO         1470    .ARM.Collect$$rtentry$$00000009  c_w.l(__rtentry2.o)
    0x080002fa   0x00000004   Code   RO         1471    .ARM.Collect$$rtentry$$0000000A  c_w.l(__rtentry2.o)
    0x080002fe   0x00000000   Code   RO         1473    .ARM.Collect$$rtentry$$0000000C  c_w.l(__rtentry2.o)
    0x080002fe   0x00000008   Code   RO         1474    .ARM.Collect$$rtentry$$0000000D  c_w.l(__rtentry2.o)
    0x08000306   0x00000002   Code   RO         1557    .ARM.Collect$$rtexit$$00000000  c_w.l(rtexit.o)
    0x08000308   0x00000000   Code   RO         1618    .ARM.Collect$$rtexit$$00000002  c_w.l(rtexit2.o)
    0x08000308   0x00000004   Code   RO         1619    .ARM.Collect$$rtexit$$00000003  c_w.l(rtexit2.o)
    0x0800030c   0x00000006   Code   RO         1620    .ARM.Collect$$rtexit$$00000004  c_w.l(rtexit2.o)
    0x08000312   0x00000016   Code   RO            3    .text               stm32f4xx_it.o
    0x08000328   0x00000210   Code   RO          133    .text               system_stm32f4xx.o
    0x08000538   0x000004d0   Code   RO          159    .text               main.o
    0x08000a08   0x00000cdc   Code   RO          329    .text               dbus.o
    0x080016e4   0x000000a0   Code   RO          364    .text               io.o
    0x08001784   0x00000074   Code   RO          384    .text               led.o
    0x080017f8   0x0000003c   Code   RO          404    .text               beep.o
    0x08001834   0x00000100   Code   RO          424    .text               timer.o
    0x08001934   0x00000130   Code   RO          448    .text               usart3.o
    0x08001a64   0x00000130   Code   RO          479    .text               usart2.o
    0x08001b94   0x00000724   Code   RO          507    .text               modus.o
    0x080022b8   0x00000130   Code   RO          538    .text               usart6.o
    0x080023e8   0x00000040   Code   RO          641    .text               startup_stm32f40_41xxx.o
    0x08002428   0x000000e0   Code   RO          647    .text               misc.o
    0x08002508   0x00000294   Code   RO          667    .text               stm32f4xx_gpio.o
    0x0800279c   0x0000065c   Code   RO          687    .text               stm32f4xx_rcc.o
    0x08002df8   0x00000454   Code   RO          729    .text               stm32f4xx_usart.o
    0x0800324c   0x00000ca2   Code   RO          772    .text               stm32f4xx_tim.o
    0x08003eee   0x00000002   PAD
    0x08003ef0   0x00000148   Code   RO          832    .text               delay.o
    0x08004038   0x00000114   Code   RO          876    .text               usart.o
    0x0800414c   0x00000084   Code   RO          903    .text               bsp.o
    0x080041d0   0x000002a8   Code   RO          936    .text               cpu_core.o
    0x08004478   0x00000034   Code   RO          962    .text               cpu_a.o
    0x080044ac   0x00000256   Code   RO          965    .text               lib_ascii.o
    0x08004702   0x00000002   PAD
    0x08004704   0x000009c6   Code   RO          998    .text               lib_mem.o
    0x080050ca   0x00000002   PAD
    0x080050cc   0x0000092c   Code   RO         1017    .text               lib_str.o
    0x080059f8   0x00000220   Code   RO         1034    .text               lib_mem_a.o
    0x08005c18   0x000000fc   Code   RO         1037    .text               os_cfg_app.o
    0x08005d14   0x00000df0   Code   RO         1060    .text               os_core.o
    0x08006b04   0x000001b0   Code   RO         1072    .text               os_dbg.o
    0x08006cb4   0x00000e28   Code   RO         1087    .text               os_flag.o
    0x08007adc   0x00000444   Code   RO         1099    .text               os_int.o
    0x08007f20   0x00000238   Code   RO         1111    .text               os_mem.o
    0x08008158   0x0000022c   Code   RO         1123    .text               os_msg.o
    0x08008384   0x00000ad4   Code   RO         1135    .text               os_mutex.o
    0x08008e58   0x0000007c   Code   RO         1153    .text               os_prio.o
    0x08008ed4   0x000008d8   Code   RO         1172    .text               os_q.o
    0x080097ac   0x00000830   Code   RO         1184    .text               os_sem.o
    0x08009fdc   0x00000638   Code   RO         1196    .text               os_stat.o
    0x0800a614   0x00001bb4   Code   RO         1208    .text               os_task.o
    0x0800c1c8   0x000004fc   Code   RO         1220    .text               os_tick.o
    0x0800c6c4   0x00000564   Code   RO         1232    .text               os_time.o
    0x0800cc28   0x00000818   Code   RO         1244    .text               os_tmr.o
    0x0800d440   0x000003f8   Code   RO         1272    .text               os_cpu_c.o
    0x0800d838   0x000000ee   Code   RO         1316    .text               c_w.l(lludivv7m.o)
    0x0800d926   0x00000002   PAD
    0x0800d928   0x00000024   Code   RO         1318    .text               c_w.l(c89vsprintf.o)
    0x0800d94c   0x0000003e   Code   RO         1320    .text               c_w.l(strlen.o)
    0x0800d98a   0x0000008a   Code   RO         1322    .text               c_w.l(rt_memcpy_v6.o)
    0x0800da14   0x00000044   Code   RO         1324    .text               c_w.l(rt_memclr.o)
    0x0800da58   0x00000006   Code   RO         1326    .text               c_w.l(heapauxi.o)
    0x0800da5e   0x0000004e   Code   RO         1361    .text               c_w.l(_printf_pad.o)
    0x0800daac   0x00000024   Code   RO         1363    .text               c_w.l(_printf_truncate.o)
    0x0800dad0   0x00000052   Code   RO         1365    .text               c_w.l(_printf_str.o)
    0x0800db22   0x00000002   PAD
    0x0800db24   0x00000078   Code   RO         1367    .text               c_w.l(_printf_dec.o)
    0x0800db9c   0x00000028   Code   RO         1369    .text               c_w.l(_printf_charcount.o)
    0x0800dbc4   0x00000030   Code   RO         1371    .text               c_w.l(_printf_char_common.o)
    0x0800dbf4   0x0000000a   Code   RO         1373    .text               c_w.l(_sputc.o)
    0x0800dbfe   0x00000002   PAD
    0x0800dc00   0x000000bc   Code   RO         1375    .text               c_w.l(_printf_wctomb.o)
    0x0800dcbc   0x0000007c   Code   RO         1378    .text               c_w.l(_printf_longlong_dec.o)
    0x0800dd38   0x00000070   Code   RO         1384    .text               c_w.l(_printf_oct_int_ll.o)
    0x0800dda8   0x00000094   Code   RO         1404    .text               c_w.l(_printf_hex_int_ll_ptr.o)
    0x0800de3c   0x00000188   Code   RO         1424    .text               c_w.l(__printf_flags_ss_wp.o)
    0x0800dfc4   0x00000064   Code   RO         1450    .text               c_w.l(rt_memcpy_w.o)
    0x0800e028   0x0000004e   Code   RO         1452    .text               c_w.l(rt_memclr_w.o)
    0x0800e076   0x0000008a   Code   RO         1484    .text               c_w.l(lludiv10.o)
    0x0800e100   0x000000b2   Code   RO         1486    .text               c_w.l(_printf_intcommon.o)
    0x0800e1b2   0x0000041a   Code   RO         1488    .text               c_w.l(_printf_fp_dec.o)
    0x0800e5cc   0x0000002c   Code   RO         1492    .text               c_w.l(_printf_char.o)
    0x0800e5f8   0x0000002c   Code   RO         1494    .text               c_w.l(_printf_wchar.o)
    0x0800e624   0x00000040   Code   RO         1497    .text               c_w.l(_wcrtomb.o)
    0x0800e664   0x0000004a   Code   RO         1499    .text               c_w.l(sys_stackheap_outer.o)
    0x0800e6ae   0x00000002   PAD
    0x0800e6b0   0x00000010   Code   RO         1501    .text               c_w.l(rt_ctype_table.o)
    0x0800e6c0   0x00000008   Code   RO         1506    .text               c_w.l(rt_locale_intlibspace.o)
    0x0800e6c8   0x00000080   Code   RO         1508    .text               c_w.l(_printf_fp_infnan.o)
    0x0800e748   0x000000dc   Code   RO         1510    .text               c_w.l(bigflt0.o)
    0x0800e824   0x00000012   Code   RO         1538    .text               c_w.l(exit.o)
    0x0800e836   0x00000002   PAD
    0x0800e838   0x00000008   Code   RO         1554    .text               c_w.l(libspace.o)
    0x0800e840   0x00000080   Code   RO         1568    .text               c_w.l(strcmpv7m.o)
    0x0800e8c0   0x0000000c   Code   RO         1615    .text               c_w.l(sys_exit.o)
    0x0800e8cc   0x00000002   Code   RO         1634    .text               c_w.l(use_no_semi.o)
    0x0800e8ce   0x00000000   Code   RO         1636    .text               c_w.l(indicate_semi.o)
    0x0800e8ce   0x0000003e   Code   RO         1513    CL$$btod_d2e        c_w.l(btod.o)
    0x0800e90c   0x00000046   Code   RO         1515    CL$$btod_d2e_denorm_low  c_w.l(btod.o)
    0x0800e952   0x00000060   Code   RO         1514    CL$$btod_d2e_norm_op1  c_w.l(btod.o)
    0x0800e9b2   0x00000338   Code   RO         1523    CL$$btod_div_common  c_w.l(btod.o)
    0x0800ecea   0x000000c6   Code   RO         1520    CL$$btod_e2e        c_w.l(btod.o)
    0x0800edb0   0x00000028   Code   RO         1517    CL$$btod_ediv       c_w.l(btod.o)
    0x0800edd8   0x00000028   Code   RO         1516    CL$$btod_emul       c_w.l(btod.o)
    0x0800ee00   0x00000244   Code   RO         1522    CL$$btod_mult_common  c_w.l(btod.o)
    0x0800f044   0x000000ac   Code   RO         1296    CODE                os_cpu_a.o
    0x0800f0f0   0x00000030   Code   RO         1552    i.__ARM_fpclassify  m_wm.l(fpclassify.o)
    0x0800f120   0x0000000e   Code   RO         1417    i._is_digit         c_w.l(__printf_wp.o)
    0x0800f12e   0x00000002   PAD
    0x0800f130   0x0000002c   Code   RO         1536    locale$$code        c_w.l(lc_numeric_c.o)
    0x0800f15c   0x0000002c   Code   RO         1562    locale$$code        c_w.l(lc_ctype_c.o)
    0x0800f188   0x00000018   Code   RO         1454    x$fpl$dcmpinf       fz_wm.l(dcmpi.o)
    0x0800f1a0   0x000002b0   Code   RO         1339    x$fpl$ddiv          fz_wm.l(ddiv.o)
    0x0800f450   0x00000026   Code   RO         1342    x$fpl$dfltu         fz_wm.l(dflt_clz.o)
    0x0800f476   0x00000002   PAD
    0x0800f478   0x00000078   Code   RO         1348    x$fpl$dleqf         fz_wm.l(dleqf.o)
    0x0800f4f0   0x0000009c   Code   RO         1456    x$fpl$dnaninf       fz_wm.l(dnaninf.o)
    0x0800f58c   0x0000000c   Code   RO         1458    x$fpl$dretinf       fz_wm.l(dretinf.o)
    0x0800f598   0x0000000a   Code   RO         1630    x$fpl$fpinit        fz_wm.l(fpinit.o)
    0x0800f5a2   0x00000004   Code   RO         1464    x$fpl$printf1       fz_wm.l(printf1.o)
    0x0800f5a6   0x00000000   Code   RO         1466    x$fpl$usenofp       fz_wm.l(usenofp.o)
    0x0800f5a6   0x00000002   PAD
    0x0800f5a8   0x00000104   Data   RO          938    .constdata          cpu_core.o
    0x0800f6ac   0x00000094   Data   RO         1018    .constdata          lib_str.o
    0x0800f740   0x000000a4   Data   RO         1039    .constdata          os_cfg_app.o
    0x0800f7e4   0x0000016c   Data   RO         1073    .constdata          os_dbg.o
    0x0800f950   0x00000008   Data   RO         1376    .constdata          c_w.l(_printf_wctomb.o)
    0x0800f958   0x00000028   Data   RO         1405    .constdata          c_w.l(_printf_hex_int_ll_ptr.o)
    0x0800f980   0x00000011   Data   RO         1425    .constdata          c_w.l(__printf_flags_ss_wp.o)
    0x0800f991   0x00000003   PAD
    0x0800f994   0x00000094   Data   RO         1511    .constdata          c_w.l(bigflt0.o)
    0x0800fa28   0x00000007   Data   RO          331    .conststring        dbus.o
    0x0800fa2f   0x00000001   PAD
    0x0800fa30   0x00000020   Data   RO         1686    Region$$Table       anon$$obj.o
    0x0800fa50   0x0000001c   Data   RO         1535    locale$$data        c_w.l(lc_numeric_c.o)
    0x0800fa6c   0x00000110   Data   RO         1561    locale$$data        c_w.l(lc_ctype_c.o)


    Execution Region RW_IRAM2 (Base: 0x10000000, Size: 0x00000000, Max: 0x00010000, ABSOLUTE)

    **** No section assigned to this execution region ****


    Execution Region RW_IRAM1 (Base: 0x20000000, Size: 0x0000bd80, Max: 0x00020000, ABSOLUTE, COMPRESSED[0x00000058])

    Base Addr    Size         Type   Attr      Idx    E Section Name        Object

    0x20000000   0x00000014   Data   RW          134    .data               system_stm32f4xx.o
    0x20000014   0x00000058   Data   RW          332    .data               dbus.o
    0x2000006c   0x00000004   Data   RW          481    .data               usart2.o
    0x20000070   0x00000002   Data   RW          509    .data               modus.o
    0x20000072   0x00000010   Data   RW          688    .data               stm32f4xx_rcc.o
    0x20000082   0x00000004   Data   RW          833    .data               delay.o
    0x20000086   0x00000004   Data   RW          878    .data               usart.o
    0x2000008a   0x00000002   PAD
    0x2000008c   0x00000004   Data   RW          939    .data               cpu_core.o
    0x20000090   0x00000004   Data   RW         1000    .data               lib_mem.o
    0x20000094   0x00000008   Data   RW         1154    .data               os_prio.o
    0x2000009c   0x000000c8   Data   RW         1257    .data               os_var.o
    0x20000164   0x00000004   Data   RW         1273    .data               os_cpu_c.o
    0x20000168   0x00002d5c   Zero   RW          160    .bss                main.o
    0x20002ec4   0x00004a00   Zero   RW          330    .bss                dbus.o
    0x200078c4   0x00000004   PAD
    0x200078c8   0x00000320   Zero   RW          449    .bss                usart3.o
    0x20007be8   0x00000320   Zero   RW          480    .bss                usart2.o
    0x20007f08   0x000000d2   Zero   RW          508    .bss                modus.o
    0x20007fda   0x00000006   PAD
    0x20007fe0   0x00000320   Zero   RW          539    .bss                usart6.o
    0x20008300   0x00000258   Zero   RW          877    .bss                usart.o
    0x20008558   0x00000010   Zero   RW          937    .bss                cpu_core.o
    0x20008568   0x00000448   Zero   RW          999    .bss                lib_mem.o
    0x200089b0   0x00001490   Zero   RW         1038    .bss                os_cfg_app.o
    0x20009e40   0x000006e0   Zero   RW         1256    .bss                os_var.o
    0x2000a520   0x00000060   Zero   RW         1555    .bss                c_w.l(libspace.o)
    0x2000a580   0x00000800   Zero   RW          639    HEAP                startup_stm32f40_41xxx.o
    0x2000ad80   0x00001000   Zero   RW          638    STACK               startup_stm32f40_41xxx.o


==============================================================================

Image component sizes


      Code (inc. data)   RO Data    RW Data    ZI Data      Debug   Object Name

        60          4          0          0          0        512   beep.o
       132         14          0          0          0       1199   bsp.o
        52          0          0          0          0        312   cpu_a.o
       680         14        260          4         16      14643   cpu_core.o
      3292        116          7         88      18944      11852   dbus.o
       328         24          0          4          0       1853   delay.o
       160         14          0          0          0        794   io.o
       116          8          0          0          0        539   led.o
       598          0          0          0          0       3952   lib_ascii.o
      2502         32          0          4       1096      22296   lib_mem.o
       544          0          0          0          0        460   lib_mem_a.o
      2348          6        148          0          0      13846   lib_str.o
      1232        186          0          0      11612     273652   main.o
       224         20          0          0          0       1925   misc.o
      1828         64          0          2        210       6399   modus.o
       252        166        164          0       5264      20834   os_cfg_app.o
      3568        284          0          0          0      12593   os_core.o
       172         32          0          0          0        380   os_cpu_a.o
      1016         64          0          4          0       4009   os_cpu_c.o
       432        286        364          0          0       4713   os_dbg.o
      3624        110          0          0          0       8227   os_flag.o
      1092        146          0          0          0       2336   os_int.o
       568         20          0          0          0       2856   os_mem.o
       556         12          0          0          0       2843   os_msg.o
      2772        114          0          0          0       5762   os_mutex.o
       124          4          0          8          0       1856   os_prio.o
      2264         76          0          0          0       6524   os_q.o
      2096         70          0          0          0       6544   os_sem.o
      1592        180          0          0          0       2817   os_stat.o
      7092        270          0          0          0      14370   os_task.o
      1276         90          0          0          0       3433   os_tick.o
      1380         46          0          0          0       3289   os_time.o
      2072        140          0          0          0       6670   os_tmr.o
         0          0          0        200       1760      19301   os_var.o
        64         26        392          0       6144        820   startup_stm32f40_41xxx.o
       660         44          0          0          0       4261   stm32f4xx_gpio.o
        22          0          0          0          0      53571   stm32f4xx_it.o
      1628         52          0         16          0      13148   stm32f4xx_rcc.o
      3234         60          0          0          0      23116   stm32f4xx_tim.o
      1108         34          0          0          0       7988   stm32f4xx_usart.o
       528         46          0         20          0       1731   system_stm32f4xx.o
       256         26          0          0          0        888   timer.o
       276         20          0          4        600       1908   usart.o
       304         14          0          4        800       2418   usart2.o
       304         16          0          0        800       2108   usart3.o
       304         18          0          0        800       1962   usart6.o

    ----------------------------------------------------------------------
     54738       2968       1368        360      48056     597510   Object Totals
         0          0         32          0          0          0   (incl. Generated)
         6          0          1          2         10          0   (incl. Padding)

    ----------------------------------------------------------------------

      Code (inc. data)   RO Data    RW Data    ZI Data      Debug   Library Member Name

        90          0          0          0          0          0   __dczerorl2.o
         8          0          0          0          0         68   __main.o
       392          4         17          0          0         92   __printf_flags_ss_wp.o
        14          0          0          0          0         68   __printf_wp.o
         0          0          0          0          0          0   __rtentry.o
        12          0          0          0          0          0   __rtentry2.o
         6          0          0          0          0          0   __rtentry4.o
        52          8          0          0          0          0   __scatter.o
        28          0          0          0          0          0   __scatter_zi.o
         6          0          0          0          0          0   _printf_a.o
         6          0          0          0          0          0   _printf_c.o
        44          0          0          0          0        108   _printf_char.o
        48          6          0          0          0         96   _printf_char_common.o
        40          0          0          0          0         68   _printf_charcount.o
         6          0          0          0          0          0   _printf_d.o
       120         16          0          0          0         92   _printf_dec.o
         6          0          0          0          0          0   _printf_e.o
         6          0          0          0          0          0   _printf_f.o
      1050          0          0          0          0        216   _printf_fp_dec.o
       128         16          0          0          0         84   _printf_fp_infnan.o
         6          0          0          0          0          0   _printf_g.o
       148          4         40          0          0        160   _printf_hex_int_ll_ptr.o
         6          0          0          0          0          0   _printf_i.o
       178          0          0          0          0         88   _printf_intcommon.o
        10          0          0          0          0          0   _printf_l.o
         6          0          0          0          0          0   _printf_lc.o
        10          0          0          0          0          0   _printf_ll.o
         6          0          0          0          0          0   _printf_lld.o
         6          0          0          0          0          0   _printf_lli.o
         6          0          0          0          0          0   _printf_llo.o
         6          0          0          0          0          0   _printf_llu.o
         6          0          0          0          0          0   _printf_llx.o
       124         16          0          0          0         92   _printf_longlong_dec.o
         6          0          0          0          0          0   _printf_ls.o
         6          0          0          0          0          0   _printf_n.o
         6          0          0          0          0          0   _printf_o.o
       112         10          0          0          0        124   _printf_oct_int_ll.o
         6          0          0          0          0          0   _printf_p.o
        78          0          0          0          0        108   _printf_pad.o
         0          0          0          0          0          0   _printf_percent.o
         4          0          0          0          0          0   _printf_percent_end.o
         6          0          0          0          0          0   _printf_s.o
        82          0          0          0          0         80   _printf_str.o
        36          0          0          0          0         84   _printf_truncate.o
         6          0          0          0          0          0   _printf_u.o
        44          0          0          0          0        108   _printf_wchar.o
       188          6          8          0          0         92   _printf_wctomb.o
         6          0          0          0          0          0   _printf_x.o
        10          0          0          0          0         68   _sputc.o
        64          0          0          0          0         92   _wcrtomb.o
       220          4        148          0          0         96   bigflt0.o
      1910        128          0          0          0        672   btod.o
        36          4          0          0          0         76   c89vsprintf.o
        18          0          0          0          0         80   exit.o
         6          0          0          0          0        152   heapauxi.o
         0          0          0          0          0          0   indicate_semi.o
        44         10        272          0          0         76   lc_ctype_c.o
        44         10         28          0          0         76   lc_numeric_c.o
         2          0          0          0          0          0   libinit.o
        34          0          0          0          0          0   libinit2.o
         2          0          0          0          0          0   libshutdown.o
         2          0          0          0          0          0   libshutdown2.o
         8          4          0          0         96         68   libspace.o
       138          0          0          0          0         80   lludiv10.o
       238          0          0          0          0        100   lludivv7m.o
        16          4          0          0          0         76   rt_ctype_table.o
         8          4          0          0          0         68   rt_locale_intlibspace.o
        68          0          0          0          0         68   rt_memclr.o
        78          0          0          0          0         80   rt_memclr_w.o
       138          0          0          0          0         68   rt_memcpy_v6.o
       100          0          0          0          0         80   rt_memcpy_w.o
         2          0          0          0          0          0   rtexit.o
        10          0          0          0          0          0   rtexit2.o
       128          0          0          0          0         68   strcmpv7m.o
        62          0          0          0          0         76   strlen.o
        12          4          0          0          0         68   sys_exit.o
        74          0          0          0          0         80   sys_stackheap_outer.o
         2          0          0          0          0         68   use_no_semi.o
        24          0          0          0          0        116   dcmpi.o
       688        140          0          0          0        256   ddiv.o
        38          0          0          0          0        116   dflt_clz.o
       120          4          0          0          0        140   dleqf.o
       156          4          0          0          0        140   dnaninf.o
        12          0          0          0          0        116   dretinf.o
        10          0          0          0          0        116   fpinit.o
         4          0          0          0          0        116   printf1.o
         0          0          0          0          0          0   usenofp.o
        48          0          0          0          0        124   fpclassify.o

    ----------------------------------------------------------------------
      7758        406        516          0         96       5504   Library Totals
        18          0          3          0          0          0   (incl. Padding)

    ----------------------------------------------------------------------

      Code (inc. data)   RO Data    RW Data    ZI Data      Debug   Library Name

      6640        258        513          0         96       4264   c_w.l
      1052        148          0          0          0       1116   fz_wm.l
        48          0          0          0          0        124   m_wm.l

    ----------------------------------------------------------------------
      7758        406        516          0         96       5504   Library Totals

    ----------------------------------------------------------------------

==============================================================================


      Code (inc. data)   RO Data    RW Data    ZI Data      Debug   

     62496       3374       1884        360      48152     590774   Grand Totals
     62496       3374       1884         88      48152     590774   ELF Image Totals (compressed)
     62496       3374       1884         88          0          0   ROM Totals

==============================================================================

    Total RO  Size (Code + RO Data)                64380 (  62.87kB)
    Total RW  Size (RW Data + ZI Data)             48512 (  47.38kB)
    Total ROM Size (Code + RO Data + RW Data)      64468 (  62.96kB)

==============================================================================

