<html>
<body>
<pre>
<h1>礦ision Build Log</h1>
<h2>Tool Versions:</h2>
IDE-Version: μVision V5.14.0.0
Copyright (C) 2015 ARM Ltd and ARM Germany GmbH. All rights reserved.
License Information: 1 AutoBVT, Microsoft, LIC=IC9TG-VTHP2-GNTA5-GRYZU-JVCYB-IV1EE
 
Tool Versions:
Toolchain:       MDK-ARM Professional  Version: 5.14.0.0
Toolchain Path:  C:\Keil_v5\ARM\ARMCC\Bin
C Compiler:      Armcc.exe V5.05 update 1 (build 106)
Assembler:       Armasm.exe V5.05 update 1 (build 106)
Linker/Locator:  ArmLink.exe V5.05 update 1 (build 106)
Library Manager: ArmAr.exe V5.05 update 1 (build 106)
Hex Converter:   FromElf.exe V5.05 update 1 (build 106)
CPU DLL:         SARMCM3.DLL V5.14.0.0
Dialog DLL:      DCM.DLL V1.13.1.0
Target DLL:      Segger\JL2CM3.dll V2.99.13.0
Dialog DLL:      TCM.DLL V1.14.4.0
 
<h2>Project:</h2>
D:\github\stm32\dbus\dbus\USER\Template.uvprojx
Project File Date:  02/25/2018

<h2>Output:</h2>
Build target 'Template'
compiling main.c...
Warning: C3910W: Old syntax, please use '--c99'.
..\HARDWARE\ADC\adc.h(8): warning:  #1295-D: Deprecated declaration GetVlue - give arg types
  float GetVlue();//获取外部实际电压
main.c(324): warning:  #177-D: variable "err" was declared but never referenced
        OS_ERR *err;
main.c: 2 warnings, 0 errors
compiling timer.c...
Warning: C3910W: Old syntax, please use '--c99'.
compiling usart2.c...
Warning: C3910W: Old syntax, please use '--c99'.
compiling modus.c...
Warning: C3910W: Old syntax, please use '--c99'.
..\HARDWARE\MODBUS\modus.c(90): warning:  #167-D: argument of type "u8 *" is incompatible with parameter of type "char *"
                USART_OUT(USART2,USART2_TX_BUF,TxCounter2);
..\HARDWARE\MODBUS\modus.c: 1 warning, 0 errors
linking...
Program Size: Code=68292 RO-data=1964 RW-data=328 ZI-data=70424  
FromELF: creating hex file...
"..\OBJ\Template.axf" - 0 Error(s), 3 Warning(s).

<h2>Collection of Component include folders:</h2>
  D:\github\stm32\dbus\dbus\USER\RTE
  C:\Keil_v5\ARM\PACK\Keil\STM32F4xx_DFP\1.0.8\Device\Include

<h2>Collection of Component Files used:</h2>
</pre>
</body>
</html>
