<html>
<body>
<pre>
<h1>µVision Build Log</h1>
<h2>Tool Versions:</h2>
IDE-Version: ¦ÌVision V5.14.0.0
Copyright (C) 2015 ARM Ltd and ARM Germany GmbH. All rights reserved.
License Information: 1 1, 1, LIC=7YKY8-3GG2H-4A4DE-5852C-6KJDZ-EGBWI
 
Tool Versions:
Toolchain:       MDK-ARM Professional  Version: 5.14.0.0
Toolchain Path:  C:\Keil_v5\ARM\ARMCC\Bin
C Compiler:      Armcc.exe V5.05 update 1 (build 106)
Assembler:       Armasm.exe V5.05 update 1 (build 106)
Linker/Locator:  ArmLink.exe V5.05 update 1 (build 106)
Library Manager: ArmAr.exe V5.05 update 1 (build 106)
Hex Converter:   FromElf.exe V5.05 update 1 (build 106)
CPU DLL:         SARMCM3.DLL V5.14.0.0
Dialog DLL:      DCM.DLL V1.13.1.0
Target DLL:      Segger\JL2CM3.dll V2.99.13.0
Dialog DLL:      TCM.DLL V1.14.4.0
 
<h2>Project:</h2>
C:\Users\sun\Documents\GitHub\dbus\dbus\Project\stm32f4xx\mdk\stm32f4xx.uvprojx
Project File Date:  02/04/2018

<h2>Output:</h2>
Build target 'STM32F4'
assembling startup_stm32f40_41xxx.s...
compiling system_stm32f4xx.c...
compiling misc.c...
compiling stm32f4xx_adc.c...
compiling stm32f4xx_can.c...
compiling stm32f4xx_cec.c...
compiling stm32f4xx_crc.c...
compiling stm32f4xx_cryp.c...
compiling stm32f4xx_cryp_aes.c...
compiling stm32f4xx_cryp_des.c...
compiling stm32f4xx_cryp_tdes.c...
compiling stm32f4xx_dac.c...
compiling stm32f4xx_dbgmcu.c...
compiling stm32f4xx_dcmi.c...
compiling stm32f4xx_dma.c...
compiling stm32f4xx_dma2d.c...
compiling stm32f4xx_dsi.c...
compiling stm32f4xx_exti.c...
compiling stm32f4xx_flash.c...
compiling stm32f4xx_flash_ramfunc.c...
compiling stm32f4xx_fmpi2c.c...
compiling stm32f4xx_fsmc.c...
compiling stm32f4xx_gpio.c...
compiling stm32f4xx_hash.c...
compiling stm32f4xx_hash_md5.c...
compiling stm32f4xx_hash_sha1.c...
compiling stm32f4xx_i2c.c...
compiling stm32f4xx_iwdg.c...
compiling stm32f4xx_lptim.c...
compiling stm32f4xx_ltdc.c...
compiling stm32f4xx_pwr.c...
compiling stm32f4xx_qspi.c...
compiling stm32f4xx_rcc.c...
compiling stm32f4xx_rng.c...
compiling stm32f4xx_rtc.c...
compiling stm32f4xx_sai.c...
compiling stm32f4xx_sdio.c...
compiling stm32f4xx_spdifrx.c...
compiling stm32f4xx_spi.c...
compiling stm32f4xx_syscfg.c...
compiling stm32f4xx_tim.c...
compiling stm32f4xx_usart.c...
compiling stm32f4xx_wwdg.c...
compiling dtostrf.c...
compiling itoa.c...
compiling big_little.cpp...
compiling list.cpp...
compiling new.cpp...
compiling print.cpp...
compiling ringbuf.cpp...
compiling util.cpp...
..\..\..\core\util.cpp(311): warning:  #1-D: last line of file ends without a newline
  }
..\..\..\core\util.cpp: 1 warning, 0 errors
compiling WString.cpp...
compiling ebox_mem.c...
compiling crc.c...
compiling LinearRegression.cpp...
..\..\..\core\math\LinearRegression.cpp(48): warning:  #177-D: variable "j" was declared but never referenced
      int i, j;
..\..\..\core\math\LinearRegression.cpp: 1 warning, 0 errors
compiling random.cpp...
compiling mcu_core.cpp...
compiling mcu_mem.c...
compiling ebox_common.cpp...
compiling ebox_adc.cpp...
compiling ebox_dac.cpp...
compiling ebox_gpio.cpp...
compiling ebox_i2c.cpp...
compiling ebox_iflash.cpp...
..\..\..\mcu\stm32f4xx\ebox\Peripherals\ebox_iflash.cpp(40): warning:  #940-D: missing return statement at end of non-void function "FLASHCLASS::erase_sector"
  }
..\..\..\mcu\stm32f4xx\ebox\Peripherals\ebox_iflash.cpp(124): warning:  #940-D: missing return statement at end of non-void function "FLASHCLASS::addr_to_sector"
  }
..\..\..\mcu\stm32f4xx\ebox\Peripherals\ebox_iflash.cpp(142): warning:  #1-D: last line of file ends without a newline
  }
..\..\..\mcu\stm32f4xx\ebox\Peripherals\ebox_iflash.cpp: 3 warnings, 0 errors
compiling ebox_pwm.cpp...
compiling ebox_soft_iic.cpp...
compiling ebox_soft_spi.cpp...
compiling ebox_spi.cpp...
compiling ebox_time.cpp...
..\..\..\mcu\stm32f4xx\ebox\Peripherals\ebox_time.cpp(179): warning:  #175-D: subscript out of range
          timx_cb_table[7][0] = callback;
..\..\..\mcu\stm32f4xx\ebox\Peripherals\ebox_time.cpp(182): warning:  #175-D: subscript out of range
          timx_cb_table[8][0] = callback;
..\..\..\mcu\stm32f4xx\ebox\Peripherals\ebox_time.cpp(185): warning:  #175-D: subscript out of range
          timx_cb_table[9][0] = callback;
..\..\..\mcu\stm32f4xx\ebox\Peripherals\ebox_time.cpp(188): warning:  #175-D: subscript out of range
          timx_cb_table[10][0] = callback;
..\..\..\mcu\stm32f4xx\ebox\Peripherals\ebox_time.cpp(191): warning:  #175-D: subscript out of range
          timx_cb_table[11][0] = callback;
..\..\..\mcu\stm32f4xx\ebox\Peripherals\ebox_time.cpp(194): warning:  #175-D: subscript out of range
          timx_cb_table[12][0] = callback;
..\..\..\mcu\stm32f4xx\ebox\Peripherals\ebox_time.cpp(197): warning:  #175-D: subscript out of range
          timx_cb_table[13][0] = callback;
..\..\..\mcu\stm32f4xx\ebox\Peripherals\ebox_time.cpp: 7 warnings, 0 errors
compiling ebox_uart.cpp...
compiling ebox_it.cpp...
compiling ebox_object.cpp...
compiling fsmc_sram.c...
compiling 74HC595.cpp...
compiling Button.cpp...
compiling dht11.cpp...
compiling parallel_gpio.cpp...
compiling led.cpp...
compiling ds18b20.cpp...
compiling lcd_1.8.cpp...
..\..\..\common\edriver\lcd_1.8.cpp(684): warning:  #1-D: last line of file ends without a newline
  }
..\..\..\common\edriver\lcd_1.8.cpp: 1 warning, 0 errors
compiling w5500.cpp...
compiling main.cpp...
..\..\..\User\main.cpp(34): warning:  #181-D: argument is incompatible with corresponding format string conversion
                sscanf(temp,"%x",&dec[i/2]);
..\..\..\User\main.cpp(26): warning:  #177-D: variable "i" was declared but never referenced
        u16 i = 0;
..\..\..\User\main.cpp: 2 warnings, 0 errors
compiling bsp.cpp...
compiling dbus.cpp...
..\..\..\User\dbus.cpp(22): warning:  #177-D: variable "i" was declared but never referenced
        u8 i;
..\..\..\User\dbus.cpp: 1 warning, 0 errors
linking...
Program Size: Code=19334 RO-data=950 RW-data=260 ZI-data=6084  
".\Output\ebox_stm32f4xx.axf" - 0 Error(s), 16 Warning(s).

<h2>Software Packages used:</h2>

Package Vendor: ARM
                http://www.keil.com/pack/ARM.CMSIS.4.2.0.pack
                ARM::CMSIS:CORE:3.40.0
                CMSIS (Cortex Microcontroller Software Interface Standard)
   * Component: CORE Version: 3.40.0

<h2>Collection of Component include folders:</h2>
  C:\Users\sun\Documents\GitHub\dbus\dbus\Project\stm32f4xx\mdk\RTE
  C:\Keil_v5\ARM\PACK\ARM\CMSIS\4.2.0\CMSIS\Include
  C:\Keil_v5\ARM\PACK\Keil\STM32F4xx_DFP\1.0.8\Device\Include

<h2>Collection of Component Files used:</h2>

   * Component: ARM::CMSIS:CORE:3.40.0
      Source file:   CMSIS\UserCodeTemplates\ARM\ITM_Retarget.c
</pre>
</body>
</html>
