Component: ARM Compiler 5.05 update 1 (build 106) Tool: armlink [4d0efa]

==============================================================================

Section Cross References

    stm32f4xx_it.o(.text) refers to delay.o(.text) for TimingDelay_Decrement()
    stm32f4xx_it.o(.text) refers to serial.o(.bss) for USART1_var
    stm32f4xx_it.o(.ARM.exidx) refers to stm32f4xx_it.o(.text) for .text
    system_stm32f4xx.o(.text) refers to system_stm32f4xx.o(.data) for SystemCoreClock
    system_stm32f4xx.o(.ARM.exidx) refers to system_stm32f4xx.o(.text) for .text
    startup_stm32f40xx.o(STACK) refers (Special) to heapauxi.o(.text) for __use_two_region_memory
    startup_stm32f40xx.o(HEAP) refers (Special) to heapauxi.o(.text) for __use_two_region_memory
    startup_stm32f40xx.o(RESET) refers (Special) to heapauxi.o(.text) for __use_two_region_memory
    startup_stm32f40xx.o(RESET) refers to startup_stm32f40xx.o(STACK) for __initial_sp
    startup_stm32f40xx.o(RESET) refers to startup_stm32f40xx.o(.text) for Reset_Handler
    startup_stm32f40xx.o(RESET) refers to stm32f4xx_it.o(.text) for NMI_Handler
    startup_stm32f40xx.o(RESET) refers to digital.o(.text) for EXTI0_IRQHandler
    startup_stm32f40xx.o(RESET) refers to can.o(.text) for CAN1_RX0_IRQHandler
    startup_stm32f40xx.o(RESET) refers to timer.o(.text) for TIM1_BRK_TIM9_IRQHandler
    startup_stm32f40xx.o(RESET) refers to i2c.o(.text) for I2C1_EV_IRQHandler
    startup_stm32f40xx.o(RESET) refers to serial.o(.text) for USART1_IRQHandler
    startup_stm32f40xx.o(.text) refers (Special) to heapauxi.o(.text) for __use_two_region_memory
    startup_stm32f40xx.o(.text) refers to system_stm32f4xx.o(.text) for SystemInit
    startup_stm32f40xx.o(.text) refers to __main.o(!!!main) for __main
    startup_stm32f40xx.o(.text) refers to startup_stm32f40xx.o(HEAP) for Heap_Mem
    startup_stm32f40xx.o(.text) refers to startup_stm32f40xx.o(STACK) for Stack_Mem
    stm32f4xx_adc.o(.text) refers to stm32f4xx_rcc.o(.text) for RCC_APB2PeriphResetCmd
    stm32f4xx_adc.o(.ARM.exidx) refers to stm32f4xx_adc.o(.text) for .text
    stm32f4xx_can.o(.text) refers to stm32f4xx_rcc.o(.text) for RCC_APB1PeriphResetCmd
    stm32f4xx_can.o(.ARM.exidx) refers to stm32f4xx_can.o(.text) for .text
    stm32f4xx_crc.o(.ARM.exidx) refers to stm32f4xx_crc.o(.text) for .text
    stm32f4xx_cryp.o(.text) refers to stm32f4xx_rcc.o(.text) for RCC_AHB2PeriphResetCmd
    stm32f4xx_cryp.o(.ARM.exidx) refers to stm32f4xx_cryp.o(.text) for .text
    stm32f4xx_cryp_aes.o(.text) refers to stm32f4xx_cryp.o(.text) for CRYP_KeyStructInit
    stm32f4xx_cryp_aes.o(.ARM.exidx) refers to stm32f4xx_cryp_aes.o(.text) for .text
    stm32f4xx_cryp_des.o(.text) refers to stm32f4xx_cryp.o(.text) for CRYP_KeyStructInit
    stm32f4xx_cryp_des.o(.ARM.exidx) refers to stm32f4xx_cryp_des.o(.text) for .text
    stm32f4xx_cryp_tdes.o(.text) refers to stm32f4xx_cryp.o(.text) for CRYP_KeyStructInit
    stm32f4xx_cryp_tdes.o(.ARM.exidx) refers to stm32f4xx_cryp_tdes.o(.text) for .text
    stm32f4xx_dac.o(.text) refers to stm32f4xx_rcc.o(.text) for RCC_APB1PeriphResetCmd
    stm32f4xx_dac.o(.ARM.exidx) refers to stm32f4xx_dac.o(.text) for .text
    stm32f4xx_dbgmcu.o(.ARM.exidx) refers to stm32f4xx_dbgmcu.o(.text) for .text
    stm32f4xx_dcmi.o(.ARM.exidx) refers to stm32f4xx_dcmi.o(.text) for .text
    stm32f4xx_dma.o(.ARM.exidx) refers to stm32f4xx_dma.o(.text) for .text
    stm32f4xx_dma2d.o(.text) refers to stm32f4xx_rcc.o(.text) for RCC_AHB1PeriphResetCmd
    stm32f4xx_dma2d.o(.ARM.exidx) refers to stm32f4xx_dma2d.o(.text) for .text
    stm32f4xx_exti.o(.ARM.exidx) refers to stm32f4xx_exti.o(.text) for .text
    stm32f4xx_flash.o(.ARM.exidx) refers to stm32f4xx_flash.o(.text) for .text
    stm32f4xx_gpio.o(.text) refers to stm32f4xx_rcc.o(.text) for RCC_AHB1PeriphResetCmd
    stm32f4xx_gpio.o(.ARM.exidx) refers to stm32f4xx_gpio.o(.text) for .text
    stm32f4xx_hash.o(.text) refers to stm32f4xx_rcc.o(.text) for RCC_AHB2PeriphResetCmd
    stm32f4xx_hash.o(.ARM.exidx) refers to stm32f4xx_hash.o(.text) for .text
    stm32f4xx_hash_md5.o(.text) refers to stm32f4xx_hash.o(.text) for HASH_DeInit
    stm32f4xx_hash_md5.o(.ARM.exidx) refers to stm32f4xx_hash_md5.o(.text) for .text
    stm32f4xx_hash_sha1.o(.text) refers to stm32f4xx_hash.o(.text) for HASH_DeInit
    stm32f4xx_hash_sha1.o(.ARM.exidx) refers to stm32f4xx_hash_sha1.o(.text) for .text
    stm32f4xx_i2c.o(.text) refers to stm32f4xx_rcc.o(.text) for RCC_APB1PeriphResetCmd
    stm32f4xx_i2c.o(.ARM.exidx) refers to stm32f4xx_i2c.o(.text) for .text
    stm32f4xx_iwdg.o(.ARM.exidx) refers to stm32f4xx_iwdg.o(.text) for .text
    stm32f4xx_ltdc.o(.text) refers to stm32f4xx_rcc.o(.text) for RCC_APB2PeriphResetCmd
    stm32f4xx_ltdc.o(.ARM.exidx) refers to stm32f4xx_ltdc.o(.text) for .text
    stm32f4xx_pwr.o(.text) refers to stm32f4xx_rcc.o(.text) for RCC_APB1PeriphResetCmd
    stm32f4xx_pwr.o(.ARM.exidx) refers to stm32f4xx_pwr.o(.text) for .text
[...]
    .ARM.Collect$$libinit$$00000023          0x0800024a   Section        0  libinit2.o(.ARM.Collect$$libinit$$00000023)
    .ARM.Collect$$libinit$$00000025          0x0800024a   Section        0  libinit2.o(.ARM.Collect$$libinit$$00000025)
    .ARM.Collect$$libinit$$0000002C          0x0800024a   Section        0  libinit2.o(.ARM.Collect$$libinit$$0000002C)
    .ARM.Collect$$libinit$$0000002E          0x0800024a   Section        0  libinit2.o(.ARM.Collect$$libinit$$0000002E)
    .ARM.Collect$$libinit$$00000030          0x0800024a   Section        0  libinit2.o(.ARM.Collect$$libinit$$00000030)
    .ARM.Collect$$libinit$$00000031          0x0800024a   Section        4  libinit2.o(.ARM.Collect$$libinit$$00000031)
    .ARM.Collect$$libinit$$00000032          0x0800024e   Section        0  libinit2.o(.ARM.Collect$$libinit$$00000032)
    .ARM.Collect$$libinit$$00000033          0x0800024e   Section        2  libinit2.o(.ARM.Collect$$libinit$$00000033)
    .ARM.Collect$$libshutdown$$00000000      0x08000250   Section        2  libshutdown.o(.ARM.Collect$$libshutdown$$00000000)
    .ARM.Collect$$libshutdown$$00000003      0x08000252   Section        0  libshutdown2.o(.ARM.Collect$$libshutdown$$00000003)
    .ARM.Collect$$libshutdown$$00000006      0x08000252   Section        0  libshutdown2.o(.ARM.Collect$$libshutdown$$00000006)
    .ARM.Collect$$libshutdown$$00000009      0x08000252   Section        0  libshutdown2.o(.ARM.Collect$$libshutdown$$00000009)
    .ARM.Collect$$libshutdown$$0000000B      0x08000252   Section        0  libshutdown2.o(.ARM.Collect$$libshutdown$$0000000B)
    .ARM.Collect$$libshutdown$$0000000E      0x08000252   Section        0  libshutdown2.o(.ARM.Collect$$libshutdown$$0000000E)
    .ARM.Collect$$libshutdown$$0000000F      0x08000252   Section        2  libshutdown2.o(.ARM.Collect$$libshutdown$$0000000F)
    .ARM.Collect$$rtentry$$00000000          0x08000254   Section        0  __rtentry.o(.ARM.Collect$$rtentry$$00000000)
    .ARM.Collect$$rtentry$$00000002          0x08000254   Section        0  __rtentry2.o(.ARM.Collect$$rtentry$$00000002)
    .ARM.Collect$$rtentry$$00000004          0x08000254   Section        6  __rtentry4.o(.ARM.Collect$$rtentry$$00000004)
    .ARM.Collect$$rtentry$$00000009          0x0800025a   Section        0  __rtentry2.o(.ARM.Collect$$rtentry$$00000009)
    .ARM.Collect$$rtentry$$0000000A          0x0800025a   Section        4  __rtentry2.o(.ARM.Collect$$rtentry$$0000000A)
    .ARM.Collect$$rtentry$$0000000C          0x0800025e   Section        0  __rtentry2.o(.ARM.Collect$$rtentry$$0000000C)
    .ARM.Collect$$rtentry$$0000000D          0x0800025e   Section        8  __rtentry2.o(.ARM.Collect$$rtentry$$0000000D)
    .ARM.Collect$$rtexit$$00000000           0x08000266   Section        2  rtexit.o(.ARM.Collect$$rtexit$$00000000)
    .ARM.Collect$$rtexit$$00000002           0x08000268   Section        0  rtexit2.o(.ARM.Collect$$rtexit$$00000002)
    .ARM.Collect$$rtexit$$00000003           0x08000268   Section        4  rtexit2.o(.ARM.Collect$$rtexit$$00000003)
    .ARM.Collect$$rtexit$$00000004           0x0800026c   Section        6  rtexit2.o(.ARM.Collect$$rtexit$$00000004)
    .text                                    0x08000274   Section        0  stm32f4xx_it.o(.text)
    .text                                    0x0800030c   Section        0  system_stm32f4xx.o(.text)
    SetSysClock()                            0x0800030d   Thumb Code   142  system_stm32f4xx.o(.text)
    .text                                    0x080004d4   Section       64  startup_stm32f40xx.o(.text)
    $v0                                      0x080004d4   Number         0  startup_stm32f40xx.o(.text)
    .text                                    0x08000514   Section        0  stm32f4xx_can.o(.text)
    CheckITStatus(unsigned, unsigned)        0x08000d17   Thumb Code    18  stm32f4xx_can.o(.text)
    .text                                    0x08000f04   Section        0  stm32f4xx_exti.o(.text)
    .text                                    0x08001014   Section        0  stm32f4xx_gpio.o(.text)
    .text                                    0x080012a8   Section        0  stm32f4xx_i2c.o(.text)
    .text                                    0x08001700   Section        0  stm32f4xx_rcc.o(.text)
    .text                                    0x08001d60   Section        0  stm32f4xx_syscfg.o(.text)
    .text                                    0x08001df4   Section        0  stm32f4xx_tim.o(.text)
    TI4_Config(TIM_TypeDef*, unsigned short, unsigned short, unsigned short) 0x08002593   Thumb Code    80  stm32f4xx_tim.o(.text)
    TI3_Config(TIM_TypeDef*, unsigned short, unsigned short, unsigned short) 0x080025f5   Thumb Code    72  stm32f4xx_tim.o(.text)
    TI2_Config(TIM_TypeDef*, unsigned short, unsigned short, unsigned short) 0x08002657   Thumb Code    90  stm32f4xx_tim.o(.text)
    TI1_Config(TIM_TypeDef*, unsigned short, unsigned short, unsigned short) 0x080026c3   Thumb Code    58  stm32f4xx_tim.o(.text)
    .text                                    0x08002a98   Section        0  stm32f4xx_usart.o(.text)
    .text                                    0x08002eec   Section        0  misc.o(.text)
    .text                                    0x08002fcc   Section        0  delay.o(.text)
    .text                                    0x08002ff8   Section        0  digital.o(.text)
    .text                                    0x080037f4   Section        0  systick.o(.text)
    .text                                    0x08003854   Section        0  timer.o(.text)
    .text                                    0x08004f18   Section        0  serial.o(.text)
    .text                                    0x080056f0   Section        0  can.o(.text)
    .text                                    0x08005b38   Section        0  i2c.o(.text)
    .text                                    0x080064c0   Section        0  main.o(.text)
    __sti___6_main_c_led4                    0x08006531   Thumb Code    60  main.o(.text)
    .text                                    0x08006598   Section        0  heapauxi.o(.text)
    .text                                    0x080065a0   Section        0  init_aeabi.o(.text)
    .text                                    0x080065c4   Section       74  sys_stackheap_outer.o(.text)
    .text                                    0x0800660e   Section        0  exit.o(.text)
    .text                                    0x0800661c   Section        8  libspace.o(.text)
    .text                                    0x08006624   Section        2  use_no_semi.o(.text)
    .text                                    0x08006626   Section        0  indicate_semi.o(.text)
    .text                                    0x08006628   Section        0  sys_exit.o(.text)
    x$fpl$fpinit                             0x08006634   Section       10  fpinit.o(x$fpl$fpinit)
    $v0                                      0x08006634   Number         0  fpinit.o(x$fpl$fpinit)
    .conststring                             0x08006640   Section       15  main.o(.conststring)
    .init_array                              0x08006670   Section        4  main.o(.init_array)
    .init_array                              0x08006674   Section        0  init_aeabi.o(.init_array)
    .data                                    0x20000000   Section       20  system_stm32f4xx.o(.data)
    .data                                    0x20000014   Section       16  stm32f4xx_rcc.o(.data)
    APBAHBPrescTable                         0x20000014   Data          16  stm32f4xx_rcc.o(.data)
    .data                                    0x20000024   Section     1600  common.o(.data)
    .data                                    0x20000664   Section        4  delay.o(.data)
    timingDelay                              0x20000664   Data           4  delay.o(.data)
    .data                                    0x20000668   Section       24  serial.o(.data)
    .data                                    0x20000680   Section       12  can.o(.data)
    .data                                    0x2000068c   Section        4  main.o(.data)
    .bss                                     0x20000690   Section       80  digital.o(.bss)
    .bss                                     0x200006e0   Section      232  timer.o(.bss)
    .bss                                     0x200007c8   Section     3090  serial.o(.bss)
    .bss                                     0x200013dc   Section       40  can.o(.bss)
    .bss                                     0x20001404   Section      207  i2c.o(.bss)
    .bss                                     0x200014d4   Section      596  main.o(.bss)
    .bss                                     0x20001728   Section       96  libspace.o(.bss)
    HEAP                                     0x20001788   Section      512  startup_stm32f40xx.o(HEAP)
    Heap_Mem                                 0x20001788   Data         512  startup_stm32f40xx.o(HEAP)
    STACK                                    0x20001988   Section     1024  startup_stm32f40xx.o(STACK)
    Stack_Mem                                0x20001988   Data        1024  startup_stm32f40xx.o(STACK)
    __initial_sp                             0x20001d88   Data           0  startup_stm32f40xx.o(STACK)

    Global Symbols

    Symbol Name                              Value     Ov Type        Size  Object(Section)

    BuildAttributes$$THM_ISAv4$E$P$D$K$B$S$7EM$VFPi3$EXTD16$VFPS$VFMA$PE$A:L22UL41UL21$X:L11$S22US41US21$IEEE1$IW$USESV6$~STKCKD$USESV7$~SHL$OSPACE$ROPI$EBA8$UX$STANDARDLIB$REQ8$PRES8$EABIv2 0x00000000   Number         0  anon$$obj.o ABSOLUTE
    __ARM_use_no_argv                        0x00000000   Number         0  main.o ABSOLUTE
    __ARM_exceptions_init                     - Undefined Weak Reference
    __alloca_initialize                       - Undefined Weak Reference
    __arm_preinit_                            - Undefined Weak Reference
    __cxa_finalize                            - Undefined Weak Reference
    __rt_locale                               - Undefined Weak Reference
    __sigvec_lookup                           - Undefined Weak Reference
    _atexit_init                              - Undefined Weak Reference
    _call_atexit_fns                          - Undefined Weak Reference
    _clock_init                               - Undefined Weak Reference
    _fp_trap_init                             - Undefined Weak Reference
    _fp_trap_shutdown                         - Undefined Weak Reference
    _get_lc_collate                           - Undefined Weak Reference
    _get_lc_ctype                             - Undefined Weak Reference
    _get_lc_monetary                          - Undefined Weak Reference
    _get_lc_numeric                           - Undefined Weak Reference
    _get_lc_time                              - Undefined Weak Reference
    _getenv_init                              - Undefined Weak Reference
    _handle_redirection                       - Undefined Weak Reference
    _init_alloc                               - Undefined Weak Reference
    _init_user_alloc                          - Undefined Weak Reference
    _initio                                   - Undefined Weak Reference
    _rand_init                                - Undefined Weak Reference
    _signal_finish                            - Undefined Weak Reference
    _signal_init                              - Undefined Weak Reference
    _terminate_alloc                          - Undefined Weak Reference
    _terminate_user_alloc                     - Undefined Weak Reference
    _terminateio                              - Undefined Weak Reference
    __Vectors_Size                           0x00000188   Number         0  startup_stm32f40xx.o ABSOLUTE
    __Vectors                                0x08000000   Data           4  startup_stm32f40xx.o(RESET)
    __Vectors_End                            0x08000188   Data           0  startup_stm32f40xx.o(RESET)
    __main                                   0x08000189   Thumb Code     8  __main.o(!!!main)
    __scatterload                            0x08000191   Thumb Code     0  __scatter.o(!!!scatter)
    __scatterload_rt2                        0x08000191   Thumb Code    44  __scatter.o(!!!scatter)
    __scatterload_rt2_thumb_only             0x08000191   Thumb Code     0  __scatter.o(!!!scatter)
    __scatterload_null                       0x0800019f   Thumb Code     0  __scatter.o(!!!scatter)
    __decompress                             0x080001c5   Thumb Code   100  __dclz77c.o(!!dclz77c)
    __decompress2                            0x080001c5   Thumb Code     0  __dclz77c.o(!!dclz77c)
    __scatterload_zeroinit                   0x08000229   Thumb Code    28  __scatter_zi.o(!!handler_zi)
    __rt_lib_init                            0x08000245   Thumb Code     0  libinit.o(.ARM.Collect$$libinit$$00000000)
    __rt_lib_init_fp_1                       0x08000247   Thumb Code     0  libinit2.o(.ARM.Collect$$libinit$$00000001)
    __rt_lib_init_alloca_1                   0x0800024b   Thumb Code     0  libinit2.o(.ARM.Collect$$libinit$$0000002E)
    __rt_lib_init_argv_1                     0x0800024b   Thumb Code     0  libinit2.o(.ARM.Collect$$libinit$$0000002C)
    __rt_lib_init_atexit_1                   0x0800024b   Thumb Code     0  libinit2.o(.ARM.Collect$$libinit$$0000001B)
    __rt_lib_init_clock_1                    0x0800024b   Thumb Code     0  libinit2.o(.ARM.Collect$$libinit$$00000021)
    __rt_lib_init_cpp_2                      0x0800024b   Thumb Code     0  libinit2.o(.ARM.Collect$$libinit$$00000031)
    __rt_lib_init_exceptions_1               0x0800024b   Thumb Code     0  libinit2.o(.ARM.Collect$$libinit$$00000030)
    __rt_lib_init_fp_trap_1                  0x0800024b   Thumb Code     0  libinit2.o(.ARM.Collect$$libinit$$0000001F)
    __rt_lib_init_getenv_1                   0x0800024b   Thumb Code     0  libinit2.o(.ARM.Collect$$libinit$$00000023)
    __rt_lib_init_heap_1                     0x0800024b   Thumb Code     0  libinit2.o(.ARM.Collect$$libinit$$0000000A)
    __rt_lib_init_lc_collate_1               0x0800024b   Thumb Code     0  libinit2.o(.ARM.Collect$$libinit$$00000011)
    __rt_lib_init_lc_ctype_1                 0x0800024b   Thumb Code     0  libinit2.o(.ARM.Collect$$libinit$$00000013)
    __rt_lib_init_lc_monetary_1              0x0800024b   Thumb Code     0  libinit2.o(.ARM.Collect$$libinit$$00000015)
    __rt_lib_init_lc_numeric_1               0x0800024b   Thumb Code     0  libinit2.o(.ARM.Collect$$libinit$$00000017)
    __rt_lib_init_lc_time_1                  0x0800024b   Thumb Code     0  libinit2.o(.ARM.Collect$$libinit$$00000019)
    __rt_lib_init_preinit_1                  0x0800024b   Thumb Code     0  libinit2.o(.ARM.Collect$$libinit$$00000004)
    __rt_lib_init_rand_1                     0x0800024b   Thumb Code     0  libinit2.o(.ARM.Collect$$libinit$$0000000E)
    __rt_lib_init_signal_1                   0x0800024b   Thumb Code     0  libinit2.o(.ARM.Collect$$libinit$$0000001D)
    __rt_lib_init_stdio_1                    0x0800024b   Thumb Code     0  libinit2.o(.ARM.Collect$$libinit$$00000025)
    __rt_lib_init_user_alloc_1               0x0800024b   Thumb Code     0  libinit2.o(.ARM.Collect$$libinit$$0000000C)
    __rt_lib_init_cpp_1                      0x0800024f   Thumb Code     0  libinit2.o(.ARM.Collect$$libinit$$00000032)
    __rt_lib_init_return                     0x0800024f   Thumb Code     0  libinit2.o(.ARM.Collect$$libinit$$00000033)
    __rt_lib_shutdown                        0x08000251   Thumb Code     0  libshutdown.o(.ARM.Collect$$libshutdown$$00000000)
    __rt_lib_shutdown_fp_trap_1              0x08000253   Thumb Code     0  libshutdown2.o(.ARM.Collect$$libshutdown$$00000006)
    __rt_lib_shutdown_heap_1                 0x08000253   Thumb Code     0  libshutdown2.o(.ARM.Collect$$libshutdown$$0000000E)
    __rt_lib_shutdown_return                 0x08000253   Thumb Code     0  libshutdown2.o(.ARM.Collect$$libshutdown$$0000000F)
    __rt_lib_shutdown_signal_1               0x08000253   Thumb Code     0  libshutdown2.o(.ARM.Collect$$libshutdown$$00000009)
    __rt_lib_shutdown_stdio_1                0x08000253   Thumb Code     0  libshutdown2.o(.ARM.Collect$$libshutdown$$00000003)
    __rt_lib_shutdown_user_alloc_1           0x08000253   Thumb Code     0  libshutdown2.o(.ARM.Collect$$libshutdown$$0000000B)
    __rt_entry                               0x08000255   Thumb Code     0  __rtentry.o(.ARM.Collect$$rtentry$$00000000)
    __rt_entry_presh_1                       0x08000255   Thumb Code     0  __rtentry2.o(.ARM.Collect$$rtentry$$00000002)
    __rt_entry_sh                            0x08000255   Thumb Code     0  __rtentry4.o(.ARM.Collect$$rtentry$$00000004)
    __rt_entry_li                            0x0800025b   Thumb Code     0  __rtentry2.o(.ARM.Collect$$rtentry$$0000000A)
    __rt_entry_postsh_1                      0x0800025b   Thumb Code     0  __rtentry2.o(.ARM.Collect$$rtentry$$00000009)
    __rt_entry_main                          0x0800025f   Thumb Code     0  __rtentry2.o(.ARM.Collect$$rtentry$$0000000D)
    __rt_entry_postli_1                      0x0800025f   Thumb Code     0  __rtentry2.o(.ARM.Collect$$rtentry$$0000000C)
    __rt_exit                                0x08000267   Thumb Code     0  rtexit.o(.ARM.Collect$$rtexit$$00000000)
    __rt_exit_ls                             0x08000269   Thumb Code     0  rtexit2.o(.ARM.Collect$$rtexit$$00000003)
    __rt_exit_prels_1                        0x08000269   Thumb Code     0  rtexit2.o(.ARM.Collect$$rtexit$$00000002)
    __rt_exit_exit                           0x0800026d   Thumb Code     0  rtexit2.o(.ARM.Collect$$rtexit$$00000004)
    NMI_Handler                              0x08000275   Thumb Code     2  stm32f4xx_it.o(.text)
    HardFault_Handler                        0x08000277   Thumb Code     4  stm32f4xx_it.o(.text)
    MemManage_Handler                        0x0800027b   Thumb Code     4  stm32f4xx_it.o(.text)
    BusFault_Handler                         0x0800027f   Thumb Code     4  stm32f4xx_it.o(.text)
    UsageFault_Handler                       0x08000283   Thumb Code     4  stm32f4xx_it.o(.text)
    SVC_Handler                              0x08000287   Thumb Code     2  stm32f4xx_it.o(.text)
    DebugMon_Handler                         0x08000289   Thumb Code     2  stm32f4xx_it.o(.text)
    PendSV_Handler                           0x0800028b   Thumb Code     2  stm32f4xx_it.o(.text)
    SysTick_Handler                          0x0800028d   Thumb Code   104  stm32f4xx_it.o(.text)
    SystemInit                               0x0800039b   Thumb Code    96  system_stm32f4xx.o(.text)
    SystemCoreClockUpdate                    0x080003fb   Thumb Code   174  system_stm32f4xx.o(.text)
    Reset_Handler                            0x080004d5   Thumb Code     8  startup_stm32f40xx.o(.text)
    ADC_IRQHandler                           0x080004ef   Thumb Code     0  startup_stm32f40xx.o(.text)
    CAN1_RX1_IRQHandler                      0x080004ef   Thumb Code     0  startup_stm32f40xx.o(.text)
    CAN1_SCE_IRQHandler                      0x080004ef   Thumb Code     0  startup_stm32f40xx.o(.text)
    CAN1_TX_IRQHandler                       0x080004ef   Thumb Code     0  startup_stm32f40xx.o(.text)
    CAN2_RX0_IRQHandler                      0x080004ef   Thumb Code     0  startup_stm32f40xx.o(.text)
    CAN2_SCE_IRQHandler                      0x080004ef   Thumb Code     0  startup_stm32f40xx.o(.text)
    CAN2_TX_IRQHandler                       0x080004ef   Thumb Code     0  startup_stm32f40xx.o(.text)
    CRYP_IRQHandler                          0x080004ef   Thumb Code     0  startup_stm32f40xx.o(.text)
    DCMI_IRQHandler                          0x080004ef   Thumb Code     0  startup_stm32f40xx.o(.text)
    DMA1_Stream0_IRQHandler                  0x080004ef   Thumb Code     0  startup_stm32f40xx.o(.text)
    DMA1_Stream1_IRQHandler                  0x080004ef   Thumb Code     0  startup_stm32f40xx.o(.text)
    DMA1_Stream2_IRQHandler                  0x080004ef   Thumb Code     0  startup_stm32f40xx.o(.text)
    DMA1_Stream3_IRQHandler                  0x080004ef   Thumb Code     0  startup_stm32f40xx.o(.text)
    DMA1_Stream4_IRQHandler                  0x080004ef   Thumb Code     0  startup_stm32f40xx.o(.text)
    DMA1_Stream5_IRQHandler                  0x080004ef   Thumb Code     0  startup_stm32f40xx.o(.text)
    DMA1_Stream6_IRQHandler                  0x080004ef   Thumb Code     0  startup_stm32f40xx.o(.text)
    DMA1_Stream7_IRQHandler                  0x080004ef   Thumb Code     0  startup_stm32f40xx.o(.text)
    DMA2_Stream0_IRQHandler                  0x080004ef   Thumb Code     0  startup_stm32f40xx.o(.text)
    DMA2_Stream1_IRQHandler                  0x080004ef   Thumb Code     0  startup_stm32f40xx.o(.text)
    DMA2_Stream2_IRQHandler                  0x080004ef   Thumb Code     0  startup_stm32f40xx.o(.text)
    DMA2_Stream3_IRQHandler                  0x080004ef   Thumb Code     0  startup_stm32f40xx.o(.text)
    DMA2_Stream4_IRQHandler                  0x080004ef   Thumb Code     0  startup_stm32f40xx.o(.text)
    DMA2_Stream5_IRQHandler                  0x080004ef   Thumb Code     0  startup_stm32f40xx.o(.text)
    DMA2_Stream6_IRQHandler                  0x080004ef   Thumb Code     0  startup_stm32f40xx.o(.text)
    DMA2_Stream7_IRQHandler                  0x080004ef   Thumb Code     0  startup_stm32f40xx.o(.text)
    ETH_IRQHandler                           0x080004ef   Thumb Code     0  startup_stm32f40xx.o(.text)
    ETH_WKUP_IRQHandler                      0x080004ef   Thumb Code     0  startup_stm32f40xx.o(.text)
    FLASH_IRQHandler                         0x080004ef   Thumb Code     0  startup_stm32f40xx.o(.text)
    FPU_IRQHandler                           0x080004ef   Thumb Code     0  startup_stm32f40xx.o(.text)
    FSMC_IRQHandler                          0x080004ef   Thumb Code     0  startup_stm32f40xx.o(.text)
    HASH_RNG_IRQHandler                      0x080004ef   Thumb Code     0  startup_stm32f40xx.o(.text)
    OTG_FS_IRQHandler                        0x080004ef   Thumb Code     0  startup_stm32f40xx.o(.text)
    OTG_FS_WKUP_IRQHandler                   0x080004ef   Thumb Code     0  startup_stm32f40xx.o(.text)
    OTG_HS_EP1_IN_IRQHandler                 0x080004ef   Thumb Code     0  startup_stm32f40xx.o(.text)
    OTG_HS_EP1_OUT_IRQHandler                0x080004ef   Thumb Code     0  startup_stm32f40xx.o(.text)
    OTG_HS_IRQHandler                        0x080004ef   Thumb Code     0  startup_stm32f40xx.o(.text)
    OTG_HS_WKUP_IRQHandler                   0x080004ef   Thumb Code     0  startup_stm32f40xx.o(.text)
    PVD_IRQHandler                           0x080004ef   Thumb Code     0  startup_stm32f40xx.o(.text)
    RCC_IRQHandler                           0x080004ef   Thumb Code     0  startup_stm32f40xx.o(.text)
    RTC_Alarm_IRQHandler                     0x080004ef   Thumb Code     0  startup_stm32f40xx.o(.text)
    RTC_WKUP_IRQHandler                      0x080004ef   Thumb Code     0  startup_stm32f40xx.o(.text)
    SDIO_IRQHandler                          0x080004ef   Thumb Code     0  startup_stm32f40xx.o(.text)
    SPI1_IRQHandler                          0x080004ef   Thumb Code     0  startup_stm32f40xx.o(.text)
    SPI2_IRQHandler                          0x080004ef   Thumb Code     0  startup_stm32f40xx.o(.text)
    SPI3_IRQHandler                          0x080004ef   Thumb Code     0  startup_stm32f40xx.o(.text)
    TAMP_STAMP_IRQHandler                    0x080004ef   Thumb Code     0  startup_stm32f40xx.o(.text)
    WWDG_IRQHandler                          0x080004ef   Thumb Code     0  startup_stm32f40xx.o(.text)
    __user_initial_stackheap                 0x080004f1   Thumb Code     0  startup_stm32f40xx.o(.text)
    CAN_DeInit                               0x08000515   Thumb Code    50  stm32f4xx_can.o(.text)
    CAN_Init                                 0x08000547   Thumb Code   276  stm32f4xx_can.o(.text)
    CAN_FilterInit                           0x0800065b   Thumb Code   258  stm32f4xx_can.o(.text)
    CAN_StructInit                           0x0800075d   Thumb Code    32  stm32f4xx_can.o(.text)
    CAN_SlaveStartBank                       0x0800077d   Thumb Code    48  stm32f4xx_can.o(.text)
    CAN_DBGFreeze                            0x080007ad   Thumb Code    22  stm32f4xx_can.o(.text)
    CAN_TTComModeCmd                         0x080007c3   Thumb Code   118  stm32f4xx_can.o(.text)
    CAN_Transmit                             0x08000839   Thumb Code   304  stm32f4xx_can.o(.text)
    CAN_TransmitStatus                       0x08000969   Thumb Code   138  stm32f4xx_can.o(.text)
    CAN_CancelTransmit                       0x080009f3   Thumb Code    48  stm32f4xx_can.o(.text)
    CAN_Receive                              0x08000a23   Thumb Code   240  stm32f4xx_can.o(.text)
    CAN_FIFORelease                          0x08000b13   Thumb Code    22  stm32f4xx_can.o(.text)
    CAN_MessagePending                       0x08000b29   Thumb Code    30  stm32f4xx_can.o(.text)
    CAN_OperatingModeRequest                 0x08000b47   Thumb Code   162  stm32f4xx_can.o(.text)
    CAN_Sleep                                0x08000be9   Thumb Code    30  stm32f4xx_can.o(.text)
    CAN_WakeUp                               0x08000c07   Thumb Code    48  stm32f4xx_can.o(.text)
    CAN_GetLastErrorCode                     0x08000c37   Thumb Code    12  stm32f4xx_can.o(.text)
    CAN_GetReceiveErrorCounter               0x08000c43   Thumb Code    10  stm32f4xx_can.o(.text)
    CAN_GetLSBTransmitErrorCounter           0x08000c4d   Thumb Code    12  stm32f4xx_can.o(.text)
    CAN_ITConfig                             0x08000c59   Thumb Code    18  stm32f4xx_can.o(.text)
    CAN_GetFlagStatus                        0x08000c6b   Thumb Code   120  stm32f4xx_can.o(.text)
    CAN_ClearFlag                            0x08000ce3   Thumb Code    52  stm32f4xx_can.o(.text)
    CAN_GetITStatus                          0x08000d29   Thumb Code   310  stm32f4xx_can.o(.text)
    CAN_ClearITPendingBit                    0x08000e5f   Thumb Code   162  stm32f4xx_can.o(.text)
    EXTI_DeInit                              0x08000f05   Thumb Code    28  stm32f4xx_exti.o(.text)
    EXTI_Init                                0x08000f21   Thumb Code   142  stm32f4xx_exti.o(.text)
    EXTI_StructInit                          0x08000faf   Thumb Code    16  stm32f4xx_exti.o(.text)
    EXTI_GenerateSWInterrupt                 0x08000fbf   Thumb Code    16  stm32f4xx_exti.o(.text)
    EXTI_GetFlagStatus                       0x08000fcf   Thumb Code    22  stm32f4xx_exti.o(.text)
    EXTI_ClearFlag                           0x08000fe5   Thumb Code     8  stm32f4xx_exti.o(.text)
    EXTI_GetITStatus                         0x08000fed   Thumb Code    22  stm32f4xx_exti.o(.text)
    EXTI_ClearITPendingBit                   0x08001003   Thumb Code     8  stm32f4xx_exti.o(.text)
    GPIO_DeInit                              0x08001015   Thumb Code   268  stm32f4xx_gpio.o(.text)
    GPIO_Init                                0x08001121   Thumb Code   144  stm32f4xx_gpio.o(.text)
    GPIO_StructInit                          0x080011b1   Thumb Code    18  stm32f4xx_gpio.o(.text)
    GPIO_PinLockConfig                       0x080011c3   Thumb Code    34  stm32f4xx_gpio.o(.text)
    GPIO_ReadInputDataBit                    0x080011e5   Thumb Code    18  stm32f4xx_gpio.o(.text)
    GPIO_ReadInputData                       0x080011f7   Thumb Code     8  stm32f4xx_gpio.o(.text)
    GPIO_ReadOutputDataBit                   0x080011ff   Thumb Code    18  stm32f4xx_gpio.o(.text)
    GPIO_ReadOutputData                      0x08001211   Thumb Code     8  stm32f4xx_gpio.o(.text)
    GPIO_SetBits                             0x08001219   Thumb Code     4  stm32f4xx_gpio.o(.text)
    GPIO_ResetBits                           0x0800121d   Thumb Code     4  stm32f4xx_gpio.o(.text)
    GPIO_WriteBit                            0x08001221   Thumb Code    10  stm32f4xx_gpio.o(.text)
    GPIO_Write                               0x0800122b   Thumb Code     4  stm32f4xx_gpio.o(.text)
    GPIO_ToggleBits                          0x0800122f   Thumb Code     8  stm32f4xx_gpio.o(.text)
    GPIO_PinAFConfig                         0x08001237   Thumb Code    70  stm32f4xx_gpio.o(.text)
    I2C_DeInit                               0x080012a9   Thumb Code    82  stm32f4xx_i2c.o(.text)
    I2C_Init                                 0x080012fb   Thumb Code   218  stm32f4xx_i2c.o(.text)
    I2C_StructInit                           0x080013d5   Thumb Code    30  stm32f4xx_i2c.o(.text)
    I2C_Cmd                                  0x080013f3   Thumb Code    24  stm32f4xx_i2c.o(.text)
    I2C_AnalogFilterCmd                      0x0800140b   Thumb Code    24  stm32f4xx_i2c.o(.text)
    I2C_DigitalFilterConfig                  0x08001423   Thumb Code    22  stm32f4xx_i2c.o(.text)
    I2C_GenerateSTART                        0x08001439   Thumb Code    24  stm32f4xx_i2c.o(.text)
    I2C_GenerateSTOP                         0x08001451   Thumb Code    24  stm32f4xx_i2c.o(.text)
    I2C_Send7bitAddress                      0x08001469   Thumb Code    16  stm32f4xx_i2c.o(.text)
    I2C_AcknowledgeConfig                    0x08001479   Thumb Code    24  stm32f4xx_i2c.o(.text)
    I2C_OwnAddress2Config                    0x08001491   Thumb Code    22  stm32f4xx_i2c.o(.text)
    I2C_DualAddressCmd                       0x080014a7   Thumb Code    24  stm32f4xx_i2c.o(.text)
    I2C_GeneralCallCmd                       0x080014bf   Thumb Code    24  stm32f4xx_i2c.o(.text)
    I2C_SoftwareResetCmd                     0x080014d7   Thumb Code    22  stm32f4xx_i2c.o(.text)
    I2C_StretchClockCmd                      0x080014ed   Thumb Code    24  stm32f4xx_i2c.o(.text)
    I2C_FastModeDutyCycleConfig              0x08001505   Thumb Code    28  stm32f4xx_i2c.o(.text)
    I2C_NACKPositionConfig                   0x08001521   Thumb Code    28  stm32f4xx_i2c.o(.text)
    I2C_SMBusAlertConfig                     0x0800153d   Thumb Code    28  stm32f4xx_i2c.o(.text)
    I2C_ARPCmd                               0x08001559   Thumb Code    24  stm32f4xx_i2c.o(.text)
    I2C_SendData                             0x08001571   Thumb Code     4  stm32f4xx_i2c.o(.text)
    I2C_ReceiveData                          0x08001575   Thumb Code     8  stm32f4xx_i2c.o(.text)
    I2C_TransmitPEC                          0x0800157d   Thumb Code    24  stm32f4xx_i2c.o(.text)
    I2C_PECPositionConfig                    0x08001595   Thumb Code    28  stm32f4xx_i2c.o(.text)
    I2C_CalculatePEC                         0x080015b1   Thumb Code    24  stm32f4xx_i2c.o(.text)
    I2C_GetPEC                               0x080015c9   Thumb Code     8  stm32f4xx_i2c.o(.text)
    I2C_DMACmd                               0x080015d1   Thumb Code    24  stm32f4xx_i2c.o(.text)
    I2C_DMALastTransferCmd                   0x080015e9   Thumb Code    24  stm32f4xx_i2c.o(.text)
    I2C_ReadRegister                         0x08001601   Thumb Code    22  stm32f4xx_i2c.o(.text)
    I2C_ITConfig                             0x08001617   Thumb Code    18  stm32f4xx_i2c.o(.text)
    I2C_CheckEvent                           0x08001629   Thumb Code    42  stm32f4xx_i2c.o(.text)
    I2C_GetLastEvent                         0x08001653   Thumb Code    26  stm32f4xx_i2c.o(.text)
    I2C_GetFlagStatus                        0x0800166d   Thumb Code    84  stm32f4xx_i2c.o(.text)
    I2C_ClearFlag                            0x080016c1   Thumb Code    12  stm32f4xx_i2c.o(.text)
    I2C_GetITStatus                          0x080016cd   Thumb Code    38  stm32f4xx_i2c.o(.text)
    I2C_ClearITPendingBit                    0x080016f3   Thumb Code    12  stm32f4xx_i2c.o(.text)
    RCC_DeInit                               0x08001701   Thumb Code    82  stm32f4xx_rcc.o(.text)
    RCC_HSEConfig                            0x08001753   Thumb Code    14  stm32f4xx_rcc.o(.text)
    RCC_GetFlagStatus                        0x08001761   Thumb Code    60  stm32f4xx_rcc.o(.text)
    RCC_WaitForHSEStartUp                    0x0800179d   Thumb Code    56  stm32f4xx_rcc.o(.text)
    RCC_AdjustHSICalibrationValue            0x080017d5   Thumb Code    20  stm32f4xx_rcc.o(.text)
    RCC_HSICmd                               0x080017e9   Thumb Code     6  stm32f4xx_rcc.o(.text)
    RCC_LSEConfig                            0x080017ef   Thumb Code    46  stm32f4xx_rcc.o(.text)
    RCC_LSICmd                               0x0800181d   Thumb Code     6  stm32f4xx_rcc.o(.text)
    RCC_PLLConfig                            0x08001823   Thumb Code    32  stm32f4xx_rcc.o(.text)
    RCC_PLLCmd                               0x08001843   Thumb Code     6  stm32f4xx_rcc.o(.text)
    RCC_PLLI2SConfig                         0x08001849   Thumb Code    20  stm32f4xx_rcc.o(.text)
    RCC_PLLI2SCmd                            0x0800185d   Thumb Code     6  stm32f4xx_rcc.o(.text)
    RCC_PLLSAIConfig                         0x08001863   Thumb Code    20  stm32f4xx_rcc.o(.text)
    RCC_PLLSAICmd                            0x08001877   Thumb Code     6  stm32f4xx_rcc.o(.text)
    RCC_ClockSecuritySystemCmd               0x0800187d   Thumb Code     6  stm32f4xx_rcc.o(.text)
    RCC_MCO1Config                           0x08001883   Thumb Code    28  stm32f4xx_rcc.o(.text)
    RCC_MCO2Config                           0x0800189f   Thumb Code    28  stm32f4xx_rcc.o(.text)
    RCC_SYSCLKConfig                         0x080018bb   Thumb Code    20  stm32f4xx_rcc.o(.text)
    RCC_GetSYSCLKSource                      0x080018cf   Thumb Code    12  stm32f4xx_rcc.o(.text)
    RCC_HCLKConfig                           0x080018db   Thumb Code    20  stm32f4xx_rcc.o(.text)
    RCC_PCLK1Config                          0x080018ef   Thumb Code    20  stm32f4xx_rcc.o(.text)
    RCC_PCLK2Config                          0x08001903   Thumb Code    22  stm32f4xx_rcc.o(.text)
    RCC_GetClocksFreq                        0x08001919   Thumb Code   222  stm32f4xx_rcc.o(.text)
    RCC_RTCCLKConfig                         0x080019f7   Thumb Code    54  stm32f4xx_rcc.o(.text)
    RCC_RTCCLKCmd                            0x08001a2d   Thumb Code     8  stm32f4xx_rcc.o(.text)
    RCC_BackupResetCmd                       0x08001a35   Thumb Code     8  stm32f4xx_rcc.o(.text)
    RCC_I2SCLKConfig                         0x08001a3d   Thumb Code     6  stm32f4xx_rcc.o(.text)
    RCC_SAIPLLI2SClkDivConfig                0x08001a43   Thumb Code    26  stm32f4xx_rcc.o(.text)
    RCC_SAIPLLSAIClkDivConfig                0x08001a5d   Thumb Code    28  stm32f4xx_rcc.o(.text)
    RCC_SAIBlockACLKConfig                   0x08001a79   Thumb Code    20  stm32f4xx_rcc.o(.text)
    RCC_SAIBlockBCLKConfig                   0x08001a8d   Thumb Code    20  stm32f4xx_rcc.o(.text)
    RCC_LTDCCLKDivConfig                     0x08001aa1   Thumb Code    20  stm32f4xx_rcc.o(.text)
    RCC_TIMCLKPresConfig                     0x08001ab5   Thumb Code     6  stm32f4xx_rcc.o(.text)
    RCC_AHB1PeriphClockCmd                   0x08001abb   Thumb Code    82  stm32f4xx_rcc.o(.text)
    RCC_AHB2PeriphClockCmd                   0x08001b0d   Thumb Code    26  stm32f4xx_rcc.o(.text)
    RCC_AHB3PeriphClockCmd                   0x08001b27   Thumb Code    34  stm32f4xx_rcc.o(.text)
    RCC_APB1PeriphClockCmd                   0x08001b49   Thumb Code    34  stm32f4xx_rcc.o(.text)
    RCC_APB2PeriphClockCmd                   0x08001b6b   Thumb Code    34  stm32f4xx_rcc.o(.text)
    RCC_AHB1PeriphResetCmd                   0x08001b8d   Thumb Code    34  stm32f4xx_rcc.o(.text)
    RCC_AHB2PeriphResetCmd                   0x08001baf   Thumb Code    34  stm32f4xx_rcc.o(.text)
    RCC_AHB3PeriphResetCmd                   0x08001bd1   Thumb Code    34  stm32f4xx_rcc.o(.text)
    RCC_APB1PeriphResetCmd                   0x08001bf3   Thumb Code    34  stm32f4xx_rcc.o(.text)
    RCC_APB2PeriphResetCmd                   0x08001c15   Thumb Code    34  stm32f4xx_rcc.o(.text)
    RCC_AHB1PeriphClockLPModeCmd             0x08001c37   Thumb Code    34  stm32f4xx_rcc.o(.text)
    RCC_AHB2PeriphClockLPModeCmd             0x08001c59   Thumb Code    34  stm32f4xx_rcc.o(.text)
    RCC_AHB3PeriphClockLPModeCmd             0x08001c7b   Thumb Code    34  stm32f4xx_rcc.o(.text)
    RCC_APB1PeriphClockLPModeCmd             0x08001c9d   Thumb Code    34  stm32f4xx_rcc.o(.text)
    RCC_APB2PeriphClockLPModeCmd             0x08001cbf   Thumb Code    34  stm32f4xx_rcc.o(.text)
    RCC_LSEModeConfig                        0x08001ce1   Thumb Code    40  stm32f4xx_rcc.o(.text)
    RCC_ITConfig                             0x08001d09   Thumb Code    34  stm32f4xx_rcc.o(.text)
    RCC_ClearFlag                            0x08001d2b   Thumb Code    18  stm32f4xx_rcc.o(.text)
    RCC_GetITStatus                          0x08001d3d   Thumb Code    22  stm32f4xx_rcc.o(.text)
    RCC_ClearITPendingBit                    0x08001d53   Thumb Code     8  stm32f4xx_rcc.o(.text)
    SYSCFG_DeInit                            0x08001d61   Thumb Code    22  stm32f4xx_syscfg.o(.text)
    SYSCFG_MemoryRemapConfig                 0x08001d77   Thumb Code     6  stm32f4xx_syscfg.o(.text)
    SYSCFG_MemorySwappingBank                0x08001d7d   Thumb Code     6  stm32f4xx_syscfg.o(.text)
    SYSCFG_EXTILineConfig                    0x08001d83   Thumb Code    66  stm32f4xx_syscfg.o(.text)
    SYSCFG_ETH_MediaInterfaceConfig          0x08001dc5   Thumb Code     8  stm32f4xx_syscfg.o(.text)
    SYSCFG_CompensationCellCmd               0x08001dcd   Thumb Code     6  stm32f4xx_syscfg.o(.text)
    SYSCFG_GetCompensationCellStatus         0x08001dd3   Thumb Code    22  stm32f4xx_syscfg.o(.text)
    TIM_DeInit                               0x08001df5   Thumb Code   346  stm32f4xx_tim.o(.text)
    TIM_TimeBaseInit                         0x08001f4f   Thumb Code   104  stm32f4xx_tim.o(.text)
    TIM_TimeBaseStructInit                   0x08001fb7   Thumb Code    18  stm32f4xx_tim.o(.text)
    TIM_PrescalerConfig                      0x08001fc9   Thumb Code     6  stm32f4xx_tim.o(.text)
    TIM_CounterModeConfig                    0x08001fcf   Thumb Code    18  stm32f4xx_tim.o(.text)
    TIM_SetCounter                           0x08001fe1   Thumb Code     4  stm32f4xx_tim.o(.text)
    TIM_SetAutoreload                        0x08001fe5   Thumb Code     4  stm32f4xx_tim.o(.text)
    TIM_GetCounter                           0x08001fe9   Thumb Code     6  stm32f4xx_tim.o(.text)
    TIM_GetPrescaler                         0x08001fef   Thumb Code     6  stm32f4xx_tim.o(.text)
    TIM_UpdateDisableConfig                  0x08001ff5   Thumb Code    24  stm32f4xx_tim.o(.text)
    TIM_UpdateRequestConfig                  0x0800200d   Thumb Code    24  stm32f4xx_tim.o(.text)
    TIM_ARRPreloadConfig                     0x08002025   Thumb Code    24  stm32f4xx_tim.o(.text)
    TIM_SelectOnePulseMode                   0x0800203d   Thumb Code    18  stm32f4xx_tim.o(.text)
    TIM_SetClockDivision                     0x0800204f   Thumb Code    18  stm32f4xx_tim.o(.text)
    TIM_Cmd                                  0x08002061   Thumb Code    24  stm32f4xx_tim.o(.text)
    TIM_OC1Init                              0x08002079   Thumb Code   114  stm32f4xx_tim.o(.text)
    TIM_OC2Init                              0x080020eb   Thumb Code   154  stm32f4xx_tim.o(.text)
    TIM_OC3Init                              0x08002185   Thumb Code   204  stm32f4xx_tim.o(.text)
    TIM_OC4Init                              0x08002251   Thumb Code   112  stm32f4xx_tim.o(.text)
    TIM_OCStructInit                         0x080022c1   Thumb Code    20  stm32f4xx_tim.o(.text)
    TIM_SelectOCxM                           0x080022d5   Thumb Code    86  stm32f4xx_tim.o(.text)
    TIM_SetCompare1                          0x0800232b   Thumb Code     4  stm32f4xx_tim.o(.text)
    TIM_SetCompare2                          0x0800232f   Thumb Code     4  stm32f4xx_tim.o(.text)
    TIM_SetCompare3                          0x08002333   Thumb Code     4  stm32f4xx_tim.o(.text)
    TIM_SetCompare4                          0x08002337   Thumb Code     4  stm32f4xx_tim.o(.text)
    TIM_ForcedOC1Config                      0x0800233b   Thumb Code    18  stm32f4xx_tim.o(.text)
    TIM_ForcedOC2Config                      0x0800234d   Thumb Code    26  stm32f4xx_tim.o(.text)
    TIM_ForcedOC3Config                      0x08002367   Thumb Code    18  stm32f4xx_tim.o(.text)
    TIM_ForcedOC4Config                      0x08002379   Thumb Code    26  stm32f4xx_tim.o(.text)
    TIM_OC1PreloadConfig                     0x08002393   Thumb Code    18  stm32f4xx_tim.o(.text)
    TIM_OC2PreloadConfig                     0x080023a5   Thumb Code    26  stm32f4xx_tim.o(.text)
    TIM_OC3PreloadConfig                     0x080023bf   Thumb Code    18  stm32f4xx_tim.o(.text)
    TIM_OC4PreloadConfig                     0x080023d1   Thumb Code    26  stm32f4xx_tim.o(.text)
    TIM_OC1FastConfig                        0x080023eb   Thumb Code    18  stm32f4xx_tim.o(.text)
    TIM_OC2FastConfig                        0x080023fd   Thumb Code    26  stm32f4xx_tim.o(.text)
    TIM_OC3FastConfig                        0x08002417   Thumb Code    18  stm32f4xx_tim.o(.text)
    TIM_OC4FastConfig                        0x08002429   Thumb Code    26  stm32f4xx_tim.o(.text)
    TIM_ClearOC1Ref                          0x08002443   Thumb Code    18  stm32f4xx_tim.o(.text)
    TIM_ClearOC2Ref                          0x08002455   Thumb Code    24  stm32f4xx_tim.o(.text)
    TIM_ClearOC3Ref                          0x0800246d   Thumb Code    18  stm32f4xx_tim.o(.text)
    TIM_ClearOC4Ref                          0x0800247f   Thumb Code    24  stm32f4xx_tim.o(.text)
    TIM_OC1PolarityConfig                    0x08002497   Thumb Code    18  stm32f4xx_tim.o(.text)
    TIM_OC1NPolarityConfig                   0x080024a9   Thumb Code    18  stm32f4xx_tim.o(.text)
    TIM_OC2PolarityConfig                    0x080024bb   Thumb Code    26  stm32f4xx_tim.o(.text)
    TIM_OC2NPolarityConfig                   0x080024d5   Thumb Code    26  stm32f4xx_tim.o(.text)
    TIM_OC3PolarityConfig                    0x080024ef   Thumb Code    26  stm32f4xx_tim.o(.text)
    TIM_OC3NPolarityConfig                   0x08002509   Thumb Code    26  stm32f4xx_tim.o(.text)
    TIM_OC4PolarityConfig                    0x08002523   Thumb Code    26  stm32f4xx_tim.o(.text)
    TIM_CCxCmd                               0x0800253d   Thumb Code    30  stm32f4xx_tim.o(.text)
    TIM_CCxNCmd                              0x0800255b   Thumb Code    30  stm32f4xx_tim.o(.text)
    TIM_SetIC4Prescaler                      0x08002579   Thumb Code    26  stm32f4xx_tim.o(.text)
    TIM_SetIC3Prescaler                      0x080025e3   Thumb Code    18  stm32f4xx_tim.o(.text)
    TIM_SetIC2Prescaler                      0x0800263d   Thumb Code    26  stm32f4xx_tim.o(.text)
    TIM_SetIC1Prescaler                      0x080026b1   Thumb Code    18  stm32f4xx_tim.o(.text)
    TIM_ICInit                               0x080026fd   Thumb Code   110  stm32f4xx_tim.o(.text)
    TIM_ICStructInit                         0x0800276b   Thumb Code    18  stm32f4xx_tim.o(.text)
    TIM_PWMIConfig                           0x0800277d   Thumb Code   124  stm32f4xx_tim.o(.text)
    TIM_GetCapture1                          0x080027f9   Thumb Code     6  stm32f4xx_tim.o(.text)
    TIM_GetCapture2                          0x080027ff   Thumb Code     6  stm32f4xx_tim.o(.text)
    TIM_GetCapture3                          0x08002805   Thumb Code     6  stm32f4xx_tim.o(.text)
    TIM_GetCapture4                          0x0800280b   Thumb Code     6  stm32f4xx_tim.o(.text)
    TIM_BDTRConfig                           0x08002811   Thumb Code    32  stm32f4xx_tim.o(.text)
    TIM_BDTRStructInit                       0x08002831   Thumb Code    18  stm32f4xx_tim.o(.text)
    TIM_CtrlPWMOutputs                       0x08002843   Thumb Code    30  stm32f4xx_tim.o(.text)
    TIM_SelectCOM                            0x08002861   Thumb Code    24  stm32f4xx_tim.o(.text)
    TIM_CCPreloadControl                     0x08002879   Thumb Code    24  stm32f4xx_tim.o(.text)
    TIM_ITConfig                             0x08002891   Thumb Code    18  stm32f4xx_tim.o(.text)
    TIM_GenerateEvent                        0x080028a3   Thumb Code     4  stm32f4xx_tim.o(.text)
    TIM_GetFlagStatus                        0x080028a7   Thumb Code    18  stm32f4xx_tim.o(.text)
    TIM_ClearFlag                            0x080028b9   Thumb Code     6  stm32f4xx_tim.o(.text)
    TIM_GetITStatus                          0x080028bf   Thumb Code    34  stm32f4xx_tim.o(.text)
    TIM_ClearITPendingBit                    0x080028e1   Thumb Code     6  stm32f4xx_tim.o(.text)
    TIM_DMAConfig                            0x080028e7   Thumb Code    10  stm32f4xx_tim.o(.text)
    TIM_DMACmd                               0x080028f1   Thumb Code    18  stm32f4xx_tim.o(.text)
    TIM_SelectCCDMA                          0x08002903   Thumb Code    24  stm32f4xx_tim.o(.text)
    TIM_InternalClockConfig                  0x0800291b   Thumb Code    12  stm32f4xx_tim.o(.text)
    TIM_SelectInputTrigger                   0x08002927   Thumb Code    18  stm32f4xx_tim.o(.text)
    TIM_ITRxExternalClockConfig              0x08002939   Thumb Code    24  stm32f4xx_tim.o(.text)
    TIM_TIxExternalClockConfig               0x08002951   Thumb Code    62  stm32f4xx_tim.o(.text)
    TIM_ETRConfig                            0x0800298f   Thumb Code    28  stm32f4xx_tim.o(.text)
    TIM_ETRClockMode1Config                  0x080029ab   Thumb Code    54  stm32f4xx_tim.o(.text)
    TIM_ETRClockMode2Config                  0x080029e1   Thumb Code    32  stm32f4xx_tim.o(.text)
    TIM_SelectOutputTrigger                  0x08002a01   Thumb Code    18  stm32f4xx_tim.o(.text)
    TIM_SelectSlaveMode                      0x08002a13   Thumb Code    18  stm32f4xx_tim.o(.text)
    TIM_SelectMasterSlaveMode                0x08002a25   Thumb Code    18  stm32f4xx_tim.o(.text)
    TIM_EncoderInterfaceConfig               0x08002a37   Thumb Code    66  stm32f4xx_tim.o(.text)
    TIM_SelectHallSensor                     0x08002a79   Thumb Code    24  stm32f4xx_tim.o(.text)
    TIM_RemapConfig                          0x08002a91   Thumb Code     6  stm32f4xx_tim.o(.text)
    USART_DeInit                             0x08002a99   Thumb Code   206  stm32f4xx_usart.o(.text)
    USART_Init                               0x08002b67   Thumb Code   204  stm32f4xx_usart.o(.text)
    USART_StructInit                         0x08002c33   Thumb Code    24  stm32f4xx_usart.o(.text)
    USART_ClockInit                          0x08002c4b   Thumb Code    32  stm32f4xx_usart.o(.text)
    USART_ClockStructInit                    0x08002c6b   Thumb Code    12  stm32f4xx_usart.o(.text)
    USART_Cmd                                0x08002c77   Thumb Code    24  stm32f4xx_usart.o(.text)
    USART_SetPrescaler                       0x08002c8f   Thumb Code    16  stm32f4xx_usart.o(.text)
    USART_OverSampling8Cmd                   0x08002c9f   Thumb Code    22  stm32f4xx_usart.o(.text)
    USART_OneBitMethodCmd                    0x08002cb5   Thumb Code    24  stm32f4xx_usart.o(.text)
    USART_SendData                           0x08002ccd   Thumb Code     8  stm32f4xx_usart.o(.text)
    USART_ReceiveData                        0x08002cd5   Thumb Code    10  stm32f4xx_usart.o(.text)
    USART_SetAddress                         0x08002cdf   Thumb Code    18  stm32f4xx_usart.o(.text)
    USART_ReceiverWakeUpCmd                  0x08002cf1   Thumb Code    24  stm32f4xx_usart.o(.text)
    USART_WakeUpConfig                       0x08002d09   Thumb Code    18  stm32f4xx_usart.o(.text)
    USART_LINBreakDetectLengthConfig         0x08002d1b   Thumb Code    18  stm32f4xx_usart.o(.text)
    USART_LINCmd                             0x08002d2d   Thumb Code    24  stm32f4xx_usart.o(.text)
    USART_SendBreak                          0x08002d45   Thumb Code    10  stm32f4xx_usart.o(.text)
    USART_HalfDuplexCmd                      0x08002d4f   Thumb Code    24  stm32f4xx_usart.o(.text)
    USART_SetGuardTime                       0x08002d67   Thumb Code    16  stm32f4xx_usart.o(.text)
    USART_SmartCardCmd                       0x08002d77   Thumb Code    24  stm32f4xx_usart.o(.text)
    USART_SmartCardNACKCmd                   0x08002d8f   Thumb Code    24  stm32f4xx_usart.o(.text)
    USART_IrDAConfig                         0x08002da7   Thumb Code    18  stm32f4xx_usart.o(.text)
    USART_IrDACmd                            0x08002db9   Thumb Code    24  stm32f4xx_usart.o(.text)
    USART_DMACmd                             0x08002dd1   Thumb Code    18  stm32f4xx_usart.o(.text)
    USART_ITConfig                           0x08002de3   Thumb Code    74  stm32f4xx_usart.o(.text)
    USART_GetFlagStatus                      0x08002e2d   Thumb Code    26  stm32f4xx_usart.o(.text)
    USART_ClearFlag                          0x08002e47   Thumb Code    18  stm32f4xx_usart.o(.text)
    USART_GetITStatus                        0x08002e59   Thumb Code   118  stm32f4xx_usart.o(.text)
    USART_ClearITPendingBit                  0x08002ecf   Thumb Code    30  stm32f4xx_usart.o(.text)
    NVIC_PriorityGroupConfig                 0x08002eed   Thumb Code    10  misc.o(.text)
    NVIC_Init                                0x08002ef7   Thumb Code   106  misc.o(.text)
    NVIC_SetVectorTable                      0x08002f61   Thumb Code    14  misc.o(.text)
    NVIC_SystemLPConfig                      0x08002f6f   Thumb Code    34  misc.o(.text)
    SysTick_CLKSourceConfig                  0x08002f91   Thumb Code    40  misc.o(.text)
    Delay(unsigned)                          0x08002fcd   Thumb Code    20  delay.o(.text)
    TimingDelay_Decrement()                  0x08002fe1   Thumb Code    18  delay.o(.text)
    EXTI0_IRQHandler                         0x08002ff9   Thumb Code    30  digital.o(.text)
    EXTI1_IRQHandler                         0x08003017   Thumb Code    30  digital.o(.text)
    EXTI2_IRQHandler                         0x08003035   Thumb Code    30  digital.o(.text)
    EXTI3_IRQHandler                         0x08003053   Thumb Code    30  digital.o(.text)
    EXTI4_IRQHandler                         0x08003071   Thumb Code    30  digital.o(.text)
    EXTI9_5_IRQHandler                       0x0800308f   Thumb Code   142  digital.o(.text)
    EXTI15_10_IRQHandler                     0x0800311d   Thumb Code   184  digital.o(.text)
    DigitalIn::DigitalIn(GPIO_common)        0x080031d5   Thumb Code   248  digital.o(.text)
    DigitalIn::DigitalIn__sub_object(GPIO_common) 0x080031d5   Thumb Code     0  digital.o(.text)
    DigitalIn::mode(GPIOPuPd_TypeDef)        0x080032cd   Thumb Code    36  digital.o(.text)
    DigitalIn::read()                        0x080032f1   Thumb Code    30  digital.o(.text)
    DigitalIn::operator int()                0x0800330f   Thumb Code    30  digital.o(.text)
    DigitalOut::DigitalOut(GPIO_common)      0x0800332d   Thumb Code   308  digital.o(.text)
    DigitalOut::DigitalOut__sub_object(GPIO_common) 0x0800332d   Thumb Code     0  digital.o(.text)
    DigitalOut::write(int)                   0x08003461   Thumb Code    18  digital.o(.text)
    DigitalOut::read()                       0x08003473   Thumb Code    20  digital.o(.text)
    DigitalOut::operator =(int)              0x08003487   Thumb Code    18  digital.o(.text)
    DigitalOut::operator int()               0x08003499   Thumb Code    12  digital.o(.text)
    InterruptIn::InterruptIn(GPIO_common)    0x080034a5   Thumb Code   604  digital.o(.text)
    InterruptIn::InterruptIn__sub_object(GPIO_common) 0x080034a5   Thumb Code     0  digital.o(.text)
    InterruptIn::rise(void(*)())             0x08003701   Thumb Code    52  digital.o(.text)
    InterruptIn::fall(void(*)())             0x08003735   Thumb Code    52  digital.o(.text)
    InterruptIn::risefall(void(*)())         0x08003769   Thumb Code    52  digital.o(.text)
    InterruptIn::mode(GPIOPuPd_TypeDef)      0x0800379d   Thumb Code    36  digital.o(.text)
    Systick_Init()                           0x080037f5   Thumb Code    82  systick.o(.text)
    TIM1_CC_IRQHandler                       0x08003855   Thumb Code   124  timer.o(.text)
    TIM1_UP_TIM10_IRQHandler                 0x080038d1   Thumb Code    94  timer.o(.text)
    TIM2_IRQHandler                          0x0800392f   Thumb Code   154  timer.o(.text)
    TIM3_IRQHandler                          0x080039c9   Thumb Code   154  timer.o(.text)
    TIM4_IRQHandler                          0x08003a63   Thumb Code   154  timer.o(.text)
    TIM5_IRQHandler                          0x08003afd   Thumb Code   154  timer.o(.text)
    TIM6_DAC_IRQHandler                      0x08003b97   Thumb Code    34  timer.o(.text)
    TIM7_IRQHandler                          0x08003bb9   Thumb Code    34  timer.o(.text)
    TIM8_CC_IRQHandler                       0x08003bdb   Thumb Code   176  timer.o(.text)
    TIM8_UP_TIM13_IRQHandler                 0x08003c8b   Thumb Code    94  timer.o(.text)
    TIM1_BRK_TIM9_IRQHandler                 0x08003ce9   Thumb Code    94  timer.o(.text)
    TIM1_TRG_COM_TIM11_IRQHandler            0x08003d47   Thumb Code    64  timer.o(.text)
    TIM8_BRK_TIM12_IRQHandler                0x08003d87   Thumb Code    94  timer.o(.text)
    TIM8_TRG_COM_TIM14_IRQHandler            0x08003de5   Thumb Code    64  timer.o(.text)
    Ticker::Ticker(TIM_TypeDef*)             0x08003e25   Thumb Code   746  timer.o(.text)
    Ticker::Ticker__sub_object(TIM_TypeDef*) 0x08003e25   Thumb Code     0  timer.o(.text)
    Ticker::attach(void(*)(), int)           0x0800410f   Thumb Code   164  timer.o(.text)
    Ticker::attach_us(void(*)(), int)        0x080041b3   Thumb Code   152  timer.o(.text)
    Ticker::detach()                         0x0800424b   Thumb Code    10  timer.o(.text)
    TimeOut::TimeOut(TIM_TypeDef*)           0x08004255   Thumb Code   748  timer.o(.text)
    TimeOut::TimeOut__sub_object(TIM_TypeDef*) 0x08004255   Thumb Code     0  timer.o(.text)
    TimeOut::set(int)                        0x08004541   Thumb Code   150  timer.o(.text)
    TimeOut::attach(void(*)(), int)          0x080045d7   Thumb Code    34  timer.o(.text)
    TimeOut::set_us(int)                     0x080045f9   Thumb Code   138  timer.o(.text)
    TimeOut::attach_us(void(*)(), int)       0x08004683   Thumb Code    34  timer.o(.text)
    TimeOut::detach()                        0x080046a5   Thumb Code    22  timer.o(.text)
    TimeOut::start()                         0x080046bb   Thumb Code    22  timer.o(.text)
    TimeOut::end()                           0x080046d1   Thumb Code    16  timer.o(.text)
    Timer::Timer(TIM_TypeDef*)               0x080046e1   Thumb Code   400  timer.o(.text)
    Timer::Timer__sub_object(TIM_TypeDef*)   0x080046e1   Thumb Code     0  timer.o(.text)
    Timer::start()                           0x08004871   Thumb Code    14  timer.o(.text)
    Timer::stop()                            0x0800487f   Thumb Code    14  timer.o(.text)
    Timer::reset()                           0x0800488d   Thumb Code    14  timer.o(.text)
    Timer::read_us()                         0x0800489b   Thumb Code    12  timer.o(.text)
    Timer::read_ms()                         0x080048a7   Thumb Code    90  timer.o(.text)
    Timer::read()                            0x08004901   Thumb Code    20  timer.o(.text)
    PwmOut::prescaler()                      0x08004915   Thumb Code   154  timer.o(.text)
    PwmOut::period()                         0x080049af   Thumb Code    92  timer.o(.text)
    PwmOut::PwmOut(GPIO_common, int, TIM_common) 0x08004a0b   Thumb Code   648  timer.o(.text)
    PwmOut::PwmOut__sub_object(GPIO_common, int, TIM_common) 0x08004a0b   Thumb Code     0  timer.o(.text)
    PwmOut::enable_irq()                     0x08004c93   Thumb Code   346  timer.o(.text)
    PwmOut::attach(void(*)())                0x08004ded   Thumb Code    20  timer.o(.text)
    PwmOut::detach()                         0x08004e01   Thumb Code    10  timer.o(.text)
    PwmOut::write(float)                     0x08004e0b   Thumb Code   144  timer.o(.text)
    PwmOut::freq(int)                        0x08004e9b   Thumb Code    66  timer.o(.text)
    PwmOut::operator =(float)                0x08004edd   Thumb Code    22  timer.o(.text)
    PwmOut::read()                           0x08004ef3   Thumb Code     6  timer.o(.text)
    PwmOut::operator float()                 0x08004ef9   Thumb Code    12  timer.o(.text)
    Serial::receive()                        0x08004f19   Thumb Code    56  serial.o(.text)
    USART1_IRQHandler                        0x08004f51   Thumb Code    88  serial.o(.text)
    USART2_IRQHandler                        0x08004fa9   Thumb Code    88  serial.o(.text)
    USART3_IRQHandler                        0x08005001   Thumb Code    88  serial.o(.text)
    UART4_IRQHandler                         0x08005059   Thumb Code    88  serial.o(.text)
    UART5_IRQHandler                         0x080050b1   Thumb Code    88  serial.o(.text)
    USART6_IRQHandler                        0x08005109   Thumb Code    88  serial.o(.text)
    Serial::Serial(USART_TypeDef*, GPIO_common, GPIO_common) 0x08005161   Thumb Code   998  serial.o(.text)
    Serial::Serial__sub_object(USART_TypeDef*, GPIO_common, GPIO_common) 0x08005161   Thumb Code     0  serial.o(.text)
    Serial::baud(int)                        0x08005547   Thumb Code    62  serial.o(.text)
    Serial::write(char*, char)               0x08005585   Thumb Code    78  serial.o(.text)
    Serial::write_b(char*, char)             0x080055d3   Thumb Code    90  serial.o(.text)
    Serial::read(char*)                      0x0800562d   Thumb Code   136  serial.o(.text)
    Serial::read_b(char*)                    0x080056b5   Thumb Code    28  serial.o(.text)
    Serial::timeout(char)                    0x080056d1   Thumb Code     6  serial.o(.text)
    CAN1_RX0_IRQHandler                      0x080056f1   Thumb Code    42  can.o(.text)
    CAN2_RX1_IRQHandler                      0x0800571b   Thumb Code    42  can.o(.text)
    CAN::CAN(CAN_TypeDef*, GPIO_common, GPIO_common) 0x08005745   Thumb Code   650  can.o(.text)
    CAN::CAN__sub_object(CAN_TypeDef*, GPIO_common, GPIO_common) 0x08005745   Thumb Code     0  can.o(.text)
    CAN::attach(void(*)())                   0x080059cf   Thumb Code    40  can.o(.text)
    CAN::write(char, char*, char)            0x080059f7   Thumb Code    98  can.o(.text)
    CAN::write_b(char, char*, char)          0x08005a59   Thumb Code   114  can.o(.text)
    CAN::read(char*)                         0x08005acb   Thumb Code   108  can.o(.text)
    I2C1_EV_IRQHandler                       0x08005b39   Thumb Code   366  i2c.o(.text)
    I2C1_ER_IRQHandler                       0x08005ca7   Thumb Code    40  i2c.o(.text)
    I2C2_EV_IRQHandler                       0x08005ccf   Thumb Code   366  i2c.o(.text)
    I2C2_ER_IRQHandler                       0x08005e3d   Thumb Code    40  i2c.o(.text)
    I2C3_EV_IRQHandler                       0x08005e65   Thumb Code   394  i2c.o(.text)
    I2C3_ER_IRQHandler                       0x08005fef   Thumb Code    40  i2c.o(.text)
    I2C::I2C(I2C_TypeDef*, GPIO_common, GPIO_common) 0x08006017   Thumb Code   638  i2c.o(.text)
    I2C::I2C__sub_object(I2C_TypeDef*, GPIO_common, GPIO_common) 0x08006017   Thumb Code     0  i2c.o(.text)
    I2C::release()                           0x08006295   Thumb Code    14  i2c.o(.text)
    I2C::read(char, char*, char)             0x080062a3   Thumb Code   228  i2c.o(.text)
    I2C::write(char, char*, char)            0x08006387   Thumb Code   120  i2c.o(.text)
    I2C::write_b(char, char*, char)          0x080063ff   Thumb Code   188  i2c.o(.text)
    Push()                                   0x080064c1   Thumb Code    28  main.o(.text)
    main                                     0x080064dd   Thumb Code    84  main.o(.text)
    __use_two_region_memory                  0x08006599   Thumb Code     2  heapauxi.o(.text)
    __rt_heap_escrow$2region                 0x0800659b   Thumb Code     2  heapauxi.o(.text)
    __rt_heap_expand$2region                 0x0800659d   Thumb Code     2  heapauxi.o(.text)
    __cpp_initialize__aeabi_                 0x080065a1   Thumb Code    26  init_aeabi.o(.text)
    __user_setup_stackheap                   0x080065c5   Thumb Code    74  sys_stackheap_outer.o(.text)
    exit                                     0x0800660f   Thumb Code    12  exit.o(.text)
    __user_libspace                          0x0800661d   Thumb Code     8  libspace.o(.text)
    __user_perproc_libspace                  0x0800661d   Thumb Code     0  libspace.o(.text)
    __user_perthread_libspace                0x0800661d   Thumb Code     0  libspace.o(.text)
    __I$use$semihosting                      0x08006625   Thumb Code     0  use_no_semi.o(.text)
    __use_no_semihosting_swi                 0x08006625   Thumb Code     2  use_no_semi.o(.text)
    __semihosting_library_function           0x08006627   Thumb Code     0  indicate_semi.o(.text)
    _sys_exit                                0x08006629   Thumb Code     8  sys_exit.o(.text)
    _fp_init                                 0x08006635   Thumb Code    10  fpinit.o(x$fpl$fpinit)
    __fplib_config_fpu_vfp                   0x0800663d   Thumb Code     0  fpinit.o(x$fpl$fpinit)
    __fplib_config_pureend_doubles           0x0800663d   Thumb Code     0  fpinit.o(x$fpl$fpinit)
    Region$$Table$$Base                      0x08006650   Number         0  anon$$obj.o(Region$$Table)
    Region$$Table$$Limit                     0x08006670   Number         0  anon$$obj.o(Region$$Table)
    SHT$$INIT_ARRAY$$Base                    0x08006670   Number         0  main.o(.init_array)
    SHT$$INIT_ARRAY$$Limit                   0x08006674   Number         0  init_aeabi.o(.init_array)
    SystemCoreClock                          0x20000000   Data           4  system_stm32f4xx.o(.data)
    AHBPrescTable                            0x20000004   Data          16  system_stm32f4xx.o(.data)
    PA0                                      0x20000024   Data          12  common.o(.data)
    PA1                                      0x20000030   Data          12  common.o(.data)
    PA2                                      0x2000003c   Data          12  common.o(.data)
    PA3                                      0x20000048   Data          12  common.o(.data)
    PA4                                      0x20000054   Data          12  common.o(.data)
    PA5                                      0x20000060   Data          12  common.o(.data)
    PA6                                      0x2000006c   Data          12  common.o(.data)
    PA7                                      0x20000078   Data          12  common.o(.data)
    PA8                                      0x20000084   Data          12  common.o(.data)
    PA9                                      0x20000090   Data          12  common.o(.data)
    PA10                                     0x2000009c   Data          12  common.o(.data)
    PA11                                     0x200000a8   Data          12  common.o(.data)
    PA12                                     0x200000b4   Data          12  common.o(.data)
    PA13                                     0x200000c0   Data          12  common.o(.data)
    PA14                                     0x200000cc   Data          12  common.o(.data)
    PA15                                     0x200000d8   Data          12  common.o(.data)
    PB0                                      0x200000e4   Data          12  common.o(.data)
    PB1                                      0x200000f0   Data          12  common.o(.data)
    PB2                                      0x200000fc   Data          12  common.o(.data)
    PB3                                      0x20000108   Data          12  common.o(.data)
    PB4                                      0x20000114   Data          12  common.o(.data)
    PB5                                      0x20000120   Data          12  common.o(.data)
    PB6                                      0x2000012c   Data          12  common.o(.data)
    PB7                                      0x20000138   Data          12  common.o(.data)
    PB8                                      0x20000144   Data          12  common.o(.data)
    PB9                                      0x20000150   Data          12  common.o(.data)
    PB10                                     0x2000015c   Data          12  common.o(.data)
    PB11                                     0x20000168   Data          12  common.o(.data)
    PB12                                     0x20000174   Data          12  common.o(.data)
    PB13                                     0x20000180   Data          12  common.o(.data)
    PB14                                     0x2000018c   Data          12  common.o(.data)
    PB15                                     0x20000198   Data          12  common.o(.data)
    PC0                                      0x200001a4   Data          12  common.o(.data)
    PC1                                      0x200001b0   Data          12  common.o(.data)
    PC2                                      0x200001bc   Data          12  common.o(.data)
    PC3                                      0x200001c8   Data          12  common.o(.data)
    PC4                                      0x200001d4   Data          12  common.o(.data)
    PC5                                      0x200001e0   Data          12  common.o(.data)
    PC6                                      0x200001ec   Data          12  common.o(.data)
    PC7                                      0x200001f8   Data          12  common.o(.data)
    PC8                                      0x20000204   Data          12  common.o(.data)
    PC9                                      0x20000210   Data          12  common.o(.data)
    PC10                                     0x2000021c   Data          12  common.o(.data)
    PC11                                     0x20000228   Data          12  common.o(.data)
    PC12                                     0x20000234   Data          12  common.o(.data)
    PC13                                     0x20000240   Data          12  common.o(.data)
    PC14                                     0x2000024c   Data          12  common.o(.data)
    PC15                                     0x20000258   Data          12  common.o(.data)
    PD0                                      0x20000264   Data          12  common.o(.data)
    PD1                                      0x20000270   Data          12  common.o(.data)
    PD2                                      0x2000027c   Data          12  common.o(.data)
    PD3                                      0x20000288   Data          12  common.o(.data)
    PD4                                      0x20000294   Data          12  common.o(.data)
    PD5                                      0x200002a0   Data          12  common.o(.data)
    PD6                                      0x200002ac   Data          12  common.o(.data)
    PD7                                      0x200002b8   Data          12  common.o(.data)
    PD8                                      0x200002c4   Data          12  common.o(.data)
    PD9                                      0x200002d0   Data          12  common.o(.data)
    PD10                                     0x200002dc   Data          12  common.o(.data)
    PD11                                     0x200002e8   Data          12  common.o(.data)
    PD12                                     0x200002f4   Data          12  common.o(.data)
    PD13                                     0x20000300   Data          12  common.o(.data)
    PD14                                     0x2000030c   Data          12  common.o(.data)
    PD15                                     0x20000318   Data          12  common.o(.data)
    PE0                                      0x20000324   Data          12  common.o(.data)
    PE1                                      0x20000330   Data          12  common.o(.data)
    PE2                                      0x2000033c   Data          12  common.o(.data)
    PE3                                      0x20000348   Data          12  common.o(.data)
    PE4                                      0x20000354   Data          12  common.o(.data)
    PE5                                      0x20000360   Data          12  common.o(.data)
    PE6                                      0x2000036c   Data          12  common.o(.data)
    PE7                                      0x20000378   Data          12  common.o(.data)
    PE8                                      0x20000384   Data          12  common.o(.data)
    PE9                                      0x20000390   Data          12  common.o(.data)
    PE10                                     0x2000039c   Data          12  common.o(.data)
    PE11                                     0x200003a8   Data          12  common.o(.data)
    PE12                                     0x200003b4   Data          12  common.o(.data)
    PE13                                     0x200003c0   Data          12  common.o(.data)
    PE14                                     0x200003cc   Data          12  common.o(.data)
    PE15                                     0x200003d8   Data          12  common.o(.data)
    PF0                                      0x200003e4   Data          12  common.o(.data)
    PF1                                      0x200003f0   Data          12  common.o(.data)
    PF2                                      0x200003fc   Data          12  common.o(.data)
    PF3                                      0x20000408   Data          12  common.o(.data)
    PF4                                      0x20000414   Data          12  common.o(.data)
    PF5                                      0x20000420   Data          12  common.o(.data)
    PF6                                      0x2000042c   Data          12  common.o(.data)
    PF7                                      0x20000438   Data          12  common.o(.data)
    PF8                                      0x20000444   Data          12  common.o(.data)
    PF9                                      0x20000450   Data          12  common.o(.data)
    PF10                                     0x2000045c   Data          12  common.o(.data)
    PF11                                     0x20000468   Data          12  common.o(.data)
    PF12                                     0x20000474   Data          12  common.o(.data)
    PF13                                     0x20000480   Data          12  common.o(.data)
    PF14                                     0x2000048c   Data          12  common.o(.data)
    PF15                                     0x20000498   Data          12  common.o(.data)
    PG0                                      0x200004a4   Data          12  common.o(.data)
    PG1                                      0x200004b0   Data          12  common.o(.data)
    PG2                                      0x200004bc   Data          12  common.o(.data)
    PG3                                      0x200004c8   Data          12  common.o(.data)
    PG4                                      0x200004d4   Data          12  common.o(.data)
    PG5                                      0x200004e0   Data          12  common.o(.data)
    PG6                                      0x200004ec   Data          12  common.o(.data)
    PG7                                      0x200004f8   Data          12  common.o(.data)
    PG8                                      0x20000504   Data          12  common.o(.data)
    PG9                                      0x20000510   Data          12  common.o(.data)
    PG10                                     0x2000051c   Data          12  common.o(.data)
    PG11                                     0x20000528   Data          12  common.o(.data)
    PG12                                     0x20000534   Data          12  common.o(.data)
    PG13                                     0x20000540   Data          12  common.o(.data)
    PG14                                     0x2000054c   Data          12  common.o(.data)
    PG15                                     0x20000558   Data          12  common.o(.data)
    TIM1_CH1                                 0x20000564   Data           8  common.o(.data)
    TIM1_CH2                                 0x2000056c   Data           8  common.o(.data)
    TIM1_CH3                                 0x20000574   Data           8  common.o(.data)
    TIM1_CH4                                 0x2000057c   Data           8  common.o(.data)
    TIM2_CH1                                 0x20000584   Data           8  common.o(.data)
    TIM2_CH2                                 0x2000058c   Data           8  common.o(.data)
    TIM2_CH3                                 0x20000594   Data           8  common.o(.data)
    TIM2_CH4                                 0x2000059c   Data           8  common.o(.data)
    TIM3_CH1                                 0x200005a4   Data           8  common.o(.data)
    TIM3_CH2                                 0x200005ac   Data           8  common.o(.data)
    TIM3_CH3                                 0x200005b4   Data           8  common.o(.data)
    TIM3_CH4                                 0x200005bc   Data           8  common.o(.data)
    TIM4_CH1                                 0x200005c4   Data           8  common.o(.data)
    TIM4_CH2                                 0x200005cc   Data           8  common.o(.data)
    TIM4_CH3                                 0x200005d4   Data           8  common.o(.data)
    TIM4_CH4                                 0x200005dc   Data           8  common.o(.data)
    TIM5_CH1                                 0x200005e4   Data           8  common.o(.data)
    TIM5_CH2                                 0x200005ec   Data           8  common.o(.data)
    TIM5_CH3                                 0x200005f4   Data           8  common.o(.data)
    TIM5_CH4                                 0x200005fc   Data           8  common.o(.data)
    TIM8_CH1                                 0x20000604   Data           8  common.o(.data)
    TIM8_CH2                                 0x2000060c   Data           8  common.o(.data)
    TIM8_CH3                                 0x20000614   Data           8  common.o(.data)
    TIM8_CH4                                 0x2000061c   Data           8  common.o(.data)
    TIM9_CH1                                 0x20000624   Data           8  common.o(.data)
    TIM9_CH2                                 0x2000062c   Data           8  common.o(.data)
    TIM10_CH1                                0x20000634   Data           8  common.o(.data)
    TIM11_CH1                                0x2000063c   Data           8  common.o(.data)
    TIM12_CH1                                0x20000644   Data           8  common.o(.data)
    TIM12_CH2                                0x2000064c   Data           8  common.o(.data)
    TIM13_CH1                                0x20000654   Data           8  common.o(.data)
    TIM14_CH1                                0x2000065c   Data           8  common.o(.data)
    serial1                                  0x20000668   Data           4  serial.o(.data)
    serial2                                  0x2000066c   Data           4  serial.o(.data)
    serial3                                  0x20000670   Data           4  serial.o(.data)
    serial4                                  0x20000674   Data           4  serial.o(.data)
    serial5                                  0x20000678   Data           4  serial.o(.data)
    serial6                                  0x2000067c   Data           4  serial.o(.data)
    CAN1_rxFlag                              0x20000680   Data           1  can.o(.data)
    CAN2_rxFlag                              0x20000681   Data           1  can.o(.data)
    canAttach                                0x20000682   Data           2  can.o(.data)
    canInterrupt                             0x20000684   Data           8  can.o(.data)
    str                                      0x2000068c   Data           4  main.o(.data)
    ExternalInterruptAttach                  0x20000690   Data          16  digital.o(.bss)
    ExternalInterruptPin                     0x200006a0   Data          64  digital.o(.bss)
    timUpdateAttach                          0x200006e0   Data          14  timer.o(.bss)
    TimUpdateInterrupt                       0x200006f0   Data          56  timer.o(.bss)
    timCCAttach                              0x20000728   Data          32  timer.o(.bss)
    TimCCInterrupt                           0x20000748   Data         128  timer.o(.bss)
    USART1_var                               0x200007c8   Data         515  serial.o(.bss)
    USART2_var                               0x200009cb   Data         515  serial.o(.bss)
    USART3_var                               0x20000bce   Data         515  serial.o(.bss)
    UART4_var                                0x20000dd1   Data         515  serial.o(.bss)
    UART5_var                                0x20000fd4   Data         515  serial.o(.bss)
    USART6_var                               0x200011d7   Data         515  serial.o(.bss)
    CAN1_rxMessage                           0x200013dc   Data          20  can.o(.bss)
    CAN2_rxMessage                           0x200013f0   Data          20  can.o(.bss)
    I2C1_var                                 0x20001404   Data          69  i2c.o(.bss)
    I2C2_var                                 0x20001449   Data          69  i2c.o(.bss)
    I2C3_var                                 0x2000148e   Data          69  i2c.o(.bss)
    led4                                     0x200014d4   Data          12  main.o(.bss)
    led6                                     0x200014e0   Data          12  main.o(.bss)
    pushButton                               0x200014ec   Data          16  main.o(.bss)
    serial                                   0x200014fc   Data         556  main.o(.bss)
    __libspace_start                         0x20001728   Data          96  libspace.o(.bss)
    __temporary_stack_top$libspace           0x20001788   Data           0  libspace.o(.bss)



==============================================================================

Memory Map of the image

  Image Entry point : 0x08000189

  Load Region LR_IROM1 (Base: 0x08000000, Size: 0x00006d04, Max: 0x00200000, ABSOLUTE, COMPRESSED[0x000068ac])

    Execution Region ER_IROM1 (Base: 0x08000000, Size: 0x00006674, Max: 0x00200000, ABSOLUTE)

    Base Addr    Size         Type   Attr      Idx    E Section Name        Object

    0x08000000   0x00000188   Data   RO          181    RESET               startup_stm32f40xx.o
    0x08000188   0x00000008   Code   RO         1227  * !!!main             c_w.l(__main.o)
    0x08000190   0x00000034   Code   RO         1391    !!!scatter          c_w.l(__scatter.o)
    0x080001c4   0x00000064   Code   RO         1389    !!dclz77c           c_w.l(__dclz77c.o)
    0x08000228   0x0000001c   Code   RO         1393    !!handler_zi        c_w.l(__scatter_zi.o)
    0x08000244   0x00000002   Code   RO         1313    .ARM.Collect$$libinit$$00000000  c_w.l(libinit.o)
    0x08000246   0x00000004   Code   RO         1236    .ARM.Collect$$libinit$$00000001  c_w.l(libinit2.o)
    0x0800024a   0x00000000   Code   RO         1239    .ARM.Collect$$libinit$$00000004  c_w.l(libinit2.o)
    0x0800024a   0x00000000   Code   RO         1242    .ARM.Collect$$libinit$$0000000A  c_w.l(libinit2.o)
    0x0800024a   0x00000000   Code   RO         1244    .ARM.Collect$$libinit$$0000000C  c_w.l(libinit2.o)
    0x0800024a   0x00000000   Code   RO         1246    .ARM.Collect$$libinit$$0000000E  c_w.l(libinit2.o)
    0x0800024a   0x00000000   Code   RO         1249    .ARM.Collect$$libinit$$00000011  c_w.l(libinit2.o)
    0x0800024a   0x00000000   Code   RO         1251    .ARM.Collect$$libinit$$00000013  c_w.l(libinit2.o)
    0x0800024a   0x00000000   Code   RO         1253    .ARM.Collect$$libinit$$00000015  c_w.l(libinit2.o)
    0x0800024a   0x00000000   Code   RO         1255    .ARM.Collect$$libinit$$00000017  c_w.l(libinit2.o)
    0x0800024a   0x00000000   Code   RO         1257    .ARM.Collect$$libinit$$00000019  c_w.l(libinit2.o)
    0x0800024a   0x00000000   Code   RO         1259    .ARM.Collect$$libinit$$0000001B  c_w.l(libinit2.o)
    0x0800024a   0x00000000   Code   RO         1261    .ARM.Collect$$libinit$$0000001D  c_w.l(libinit2.o)
    0x0800024a   0x00000000   Code   RO         1263    .ARM.Collect$$libinit$$0000001F  c_w.l(libinit2.o)
    0x0800024a   0x00000000   Code   RO         1265    .ARM.Collect$$libinit$$00000021  c_w.l(libinit2.o)
    0x0800024a   0x00000000   Code   RO         1267    .ARM.Collect$$libinit$$00000023  c_w.l(libinit2.o)
    0x0800024a   0x00000000   Code   RO         1269    .ARM.Collect$$libinit$$00000025  c_w.l(libinit2.o)
    0x0800024a   0x00000000   Code   RO         1273    .ARM.Collect$$libinit$$0000002C  c_w.l(libinit2.o)
    0x0800024a   0x00000000   Code   RO         1275    .ARM.Collect$$libinit$$0000002E  c_w.l(libinit2.o)
    0x0800024a   0x00000000   Code   RO         1277    .ARM.Collect$$libinit$$00000030  c_w.l(libinit2.o)
    0x0800024a   0x00000004   Code   RO         1278    .ARM.Collect$$libinit$$00000031  c_w.l(libinit2.o)
    0x0800024e   0x00000000   Code   RO         1279    .ARM.Collect$$libinit$$00000032  c_w.l(libinit2.o)
    0x0800024e   0x00000002   Code   RO         1280    .ARM.Collect$$libinit$$00000033  c_w.l(libinit2.o)
    0x08000250   0x00000002   Code   RO         1351    .ARM.Collect$$libshutdown$$00000000  c_w.l(libshutdown.o)
    0x08000252   0x00000000   Code   RO         1358    .ARM.Collect$$libshutdown$$00000003  c_w.l(libshutdown2.o)
    0x08000252   0x00000000   Code   RO         1361    .ARM.Collect$$libshutdown$$00000006  c_w.l(libshutdown2.o)
    0x08000252   0x00000000   Code   RO         1364    .ARM.Collect$$libshutdown$$00000009  c_w.l(libshutdown2.o)
    0x08000252   0x00000000   Code   RO         1366    .ARM.Collect$$libshutdown$$0000000B  c_w.l(libshutdown2.o)
    0x08000252   0x00000000   Code   RO         1369    .ARM.Collect$$libshutdown$$0000000E  c_w.l(libshutdown2.o)
    0x08000252   0x00000002   Code   RO         1370    .ARM.Collect$$libshutdown$$0000000F  c_w.l(libshutdown2.o)
    0x08000254   0x00000000   Code   RO         1235    .ARM.Collect$$rtentry$$00000000  c_w.l(__rtentry.o)
    0x08000254   0x00000000   Code   RO         1282    .ARM.Collect$$rtentry$$00000002  c_w.l(__rtentry2.o)
    0x08000254   0x00000006   Code   RO         1294    .ARM.Collect$$rtentry$$00000004  c_w.l(__rtentry4.o)
    0x0800025a   0x00000000   Code   RO         1284    .ARM.Collect$$rtentry$$00000009  c_w.l(__rtentry2.o)
    0x0800025a   0x00000004   Code   RO         1285    .ARM.Collect$$rtentry$$0000000A  c_w.l(__rtentry2.o)
    0x0800025e   0x00000000   Code   RO         1287    .ARM.Collect$$rtentry$$0000000C  c_w.l(__rtentry2.o)
    0x0800025e   0x00000008   Code   RO         1288    .ARM.Collect$$rtentry$$0000000D  c_w.l(__rtentry2.o)
    0x08000266   0x00000002   Code   RO         1319    .ARM.Collect$$rtexit$$00000000  c_w.l(rtexit.o)
    0x08000268   0x00000000   Code   RO         1331    .ARM.Collect$$rtexit$$00000002  c_w.l(rtexit2.o)
    0x08000268   0x00000004   Code   RO         1332    .ARM.Collect$$rtexit$$00000003  c_w.l(rtexit2.o)
    0x0800026c   0x00000006   Code   RO         1333    .ARM.Collect$$rtexit$$00000004  c_w.l(rtexit2.o)
    0x08000272   0x00000002   PAD
    0x08000274   0x00000098   Code   RO            3    .text               stm32f4xx_it.o
    0x0800030c   0x000001c8   Code   RO          154    .text               system_stm32f4xx.o
    0x080004d4   0x00000040   Code   RO          182    .text               startup_stm32f40xx.o
    0x08000514   0x000009f0   Code   RO          209    .text               stm32f4xx_can.o
    0x08000f04   0x00000110   Code   RO          440    .text               stm32f4xx_exti.o
    0x08001014   0x00000294   Code   RO          482    .text               stm32f4xx_gpio.o
    0x080012a8   0x00000456   Code   RO          566    .text               stm32f4xx_i2c.o
    0x080016fe   0x00000002   PAD
    0x08001700   0x00000660   Code   RO          650    .text               stm32f4xx_rcc.o
    0x08001d60   0x00000094   Code   RO          778    .text               stm32f4xx_syscfg.o
    0x08001df4   0x00000ca2   Code   RO          799    .text               stm32f4xx_tim.o
    0x08002a96   0x00000002   PAD
    0x08002a98   0x00000454   Code   RO          820    .text               stm32f4xx_usart.o
    0x08002eec   0x000000e0   Code   RO          862    .text               misc.o
    0x08002fcc   0x0000002c   Code   RO          903    .text               delay.o
    0x08002ff8   0x000007fc   Code   RO          929    .text               digital.o
    0x080037f4   0x00000060   Code   RO          956    .text               systick.o
    0x08003854   0x000016c4   Code   RO         1015    .text               timer.o
    0x08004f18   0x000007d8   Code   RO         1042    .text               serial.o
    0x080056f0   0x00000446   Code   RO         1097    .text               can.o
    0x08005b36   0x00000002   PAD
    0x08005b38   0x00000988   Code   RO         1125    .text               i2c.o
    0x080064c0   0x000000d8   Code   RO         1152    .text               main.o
    0x08006598   0x00000006   Code   RO         1225    .text               c_w.l(heapauxi.o)
    0x0800659e   0x00000002   PAD
    0x080065a0   0x00000024   Code   RO         1232    .text               c_w.l(init_aeabi.o)
    0x080065c4   0x0000004a   Code   RO         1300    .text               c_w.l(sys_stackheap_outer.o)
    0x0800660e   0x0000000c   Code   RO         1302    .text               c_w.l(exit.o)
    0x0800661a   0x00000002   PAD
    0x0800661c   0x00000008   Code   RO         1316    .text               c_w.l(libspace.o)
    0x08006624   0x00000002   Code   RO         1327    .text               c_w.l(use_no_semi.o)
    0x08006626   0x00000000   Code   RO         1329    .text               c_w.l(indicate_semi.o)
    0x08006626   0x00000002   PAD
    0x08006628   0x0000000c   Code   RO         1343    .text               c_w.l(sys_exit.o)
    0x08006634   0x0000000a   Code   RO         1298    x$fpl$fpinit        fz_wm.l(fpinit.o)
    0x0800663e   0x00000002   PAD
    0x08006640   0x0000000f   Data   RO         1155    .conststring        main.o
    0x0800664f   0x00000001   PAD
    0x08006650   0x00000020   Data   RO         1387    Region$$Table       anon$$obj.o
    0x08006670   0x00000004   Data   RO         1157    .init_array         main.o
    0x08006674   0x00000000   Data   RO         1230    .init_array         c_w.l(init_aeabi.o)


    Execution Region RW_IRAM1 (Base: 0x20000000, Size: 0x00001d88, Max: 0x00030000, ABSOLUTE, COMPRESSED[0x00000238])

    Base Addr    Size         Type   Attr      Idx    E Section Name        Object

    0x20000000   0x00000014   Data   RW          156    .data               system_stm32f4xx.o
    0x20000014   0x00000010   Data   RW          652    .data               stm32f4xx_rcc.o
    0x20000024   0x00000640   Data   RW          883    .data               common.o
    0x20000664   0x00000004   Data   RW          905    .data               delay.o
    0x20000668   0x00000018   Data   RW         1045    .data               serial.o
    0x20000680   0x0000000c   Data   RW         1100    .data               can.o
    0x2000068c   0x00000004   Data   RW         1156    .data               main.o
    0x20000690   0x00000050   Zero   RW          931    .bss                digital.o
    0x200006e0   0x000000e8   Zero   RW         1017    .bss                timer.o
    0x200007c8   0x00000c12   Zero   RW         1044    .bss                serial.o
    0x200013da   0x00000002   PAD
    0x200013dc   0x00000028   Zero   RW         1099    .bss                can.o
    0x20001404   0x000000cf   Zero   RW         1127    .bss                i2c.o
    0x200014d3   0x00000001   PAD
    0x200014d4   0x00000254   Zero   RW         1154    .bss                main.o
    0x20001728   0x00000060   Zero   RW         1317    .bss                c_w.l(libspace.o)
    0x20001788   0x00000200   Zero   RW          180    HEAP                startup_stm32f40xx.o
    0x20001988   0x00000400   Zero   RW          179    STACK               startup_stm32f40xx.o


==============================================================================

Image component sizes


      Code (inc. data)   RO Data    RW Data    ZI Data      Debug   Object Name

      1094         56          0         12         40       4757   can.o
         0          0          0       1600          0       4830   common.o
        44          6          0          4          0       1150   delay.o
      2044        104          0          0         80       7010   digital.o
      2440         82          0          0        207       5413   i2c.o
       216         44         19          4        596        914   main.o
       224         20          0          0          0       1853   misc.o
      2008        116          0         24       3090       6342   serial.o
        64         26        392          0       1536        908   startup_stm32f40xx.o
      2544         38          0          0          0       8040   stm32f4xx_can.o
       272         10          0          0          0       2299   stm32f4xx_exti.o
       660         44          0          0          0       4149   stm32f4xx_gpio.o
      1110         26          0          0          0       8643   stm32f4xx_i2c.o
       152         24          0          0          0     313206   stm32f4xx_it.o
      1632         54          0         16          0      13040   stm32f4xx_rcc.o
       148         12          0          0          0       1853   stm32f4xx_syscfg.o
      3234         60          0          0          0      22524   stm32f4xx_tim.o
      1108         34          0          0          0       7880   stm32f4xx_usart.o
       456         44          0         20          0       1919   system_stm32f4xx.o
        96         14          0          0          0      27094   systick.o
      5828        362          0          0        232      14145   timer.o

    ----------------------------------------------------------------------
     25380       1176        444       1680       5784     457969   Object Totals
         0          0         32          0          0          0   (incl. Generated)
         6          0          1          0          3          0   (incl. Padding)

    ----------------------------------------------------------------------

      Code (inc. data)   RO Data    RW Data    ZI Data      Debug   Library Member Name

       100          0          0          0          0          0   __dclz77c.o
         8          0          0          0          0         68   __main.o
         0          0          0          0          0          0   __rtentry.o
        12          0          0          0          0          0   __rtentry2.o
         6          0          0          0          0          0   __rtentry4.o
        52          8          0          0          0          0   __scatter.o
        28          0          0          0          0          0   __scatter_zi.o
        12          0          0          0          0         72   exit.o
         6          0          0          0          0        152   heapauxi.o
         0          0          0          0          0          0   indicate_semi.o
        36         10          0          0          0         80   init_aeabi.o
         2          0          0          0          0          0   libinit.o
        10          0          0          0          0          0   libinit2.o
         2          0          0          0          0          0   libshutdown.o
         2          0          0          0          0          0   libshutdown2.o
         8          4          0          0         96         68   libspace.o
         2          0          0          0          0          0   rtexit.o
        10          0          0          0          0          0   rtexit2.o
        12          4          0          0          0         68   sys_exit.o
        74          0          0          0          0         80   sys_stackheap_outer.o
         2          0          0          0          0         68   use_no_semi.o
        10          0          0          0          0        116   fpinit.o

    ----------------------------------------------------------------------
       404         26          0          0         96        772   Library Totals
        10          0          0          0          0          0   (incl. Padding)

    ----------------------------------------------------------------------

      Code (inc. data)   RO Data    RW Data    ZI Data      Debug   Library Name

       384         26          0          0         96        656   c_w.l
        10          0          0          0          0        116   fz_wm.l

    ----------------------------------------------------------------------
       404         26          0          0         96        772   Library Totals

    ----------------------------------------------------------------------

==============================================================================


      Code (inc. data)   RO Data    RW Data    ZI Data      Debug   

     25784       1202        444       1680       5880     453933   Grand Totals
     25784       1202        444        568       5880     453933   ELF Image Totals (compressed)
     25784       1202        444        568          0          0   ROM Totals

==============================================================================

    Total RO  Size (Code + RO Data)                26228 (  25.61kB)
    Total RW  Size (RW Data + ZI Data)              7560 (   7.38kB)
    Total ROM Size (Code + RO Data + RW Data)      26796 (  26.17kB)

==============================================================================

